------------------------------------------------------------
TimeQuest Timing Analyzer Summary
------------------------------------------------------------

Type  : Slow 1200mV 85C Model Setup 'pll|altpll_component|auto_generated|pll1|clk[1]'
Slack : 4.483
TNS   : 0.000

Type  : Slow 1200mV 85C Model Setup 'pll|altpll_component|auto_generated|pll1|clk[0]'
Slack : 5.164
TNS   : 0.000

Type  : Slow 1200mV 85C Model Hold 'pll|altpll_component|auto_generated|pll1|clk[0]'
Slack : 0.357
TNS   : 0.000

Type  : Slow 1200mV 85C Model Hold 'pll|altpll_component|auto_generated|pll1|clk[1]'
Slack : 0.357
TNS   : 0.000

Type  : Slow 1200mV 85C Model Minimum Pulse Width 'pll|altpll_component|auto_generated|pll1|clk[0]'
Slack : 4.742
TNS   : 0.000

Type  : Slow 1200mV 85C Model Minimum Pulse Width 'CLOCK_50'
Slack : 9.747
TNS   : 0.000

Type  : Slow 1200mV 85C Model Minimum Pulse Width 'pll|altpll_component|auto_generated|pll1|clk[1]'
Slack : 9.747
TNS   : 0.000

Type  : Slow 1200mV 0C Model Setup 'pll|altpll_component|auto_generated|pll1|clk[1]'
Slack : 5.042
TNS   : 0.000

Type  : Slow 1200mV 0C Model Setup 'pll|altpll_component|auto_generated|pll1|clk[0]'
Slack : 5.712
TNS   : 0.000

Type  : Slow 1200mV 0C Model Hold 'pll|altpll_component|auto_generated|pll1|clk[0]'
Slack : 0.311
TNS   : 0.000

Type  : Slow 1200mV 0C Model Hold 'pll|altpll_component|auto_generated|pll1|clk[1]'
Slack : 0.312
TNS   : 0.000

Type  : Slow 1200mV 0C Model Minimum Pulse Width 'pll|altpll_component|auto_generated|pll1|clk[0]'
Slack : 4.743
TNS   : 0.000

Type  : Slow 1200mV 0C Model Minimum Pulse Width 'CLOCK_50'
Slack : 9.709
TNS   : 0.000

Type  : Slow 1200mV 0C Model Minimum Pulse Width 'pll|altpll_component|auto_generated|pll1|clk[1]'
Slack : 9.743
TNS   : 0.000

Type  : Fast 1200mV 0C Model Setup 'pll|altpll_component|auto_generated|pll1|clk[1]'
Slack : 6.778
TNS   : 0.000

Type  : Fast 1200mV 0C Model Setup 'pll|altpll_component|auto_generated|pll1|clk[0]'
Slack : 7.283
TNS   : 0.000

Type  : Fast 1200mV 0C Model Hold 'pll|altpll_component|auto_generated|pll1|clk[0]'
Slack : 0.186
TNS   : 0.000

Type  : Fast 1200mV 0C Model Hold 'pll|altpll_component|auto_generated|pll1|clk[1]'
Slack : 0.186
TNS   : 0.000

Type  : Fast 1200mV 0C Model Minimum Pulse Width 'pll|altpll_component|auto_generated|pll1|clk[0]'
Slack : 4.751
TNS   : 0.000

Type  : Fast 1200mV 0C Model Minimum Pulse Width 'CLOCK_50'
Slack : 9.416
TNS   : 0.000

Type  : Fast 1200mV 0C Model Minimum Pulse Width 'pll|altpll_component|auto_generated|pll1|clk[1]'
Slack : 9.782
TNS   : 0.000

------------------------------------------------------------
