Info: Starting: Create block symbol file (.bsf)
Info: qsys-generate H:\Projects\FPGA\Altera\FPGA-LED-Panel\cpu.qsys --block-symbol-file --output-directory=H:\Projects\FPGA\Altera\FPGA-LED-Panel\cpu --family="Cyclone IV E" --part=EP4CE22F17C6
Progress: Loading FPGA-LED-Panel/cpu.qsys
Progress: Reading input file
Progress: Adding clk_50 [clock_source 16.0]
Progress: Parameterizing module clk_50
Progress: Adding cpu [altera_nios2_qsys 16.0]
Progress: Parameterizing module cpu
Progress: Adding jtag_uart [altera_avalon_jtag_uart 16.0]
Progress: Parameterizing module jtag_uart
Progress: Adding led_pio [altera_avalon_pio 16.0]
Progress: Parameterizing module led_pio
Progress: Adding onchip_memory2_0 [altera_avalon_onchip_memory2 16.0]
Progress: Parameterizing module onchip_memory2_0
Progress: Adding sysid [altera_avalon_sysid_qsys 16.0]
Progress: Parameterizing module sysid
Progress: Adding timer [altera_avalon_timer 16.0]
Progress: Parameterizing module timer
Progress: Adding wr_addr_pio [altera_avalon_pio 16.0]
Progress: Parameterizing module wr_addr_pio
Progress: Adding wr_data_pio [altera_avalon_pio 16.0]
Progress: Parameterizing module wr_data_pio
Progress: Adding wr_in_flags [altera_avalon_pio 16.0]
Progress: Parameterizing module wr_in_flags
Progress: Adding wr_out_flags [altera_avalon_pio 16.0]
Progress: Parameterizing module wr_out_flags
Progress: Building connections
Progress: Parameterizing connections
Progress: Validating
Progress: Done reading input file
Warning: cpu.cpu: Nios II Classic cores are no longer recommended for new projects
Info: cpu.jtag_uart: JTAG UART IP input clock need to be at least double (2x) the operating frequency of JTAG TCK on board
Info: cpu.sysid: System ID is not assigned automatically. Edit the System ID parameter to provide a unique ID
Info: cpu.sysid: Time stamp will be automatically updated when this component is generated.
Info: cpu.wr_in_flags: PIO inputs are not hardwired in test bench. Undefined values will be read from PIO inputs during simulation.
Info: qsys-generate succeeded.
Info: Finished: Create block symbol file (.bsf)
Info: 
Info: Starting: Create HDL design files for synthesis
Info: qsys-generate H:\Projects\FPGA\Altera\FPGA-LED-Panel\cpu.qsys --synthesis=VERILOG --output-directory=H:\Projects\FPGA\Altera\FPGA-LED-Panel\cpu\synthesis --family="Cyclone IV E" --part=EP4CE22F17C6
Progress: Loading FPGA-LED-Panel/cpu.qsys
Progress: Reading input file
Progress: Adding clk_50 [clock_source 16.0]
Progress: Parameterizing module clk_50
Progress: Adding cpu [altera_nios2_qsys 16.0]
Progress: Parameterizing module cpu
Progress: Adding jtag_uart [altera_avalon_jtag_uart 16.0]
Progress: Parameterizing module jtag_uart
Progress: Adding led_pio [altera_avalon_pio 16.0]
Progress: Parameterizing module led_pio
Progress: Adding onchip_memory2_0 [altera_avalon_onchip_memory2 16.0]
Progress: Parameterizing module onchip_memory2_0
Progress: Adding sysid [altera_avalon_sysid_qsys 16.0]
Progress: Parameterizing module sysid
Progress: Adding timer [altera_avalon_timer 16.0]
Progress: Parameterizing module timer
Progress: Adding wr_addr_pio [altera_avalon_pio 16.0]
Progress: Parameterizing module wr_addr_pio
Progress: Adding wr_data_pio [altera_avalon_pio 16.0]
Progress: Parameterizing module wr_data_pio
Progress: Adding wr_in_flags [altera_avalon_pio 16.0]
Progress: Parameterizing module wr_in_flags
Progress: Adding wr_out_flags [altera_avalon_pio 16.0]
Progress: Parameterizing module wr_out_flags
Progress: Building connections
Progress: Parameterizing connections
Progress: Validating
Progress: Done reading input file
Warning: cpu.cpu: Nios II Classic cores are no longer recommended for new projects
Info: cpu.jtag_uart: JTAG UART IP input clock need to be at least double (2x) the operating frequency of JTAG TCK on board
Info: cpu.sysid: System ID is not assigned automatically. Edit the System ID parameter to provide a unique ID
Info: cpu.sysid: Time stamp will be automatically updated when this component is generated.
Info: cpu.wr_in_flags: PIO inputs are not hardwired in test bench. Undefined values will be read from PIO inputs during simulation.
Info: cpu: Generating cpu "cpu" for QUARTUS_SYNTH
Info: cpu: Starting RTL generation for module 'cpu_cpu'
Info: cpu:   Generation command is [exec C:/altera_lite/16.0/quartus/bin64/eperlcmd.exe -I C:/altera_lite/16.0/quartus/bin64/perl/lib -I C:/altera_lite/16.0/quartus/sopc_builder/bin/europa -I C:/altera_lite/16.0/quartus/sopc_builder/bin/perl_lib -I C:/altera_lite/16.0/quartus/sopc_builder/bin -I C:/altera_lite/16.0/quartus/../ip/altera/nios2_ip/altera_nios2/cpu_lib -I C:/altera_lite/16.0/quartus/../ip/altera/nios2_ip/altera_nios2/nios_lib -I C:/altera_lite/16.0/quartus/../ip/altera/nios2_ip/altera_nios2 -I C:/altera_lite/16.0/quartus/../ip/altera/nios2_ip/altera_nios2 -- C:/altera_lite/16.0/quartus/../ip/altera/nios2_ip/altera_nios2/generate_rtl.epl --name=cpu_cpu --dir=C:/Users/Henry/AppData/Local/Temp/alt7038_7680342651497845924.dir/0001_cpu_gen/ --quartus_bindir=C:/altera_lite/16.0/quartus/bin64 --verilog --config=C:/Users/Henry/AppData/Local/Temp/alt7038_7680342651497845924.dir/0001_cpu_gen//cpu_cpu_processor_configuration.pl  --do_build_sim=0  ]
Info: cpu: # 2016.08.25 23:05:16 (*) Starting Nios II generation
Info: cpu: # 2016.08.25 23:05:16 (*)   Checking for plaintext license.
Info: cpu: # 2016.08.25 23:05:18 (*)   Couldn't query license setup in Quartus directory C:/altera_lite/16.0/quartus/bin64
Info: cpu: # 2016.08.25 23:05:18 (*)   Defaulting to contents of LM_LICENSE_FILE environment variable
Info: cpu: # 2016.08.25 23:05:18 (*)   LM_LICENSE_FILE environment variable is empty
Info: cpu: # 2016.08.25 23:05:18 (*)   Plaintext license not found.
Info: cpu: # 2016.08.25 23:05:18 (*)   Checking for encrypted license (non-evaluation).
Info: cpu: # 2016.08.25 23:05:19 (*)   Couldn't query license setup in Quartus directory C:/altera_lite/16.0/quartus/bin64
Info: cpu: # 2016.08.25 23:05:19 (*)   Defaulting to contents of LM_LICENSE_FILE environment variable
Info: cpu: # 2016.08.25 23:05:19 (*)   LM_LICENSE_FILE environment variable is empty
Info: cpu: # 2016.08.25 23:05:19 (*)   Encrypted license not found.  Defaulting to OCP evaluation license (produces a time-limited SOF)
Info: cpu: # 2016.08.25 23:05:19 (*)   Elaborating CPU configuration settings
Info: cpu: # 2016.08.25 23:05:19 (*)   Creating all objects for CPU
Info: cpu: # 2016.08.25 23:05:19 (*)     Testbench
Info: cpu: # 2016.08.25 23:05:19 (*)     Instruction decoding
Info: cpu: # 2016.08.25 23:05:19 (*)       Instruction fields
Info: cpu: # 2016.08.25 23:05:20 (*)       Instruction decodes
Info: cpu: # 2016.08.25 23:05:21 (*)       Signals for RTL simulation waveforms
Info: cpu: # 2016.08.25 23:05:21 (*)       Instruction controls
Info: cpu: # 2016.08.25 23:05:21 (*)     Pipeline frontend
Info: cpu: # 2016.08.25 23:05:21 (*)     Pipeline backend
Info: cpu: # 2016.08.25 23:05:27 (*)   Generating RTL from CPU objects
Info: cpu: # 2016.08.25 23:05:32 (*)   Creating encrypted RTL
Info: cpu: # 2016.08.25 23:05:33 (*) Done Nios II generation
Info: cpu: Done RTL generation for module 'cpu_cpu'
Info: cpu: "cpu" instantiated altera_nios2_qsys "cpu"
Info: jtag_uart: Starting RTL generation for module 'cpu_jtag_uart'
Info: jtag_uart:   Generation command is [exec C:/altera_lite/16.0/quartus/bin64/perl/bin/perl.exe -I C:/altera_lite/16.0/quartus/bin64/perl/lib -I C:/altera_lite/16.0/quartus/sopc_builder/bin/europa -I C:/altera_lite/16.0/quartus/sopc_builder/bin/perl_lib -I C:/altera_lite/16.0/quartus/sopc_builder/bin -I C:/altera_lite/16.0/quartus/../ip/altera/sopc_builder_ip/common -I C:/altera_lite/16.0/quartus/../ip/altera/sopc_builder_ip/altera_avalon_jtag_uart -- C:/altera_lite/16.0/quartus/../ip/altera/sopc_builder_ip/altera_avalon_jtag_uart/generate_rtl.pl --name=cpu_jtag_uart --dir=C:/Users/Henry/AppData/Local/Temp/alt7038_7680342651497845924.dir/0002_jtag_uart_gen/ --quartus_dir=C:/altera_lite/16.0/quartus --verilog --config=C:/Users/Henry/AppData/Local/Temp/alt7038_7680342651497845924.dir/0002_jtag_uart_gen//cpu_jtag_uart_component_configuration.pl  --do_build_sim=0  ]
Info: jtag_uart: Done RTL generation for module 'cpu_jtag_uart'
Info: jtag_uart: "cpu" instantiated altera_avalon_jtag_uart "jtag_uart"
Info: led_pio: Starting RTL generation for module 'cpu_led_pio'
Info: led_pio:   Generation command is [exec C:/altera_lite/16.0/quartus/bin64/perl/bin/perl.exe -I C:/altera_lite/16.0/quartus/bin64/perl/lib -I C:/altera_lite/16.0/quartus/sopc_builder/bin/europa -I C:/altera_lite/16.0/quartus/sopc_builder/bin/perl_lib -I C:/altera_lite/16.0/quartus/sopc_builder/bin -I C:/altera_lite/16.0/quartus/../ip/altera/sopc_builder_ip/common -I C:/altera_lite/16.0/quartus/../ip/altera/sopc_builder_ip/altera_avalon_pio -- C:/altera_lite/16.0/quartus/../ip/altera/sopc_builder_ip/altera_avalon_pio/generate_rtl.pl --name=cpu_led_pio --dir=C:/Users/Henry/AppData/Local/Temp/alt7038_7680342651497845924.dir/0003_led_pio_gen/ --quartus_dir=C:/altera_lite/16.0/quartus --verilog --config=C:/Users/Henry/AppData/Local/Temp/alt7038_7680342651497845924.dir/0003_led_pio_gen//cpu_led_pio_component_configuration.pl  --do_build_sim=0  ]
Info: led_pio: Done RTL generation for module 'cpu_led_pio'
Info: led_pio: "cpu" instantiated altera_avalon_pio "led_pio"
Info: onchip_memory2_0: Starting RTL generation for module 'cpu_onchip_memory2_0'
Info: onchip_memory2_0:   Generation command is [exec C:/altera_lite/16.0/quartus/bin64/perl/bin/perl.exe -I C:/altera_lite/16.0/quartus/bin64/perl/lib -I C:/altera_lite/16.0/quartus/sopc_builder/bin/europa -I C:/altera_lite/16.0/quartus/sopc_builder/bin/perl_lib -I C:/altera_lite/16.0/quartus/sopc_builder/bin -I C:/altera_lite/16.0/quartus/../ip/altera/sopc_builder_ip/common -I C:/altera_lite/16.0/quartus/../ip/altera/sopc_builder_ip/altera_avalon_onchip_memory2 -- C:/altera_lite/16.0/quartus/../ip/altera/sopc_builder_ip/altera_avalon_onchip_memory2/generate_rtl.pl --name=cpu_onchip_memory2_0 --dir=C:/Users/Henry/AppData/Local/Temp/alt7038_7680342651497845924.dir/0004_onchip_memory2_0_gen/ --quartus_dir=C:/altera_lite/16.0/quartus --verilog --config=C:/Users/Henry/AppData/Local/Temp/alt7038_7680342651497845924.dir/0004_onchip_memory2_0_gen//cpu_onchip_memory2_0_component_configuration.pl  --do_build_sim=0  ]
Info: onchip_memory2_0: Done RTL generation for module 'cpu_onchip_memory2_0'
Info: onchip_memory2_0: "cpu" instantiated altera_avalon_onchip_memory2 "onchip_memory2_0"
Info: sysid: "cpu" instantiated altera_avalon_sysid_qsys "sysid"
Info: timer: Starting RTL generation for module 'cpu_timer'
Info: timer:   Generation command is [exec C:/altera_lite/16.0/quartus/bin64//perl/bin/perl.exe -I C:/altera_lite/16.0/quartus/bin64//perl/lib -I C:/altera_lite/16.0/quartus/sopc_builder/bin/europa -I C:/altera_lite/16.0/quartus/sopc_builder/bin/perl_lib -I C:/altera_lite/16.0/quartus/sopc_builder/bin -I C:/altera_lite/16.0/quartus/../ip/altera/sopc_builder_ip/common -I C:/altera_lite/16.0/quartus/../ip/altera/sopc_builder_ip/altera_avalon_timer -- C:/altera_lite/16.0/quartus/../ip/altera/sopc_builder_ip/altera_avalon_timer/generate_rtl.pl --name=cpu_timer --dir=C:/Users/Henry/AppData/Local/Temp/alt7038_7680342651497845924.dir/0006_timer_gen/ --quartus_dir=C:/altera_lite/16.0/quartus --verilog --config=C:/Users/Henry/AppData/Local/Temp/alt7038_7680342651497845924.dir/0006_timer_gen//cpu_timer_component_configuration.pl  --do_build_sim=0  ]
Info: timer: Done RTL generation for module 'cpu_timer'
Info: timer: "cpu" instantiated altera_avalon_timer "timer"
Info: wr_addr_pio: Starting RTL generation for module 'cpu_wr_addr_pio'
Info: wr_addr_pio:   Generation command is [exec C:/altera_lite/16.0/quartus/bin64/perl/bin/perl.exe -I C:/altera_lite/16.0/quartus/bin64/perl/lib -I C:/altera_lite/16.0/quartus/sopc_builder/bin/europa -I C:/altera_lite/16.0/quartus/sopc_builder/bin/perl_lib -I C:/altera_lite/16.0/quartus/sopc_builder/bin -I C:/altera_lite/16.0/quartus/../ip/altera/sopc_builder_ip/common -I C:/altera_lite/16.0/quartus/../ip/altera/sopc_builder_ip/altera_avalon_pio -- C:/altera_lite/16.0/quartus/../ip/altera/sopc_builder_ip/altera_avalon_pio/generate_rtl.pl --name=cpu_wr_addr_pio --dir=C:/Users/Henry/AppData/Local/Temp/alt7038_7680342651497845924.dir/0007_wr_addr_pio_gen/ --quartus_dir=C:/altera_lite/16.0/quartus --verilog --config=C:/Users/Henry/AppData/Local/Temp/alt7038_7680342651497845924.dir/0007_wr_addr_pio_gen//cpu_wr_addr_pio_component_configuration.pl  --do_build_sim=0  ]
Info: wr_addr_pio: Done RTL generation for module 'cpu_wr_addr_pio'
Info: wr_addr_pio: "cpu" instantiated altera_avalon_pio "wr_addr_pio"
Info: wr_data_pio: Starting RTL generation for module 'cpu_wr_data_pio'
Info: wr_data_pio:   Generation command is [exec C:/altera_lite/16.0/quartus/bin64/perl/bin/perl.exe -I C:/altera_lite/16.0/quartus/bin64/perl/lib -I C:/altera_lite/16.0/quartus/sopc_builder/bin/europa -I C:/altera_lite/16.0/quartus/sopc_builder/bin/perl_lib -I C:/altera_lite/16.0/quartus/sopc_builder/bin -I C:/altera_lite/16.0/quartus/../ip/altera/sopc_builder_ip/common -I C:/altera_lite/16.0/quartus/../ip/altera/sopc_builder_ip/altera_avalon_pio -- C:/altera_lite/16.0/quartus/../ip/altera/sopc_builder_ip/altera_avalon_pio/generate_rtl.pl --name=cpu_wr_data_pio --dir=C:/Users/Henry/AppData/Local/Temp/alt7038_7680342651497845924.dir/0008_wr_data_pio_gen/ --quartus_dir=C:/altera_lite/16.0/quartus --verilog --config=C:/Users/Henry/AppData/Local/Temp/alt7038_7680342651497845924.dir/0008_wr_data_pio_gen//cpu_wr_data_pio_component_configuration.pl  --do_build_sim=0  ]
Info: wr_data_pio: Done RTL generation for module 'cpu_wr_data_pio'
Info: wr_data_pio: "cpu" instantiated altera_avalon_pio "wr_data_pio"
Info: wr_in_flags: Starting RTL generation for module 'cpu_wr_in_flags'
Info: wr_in_flags:   Generation command is [exec C:/altera_lite/16.0/quartus/bin64/perl/bin/perl.exe -I C:/altera_lite/16.0/quartus/bin64/perl/lib -I C:/altera_lite/16.0/quartus/sopc_builder/bin/europa -I C:/altera_lite/16.0/quartus/sopc_builder/bin/perl_lib -I C:/altera_lite/16.0/quartus/sopc_builder/bin -I C:/altera_lite/16.0/quartus/../ip/altera/sopc_builder_ip/common -I C:/altera_lite/16.0/quartus/../ip/altera/sopc_builder_ip/altera_avalon_pio -- C:/altera_lite/16.0/quartus/../ip/altera/sopc_builder_ip/altera_avalon_pio/generate_rtl.pl --name=cpu_wr_in_flags --dir=C:/Users/Henry/AppData/Local/Temp/alt7038_7680342651497845924.dir/0009_wr_in_flags_gen/ --quartus_dir=C:/altera_lite/16.0/quartus --verilog --config=C:/Users/Henry/AppData/Local/Temp/alt7038_7680342651497845924.dir/0009_wr_in_flags_gen//cpu_wr_in_flags_component_configuration.pl  --do_build_sim=0  ]
Info: wr_in_flags: Done RTL generation for module 'cpu_wr_in_flags'
Info: wr_in_flags: "cpu" instantiated altera_avalon_pio "wr_in_flags"
Info: wr_out_flags: Starting RTL generation for module 'cpu_wr_out_flags'
Info: wr_out_flags:   Generation command is [exec C:/altera_lite/16.0/quartus/bin64/perl/bin/perl.exe -I C:/altera_lite/16.0/quartus/bin64/perl/lib -I C:/altera_lite/16.0/quartus/sopc_builder/bin/europa -I C:/altera_lite/16.0/quartus/sopc_builder/bin/perl_lib -I C:/altera_lite/16.0/quartus/sopc_builder/bin -I C:/altera_lite/16.0/quartus/../ip/altera/sopc_builder_ip/common -I C:/altera_lite/16.0/quartus/../ip/altera/sopc_builder_ip/altera_avalon_pio -- C:/altera_lite/16.0/quartus/../ip/altera/sopc_builder_ip/altera_avalon_pio/generate_rtl.pl --name=cpu_wr_out_flags --dir=C:/Users/Henry/AppData/Local/Temp/alt7038_7680342651497845924.dir/0010_wr_out_flags_gen/ --quartus_dir=C:/altera_lite/16.0/quartus --verilog --config=C:/Users/Henry/AppData/Local/Temp/alt7038_7680342651497845924.dir/0010_wr_out_flags_gen//cpu_wr_out_flags_component_configuration.pl  --do_build_sim=0  ]
Info: wr_out_flags: Done RTL generation for module 'cpu_wr_out_flags'
Info: wr_out_flags: "cpu" instantiated altera_avalon_pio "wr_out_flags"
Info: avalon_st_adapter: Inserting error_adapter: error_adapter_0
Info: avalon_st_adapter_001: Inserting error_adapter: error_adapter_0
Info: avalon_st_adapter_002: Inserting error_adapter: error_adapter_0
Info: avalon_st_adapter_003: Inserting error_adapter: error_adapter_0
Info: avalon_st_adapter_004: Inserting error_adapter: error_adapter_0
Info: avalon_st_adapter_005: Inserting error_adapter: error_adapter_0
Info: avalon_st_adapter_006: Inserting error_adapter: error_adapter_0
Info: avalon_st_adapter_007: Inserting error_adapter: error_adapter_0
Info: avalon_st_adapter_008: Inserting error_adapter: error_adapter_0
Info: avalon_st_adapter_009: Inserting error_adapter: error_adapter_0
Info: mm_interconnect_0: "cpu" instantiated altera_mm_interconnect "mm_interconnect_0"
Info: irq_mapper: "cpu" instantiated altera_irq_mapper "irq_mapper"
Info: rst_controller: "cpu" instantiated altera_reset_controller "rst_controller"
Info: cpu_data_master_translator: "mm_interconnect_0" instantiated altera_merlin_master_translator "cpu_data_master_translator"
Info: jtag_uart_avalon_jtag_slave_translator: "mm_interconnect_0" instantiated altera_merlin_slave_translator "jtag_uart_avalon_jtag_slave_translator"
Info: cpu_data_master_agent: "mm_interconnect_0" instantiated altera_merlin_master_agent "cpu_data_master_agent"
Info: jtag_uart_avalon_jtag_slave_agent: "mm_interconnect_0" instantiated altera_merlin_slave_agent "jtag_uart_avalon_jtag_slave_agent"
Info: jtag_uart_avalon_jtag_slave_agent_rsp_fifo: "mm_interconnect_0" instantiated altera_avalon_sc_fifo "jtag_uart_avalon_jtag_slave_agent_rsp_fifo"
Info: router: "mm_interconnect_0" instantiated altera_merlin_router "router"
Info: router_001: "mm_interconnect_0" instantiated altera_merlin_router "router_001"
Info: router_002: "mm_interconnect_0" instantiated altera_merlin_router "router_002"
Info: router_004: "mm_interconnect_0" instantiated altera_merlin_router "router_004"
Info: cpu_data_master_limiter: "mm_interconnect_0" instantiated altera_merlin_traffic_limiter "cpu_data_master_limiter"
Info: Reusing file H:/Projects/FPGA/Altera/FPGA-LED-Panel/cpu/synthesis/submodules/altera_avalon_sc_fifo.v
Info: cmd_demux: "mm_interconnect_0" instantiated altera_merlin_demultiplexer "cmd_demux"
Info: cmd_demux_001: "mm_interconnect_0" instantiated altera_merlin_demultiplexer "cmd_demux_001"
Info: cmd_mux: "mm_interconnect_0" instantiated altera_merlin_multiplexer "cmd_mux"
Info: cmd_mux_002: "mm_interconnect_0" instantiated altera_merlin_multiplexer "cmd_mux_002"
Info: Reusing file H:/Projects/FPGA/Altera/FPGA-LED-Panel/cpu/synthesis/submodules/altera_merlin_arbitrator.sv
Info: rsp_demux: "mm_interconnect_0" instantiated altera_merlin_demultiplexer "rsp_demux"
Info: rsp_demux_002: "mm_interconnect_0" instantiated altera_merlin_demultiplexer "rsp_demux_002"
Info: rsp_mux: "mm_interconnect_0" instantiated altera_merlin_multiplexer "rsp_mux"
Info: Reusing file H:/Projects/FPGA/Altera/FPGA-LED-Panel/cpu/synthesis/submodules/altera_merlin_arbitrator.sv
Info: rsp_mux_001: "mm_interconnect_0" instantiated altera_merlin_multiplexer "rsp_mux_001"
Info: Reusing file H:/Projects/FPGA/Altera/FPGA-LED-Panel/cpu/synthesis/submodules/altera_merlin_arbitrator.sv
Info: avalon_st_adapter: "mm_interconnect_0" instantiated altera_avalon_st_adapter "avalon_st_adapter"
Info: error_adapter_0: "avalon_st_adapter" instantiated error_adapter "error_adapter_0"
Info: cpu: Done "cpu" with 34 modules, 55 files
Info: qsys-generate succeeded.
Info: Finished: Create HDL design files for synthesis
