Archive member included to satisfy reference by file (symbol)

c:/altera_lite/16.0/nios2eds/bin/gnu/h-x86_64-mingw32/bin/../lib/gcc/nios2-elf/5.2.0/../../../../../H-x86_64-mingw32/nios2-elf/lib\libsmallc.a(lib_a-puts.o)
                              obj/default/hello_world.o (puts)
c:/altera_lite/16.0/nios2eds/bin/gnu/h-x86_64-mingw32/bin/../lib/gcc/nios2-elf/5.2.0/../../../../../H-x86_64-mingw32/nios2-elf/lib\libsmallc.a(lib_a-strlen.o)
                              c:/altera_lite/16.0/nios2eds/bin/gnu/h-x86_64-mingw32/bin/../lib/gcc/nios2-elf/5.2.0/../../../../../H-x86_64-mingw32/nios2-elf/lib\libsmallc.a(lib_a-puts.o) (strlen)
c:/altera_lite/16.0/nios2eds/bin/gnu/h-x86_64-mingw32/bin/../lib/gcc/nios2-elf/5.2.0/../../../../../H-x86_64-mingw32/nios2-elf/lib\libsmallc.a(lib_a-fvwrite_small_dev.o)
                              c:/altera_lite/16.0/nios2eds/bin/gnu/h-x86_64-mingw32/bin/../lib/gcc/nios2-elf/5.2.0/../../../../../H-x86_64-mingw32/nios2-elf/lib\libsmallc.a(lib_a-puts.o) (__sfvwrite_small_dev)
c:/altera_lite/16.0/nios2eds/bin/gnu/h-x86_64-mingw32/bin/../lib/gcc/nios2-elf/5.2.0/../../../../../H-x86_64-mingw32/nios2-elf/lib\libsmallc.a(lib_a-impure.o)
                              c:/altera_lite/16.0/nios2eds/bin/gnu/h-x86_64-mingw32/bin/../lib/gcc/nios2-elf/5.2.0/../../../../../H-x86_64-mingw32/nios2-elf/lib\libsmallc.a(lib_a-puts.o) (_impure_ptr)
c:/altera_lite/16.0/nios2eds/bin/gnu/h-x86_64-mingw32/bin/../lib/gcc/nios2-elf/5.2.0/../../../../../H-x86_64-mingw32/nios2-elf/lib\libsmallc.a(lib_a-writer.o)
                              c:/altera_lite/16.0/nios2eds/bin/gnu/h-x86_64-mingw32/bin/../lib/gcc/nios2-elf/5.2.0/../../../../../H-x86_64-mingw32/nios2-elf/lib\libsmallc.a(lib_a-fvwrite_small_dev.o) (_write_r)
c:/altera_lite/16.0/nios2eds/bin/gnu/h-x86_64-mingw32/bin/../lib/gcc/nios2-elf/5.2.0/../../../../../H-x86_64-mingw32/nios2-elf/lib\libsmallc.a(lib_a-int_errno.o)
                              c:/altera_lite/16.0/nios2eds/bin/gnu/h-x86_64-mingw32/bin/../lib/gcc/nios2-elf/5.2.0/../../../../../H-x86_64-mingw32/nios2-elf/lib\libsmallc.a(lib_a-writer.o) (errno)
../LED_Panel_bsp/\libhal_bsp.a(alt_load.o)
                              ../LED_Panel_bsp//obj/HAL/src/crt0.o (alt_load)
../LED_Panel_bsp/\libhal_bsp.a(alt_main.o)
                              ../LED_Panel_bsp//obj/HAL/src/crt0.o (alt_main)
../LED_Panel_bsp/\libhal_bsp.a(alt_write.o)
                              c:/altera_lite/16.0/nios2eds/bin/gnu/h-x86_64-mingw32/bin/../lib/gcc/nios2-elf/5.2.0/../../../../../H-x86_64-mingw32/nios2-elf/lib\libsmallc.a(lib_a-writer.o) (write)
../LED_Panel_bsp/\libhal_bsp.a(alt_sys_init.o)
                              ../LED_Panel_bsp/\libhal_bsp.a(alt_main.o) (alt_irq_init)
../LED_Panel_bsp/\libhal_bsp.a(altera_avalon_jtag_uart_fd.o)
                              ../LED_Panel_bsp/\libhal_bsp.a(alt_sys_init.o) (altera_avalon_jtag_uart_read_fd)
../LED_Panel_bsp/\libhal_bsp.a(altera_avalon_jtag_uart_read.o)
                              ../LED_Panel_bsp/\libhal_bsp.a(altera_avalon_jtag_uart_fd.o) (altera_avalon_jtag_uart_read)
../LED_Panel_bsp/\libhal_bsp.a(altera_avalon_jtag_uart_write.o)
                              ../LED_Panel_bsp/\libhal_bsp.a(altera_avalon_jtag_uart_fd.o) (altera_avalon_jtag_uart_write)
../LED_Panel_bsp/\libhal_bsp.a(altera_avalon_timer_sc.o)
                              ../LED_Panel_bsp/\libhal_bsp.a(alt_sys_init.o) (alt_avalon_timer_sc_init)
../LED_Panel_bsp/\libhal_bsp.a(alt_close.o)
                              ../LED_Panel_bsp/\libhal_bsp.a(alt_main.o) (close)
../LED_Panel_bsp/\libhal_bsp.a(alt_dcache_flush_all.o)
                              ../LED_Panel_bsp/\libhal_bsp.a(alt_load.o) (alt_dcache_flush_all)
../LED_Panel_bsp/\libhal_bsp.a(alt_dev.o)
                              ../LED_Panel_bsp/\libhal_bsp.a(alt_sys_init.o) (alt_dev_list)
../LED_Panel_bsp/\libhal_bsp.a(alt_dev_llist_insert.o)
                              ../LED_Panel_bsp/\libhal_bsp.a(alt_sys_init.o) (alt_dev_llist_insert)
../LED_Panel_bsp/\libhal_bsp.a(alt_errno.o)
                              ../LED_Panel_bsp/\libhal_bsp.a(alt_write.o) (alt_errno)
../LED_Panel_bsp/\libhal_bsp.a(alt_icache_flush_all.o)
                              ../LED_Panel_bsp/\libhal_bsp.a(alt_load.o) (alt_icache_flush_all)
../LED_Panel_bsp/\libhal_bsp.a(alt_iic.o)
                              ../LED_Panel_bsp/\libhal_bsp.a(altera_avalon_timer_sc.o) (alt_ic_isr_register)
../LED_Panel_bsp/\libhal_bsp.a(alt_iic_isr_register.o)
                              ../LED_Panel_bsp/\libhal_bsp.a(alt_iic.o) (alt_iic_isr_register)
../LED_Panel_bsp/\libhal_bsp.a(alt_io_redirect.o)
                              ../LED_Panel_bsp/\libhal_bsp.a(alt_main.o) (alt_io_redirect)
../LED_Panel_bsp/\libhal_bsp.a(alt_irq_entry.o)
                              ../LED_Panel_bsp/\libhal_bsp.a(alt_iic_isr_register.o) (alt_irq_entry)
../LED_Panel_bsp/\libhal_bsp.a(alt_irq_handler.o)
                              ../LED_Panel_bsp/\libhal_bsp.a(alt_iic_isr_register.o) (alt_irq)
../LED_Panel_bsp/\libhal_bsp.a(alt_irq_vars.o)
                              ../LED_Panel_bsp/\libhal_bsp.a(alt_iic.o) (alt_irq_active)
../LED_Panel_bsp/\libhal_bsp.a(alt_open.o)
                              ../LED_Panel_bsp/\libhal_bsp.a(alt_io_redirect.o) (open)
../LED_Panel_bsp/\libhal_bsp.a(alt_release_fd.o)
                              ../LED_Panel_bsp/\libhal_bsp.a(alt_close.o) (alt_release_fd)
../LED_Panel_bsp/\libhal_bsp.a(alt_tick.o)
                              ../LED_Panel_bsp/\libhal_bsp.a(altera_avalon_timer_sc.o) (_alt_tick_rate)
../LED_Panel_bsp/\libhal_bsp.a(altera_nios2_qsys_irq.o)
                              ../LED_Panel_bsp/\libhal_bsp.a(alt_sys_init.o) (altera_nios2_qsys_irq_init)
../LED_Panel_bsp/\libhal_bsp.a(alt_exception_entry.o)
                              ../LED_Panel_bsp/\libhal_bsp.a(alt_irq_entry.o) (alt_exception)
../LED_Panel_bsp/\libhal_bsp.a(alt_find_dev.o)
                              ../LED_Panel_bsp/\libhal_bsp.a(alt_open.o) (alt_find_dev)
../LED_Panel_bsp/\libhal_bsp.a(alt_find_file.o)
                              ../LED_Panel_bsp/\libhal_bsp.a(alt_open.o) (alt_find_file)
../LED_Panel_bsp/\libhal_bsp.a(alt_get_fd.o)
                              ../LED_Panel_bsp/\libhal_bsp.a(alt_open.o) (alt_get_fd)
../LED_Panel_bsp/\libhal_bsp.a(alt_icache_flush.o)
                              ../LED_Panel_bsp/\libhal_bsp.a(alt_icache_flush_all.o) (alt_icache_flush)
c:/altera_lite/16.0/nios2eds/bin/gnu/h-x86_64-mingw32/bin/../lib/gcc/nios2-elf/5.2.0/../../../../../H-x86_64-mingw32/nios2-elf/lib\libsmallc.a(lib_a-exit.o)
                              ../LED_Panel_bsp/\libhal_bsp.a(alt_main.o) (exit)
c:/altera_lite/16.0/nios2eds/bin/gnu/h-x86_64-mingw32/bin/../lib/gcc/nios2-elf/5.2.0/../../../../../H-x86_64-mingw32/nios2-elf/lib\libsmallc.a(lib_a-memcmp.o)
                              ../LED_Panel_bsp/\libhal_bsp.a(alt_find_dev.o) (memcmp)
c:/altera_lite/16.0/nios2eds/bin/gnu/h-x86_64-mingw32/bin/../lib/gcc/nios2-elf/5.2.0/../../../../../H-x86_64-mingw32/nios2-elf/lib\libsmallc.a(lib_a-__call_atexit.o)
                              c:/altera_lite/16.0/nios2eds/bin/gnu/h-x86_64-mingw32/bin/../lib/gcc/nios2-elf/5.2.0/../../../../../H-x86_64-mingw32/nios2-elf/lib\libsmallc.a(lib_a-exit.o) (__call_exitprocs)
../LED_Panel_bsp/\libhal_bsp.a(alt_exit.o)
                              c:/altera_lite/16.0/nios2eds/bin/gnu/h-x86_64-mingw32/bin/../lib/gcc/nios2-elf/5.2.0/../../../../../H-x86_64-mingw32/nios2-elf/lib\libsmallc.a(lib_a-exit.o) (_exit)

Allocating common symbols
Common symbol       size              file

alt_irq             0x100             ../LED_Panel_bsp/\libhal_bsp.a(alt_irq_handler.o)
errno               0x4               c:/altera_lite/16.0/nios2eds/bin/gnu/h-x86_64-mingw32/bin/../lib/gcc/nios2-elf/5.2.0/../../../../../H-x86_64-mingw32/nios2-elf/lib\libsmallc.a(lib_a-int_errno.o)

Memory Configuration

Name             Origin             Length             Attributes
reset            0x0000000000008000 0x0000000000000020
onchip_memory2_0 0x0000000000008020 0x0000000000004fe0
*default*        0x0000000000000000 0xffffffffffffffff

Linker script and memory map

LOAD ../LED_Panel_bsp//obj/HAL/src/crt0.o
LOAD obj/default/hello_world.o
LOAD c:/altera_lite/16.0/nios2eds/bin/gnu/h-x86_64-mingw32/bin/../lib/gcc/nios2-elf/5.2.0/../../../../../H-x86_64-mingw32/nios2-elf/lib\libstdc++.a
LOAD c:/altera_lite/16.0/nios2eds/bin/gnu/h-x86_64-mingw32/bin/../lib/gcc/nios2-elf/5.2.0/../../../../../H-x86_64-mingw32/nios2-elf/lib\libm.a
LOAD c:/altera_lite/16.0/nios2eds/bin/gnu/h-x86_64-mingw32/bin/../lib/gcc/nios2-elf/5.2.0\libgcc.a
START GROUP
LOAD c:/altera_lite/16.0/nios2eds/bin/gnu/h-x86_64-mingw32/bin/../lib/gcc/nios2-elf/5.2.0/../../../../../H-x86_64-mingw32/nios2-elf/lib\libsmallc.a
LOAD c:/altera_lite/16.0/nios2eds/bin/gnu/h-x86_64-mingw32/bin/../lib/gcc/nios2-elf/5.2.0\libgcc.a
LOAD ../LED_Panel_bsp/\libhal_bsp.a
LOAD c:/altera_lite/16.0/nios2eds/bin/gnu/h-x86_64-mingw32/bin/../lib/gcc/nios2-elf/5.2.0/../../../../../H-x86_64-mingw32/nios2-elf/lib\libm.a
END GROUP
LOAD c:/altera_lite/16.0/nios2eds/bin/gnu/h-x86_64-mingw32/bin/../lib/gcc/nios2-elf/5.2.0\libgcc.a
                0x0000000000008000                __alt_mem_onchip_memory2_0 = 0x8000

.entry          0x0000000000008000       0x20
 *(.entry)
 .entry         0x0000000000008000       0x20 ../LED_Panel_bsp//obj/HAL/src/crt0.o
                0x0000000000008000                __reset

.exceptions     0x0000000000008020      0x1a0
                0x0000000000008020                PROVIDE (__ram_exceptions_start, ABSOLUTE (.))
                0x0000000000008020                . = ALIGN (0x20)
 *(.irq)
 *(.exceptions.entry.label)
 .exceptions.entry.label
                0x0000000000008020        0x0 ../LED_Panel_bsp/\libhal_bsp.a(alt_irq_entry.o)
                0x0000000000008020                alt_irq_entry
 .exceptions.entry.label
                0x0000000000008020        0x0 ../LED_Panel_bsp/\libhal_bsp.a(alt_exception_entry.o)
                0x0000000000008020                alt_exception
 *(.exceptions.entry.user)
 *(.exceptions.entry.ecc_fatal)
 *(.exceptions.entry)
 .exceptions.entry
                0x0000000000008020       0x54 ../LED_Panel_bsp/\libhal_bsp.a(alt_exception_entry.o)
 *(.exceptions.irqtest.user)
 *(.exceptions.irqtest)
 .exceptions.irqtest
                0x0000000000008074       0x10 ../LED_Panel_bsp/\libhal_bsp.a(alt_irq_entry.o)
 *(.exceptions.irqhandler.user)
 *(.exceptions.irqhandler)
 .exceptions.irqhandler
                0x0000000000008084        0x4 ../LED_Panel_bsp/\libhal_bsp.a(alt_irq_entry.o)
 *(.exceptions.irqreturn.user)
 *(.exceptions.irqreturn)
 .exceptions.irqreturn
                0x0000000000008088        0x4 ../LED_Panel_bsp/\libhal_bsp.a(alt_irq_entry.o)
 *(.exceptions.notirq.label)
 .exceptions.notirq.label
                0x000000000000808c        0x0 ../LED_Panel_bsp/\libhal_bsp.a(alt_irq_entry.o)
 *(.exceptions.notirq.user)
 *(.exceptions.notirq)
 .exceptions.notirq
                0x000000000000808c        0x8 ../LED_Panel_bsp/\libhal_bsp.a(alt_exception_entry.o)
 *(.exceptions.soft.user)
 *(.exceptions.soft)
 *(.exceptions.unknown.user)
 *(.exceptions.unknown)
 .exceptions.unknown
                0x0000000000008094        0x4 ../LED_Panel_bsp/\libhal_bsp.a(alt_exception_entry.o)
 *(.exceptions.exit.label)
 .exceptions.exit.label
                0x0000000000008098        0x0 ../LED_Panel_bsp/\libhal_bsp.a(alt_irq_entry.o)
 .exceptions.exit.label
                0x0000000000008098        0x0 ../LED_Panel_bsp/\libhal_bsp.a(alt_exception_entry.o)
 *(.exceptions.exit.user)
 *(.exceptions.exit)
 .exceptions.exit
                0x0000000000008098       0x54 ../LED_Panel_bsp/\libhal_bsp.a(alt_exception_entry.o)
 *(.exceptions)
 .exceptions    0x00000000000080ec       0xd4 ../LED_Panel_bsp/\libhal_bsp.a(alt_irq_handler.o)
                0x00000000000080ec                alt_irq_handler
                0x00000000000081c0                PROVIDE (__ram_exceptions_end, ABSOLUTE (.))
                0x0000000000008020                PROVIDE (__flash_exceptions_start, LOADADDR (.exceptions))

.text           0x00000000000081c0     0x1b6c
                [!provide]                        PROVIDE (stext, ABSOLUTE (.))
 *(.interp)
 *(.hash)
 *(.dynsym)
 *(.dynstr)
 *(.gnu.version)
 *(.gnu.version_d)
 *(.gnu.version_r)
 *(.rel.init)
 *(.rela.init)
 *(.rel.text .rel.text.* .rel.gnu.linkonce.t.*)
 *(.rela.text .rela.text.* .rela.gnu.linkonce.t.*)
 *(.rel.fini)
 *(.rela.fini)
 *(.rel.rodata .rel.rodata.* .rel.gnu.linkonce.r.*)
 *(.rela.rodata .rela.rodata.* .rela.gnu.linkonce.r.*)
 *(.rel.data .rel.data.* .rel.gnu.linkonce.d.*)
 *(.rela.data .rela.data.* .rela.gnu.linkonce.d.*)
 *(.rel.tdata .rel.tdata.* .rel.gnu.linkonce.td.*)
 *(.rela.tdata .rela.tdata.* .rela.gnu.linkonce.td.*)
 *(.rel.tbss .rel.tbss.* .rel.gnu.linkonce.tb.*)
 *(.rela.tbss .rela.tbss.* .rela.gnu.linkonce.tb.*)
 *(.rel.ctors)
 *(.rela.ctors)
 *(.rel.dtors)
 *(.rela.dtors)
 *(.rel.got)
 *(.rela.got)
 *(.rel.sdata .rel.sdata.* .rel.gnu.linkonce.s.*)
 *(.rela.sdata .rela.sdata.* .rela.gnu.linkonce.s.*)
 *(.rel.sbss .rel.sbss.* .rel.gnu.linkonce.sb.*)
 *(.rela.sbss .rela.sbss.* .rela.gnu.linkonce.sb.*)
 *(.rel.sdata2 .rel.sdata2.* .rel.gnu.linkonce.s2.*)
 *(.rela.sdata2 .rela.sdata2.* .rela.gnu.linkonce.s2.*)
 *(.rel.sbss2 .rel.sbss2.* .rel.gnu.linkonce.sb2.*)
 *(.rela.sbss2 .rela.sbss2.* .rela.gnu.linkonce.sb2.*)
 *(.rel.bss .rel.bss.* .rel.gnu.linkonce.b.*)
 *(.rela.bss .rela.bss.* .rela.gnu.linkonce.b.*)
 *(.rel.plt)
 *(.rela.plt)
 *(.rel.dyn)
 *(.init)
 *(.plt)
 *(.text .stub .text.* .gnu.linkonce.t.*)
 .text          0x00000000000081c0       0x3c ../LED_Panel_bsp//obj/HAL/src/crt0.o
                0x00000000000081c0                _start
 .text          0x00000000000081fc      0x288 obj/default/hello_world.o
                0x00000000000081fc                setMemory
                0x0000000000008288                fillBuffer
                0x0000000000008388                main
 .text          0x0000000000008484        0x0 c:/altera_lite/16.0/nios2eds/bin/gnu/h-x86_64-mingw32/bin/../lib/gcc/nios2-elf/5.2.0/../../../../../H-x86_64-mingw32/nios2-elf/lib\libsmallc.a(lib_a-puts.o)
 .text._puts_r  0x0000000000008484       0x80 c:/altera_lite/16.0/nios2eds/bin/gnu/h-x86_64-mingw32/bin/../lib/gcc/nios2-elf/5.2.0/../../../../../H-x86_64-mingw32/nios2-elf/lib\libsmallc.a(lib_a-puts.o)
                0x0000000000008484                _puts_r
 .text.puts     0x0000000000008504       0x14 c:/altera_lite/16.0/nios2eds/bin/gnu/h-x86_64-mingw32/bin/../lib/gcc/nios2-elf/5.2.0/../../../../../H-x86_64-mingw32/nios2-elf/lib\libsmallc.a(lib_a-puts.o)
                0x0000000000008504                puts
 .text          0x0000000000008518        0x0 c:/altera_lite/16.0/nios2eds/bin/gnu/h-x86_64-mingw32/bin/../lib/gcc/nios2-elf/5.2.0/../../../../../H-x86_64-mingw32/nios2-elf/lib\libsmallc.a(lib_a-strlen.o)
 .text.strlen   0x0000000000008518       0x1c c:/altera_lite/16.0/nios2eds/bin/gnu/h-x86_64-mingw32/bin/../lib/gcc/nios2-elf/5.2.0/../../../../../H-x86_64-mingw32/nios2-elf/lib\libsmallc.a(lib_a-strlen.o)
                0x0000000000008518                strlen
 .text          0x0000000000008534        0x0 c:/altera_lite/16.0/nios2eds/bin/gnu/h-x86_64-mingw32/bin/../lib/gcc/nios2-elf/5.2.0/../../../../../H-x86_64-mingw32/nios2-elf/lib\libsmallc.a(lib_a-fvwrite_small_dev.o)
 .text.__sfvwrite_small_dev
                0x0000000000008534       0xb8 c:/altera_lite/16.0/nios2eds/bin/gnu/h-x86_64-mingw32/bin/../lib/gcc/nios2-elf/5.2.0/../../../../../H-x86_64-mingw32/nios2-elf/lib\libsmallc.a(lib_a-fvwrite_small_dev.o)
                0x0000000000008534                __sfvwrite_small_dev
 .text          0x00000000000085ec        0x0 c:/altera_lite/16.0/nios2eds/bin/gnu/h-x86_64-mingw32/bin/../lib/gcc/nios2-elf/5.2.0/../../../../../H-x86_64-mingw32/nios2-elf/lib\libsmallc.a(lib_a-impure.o)
 .text          0x00000000000085ec        0x0 c:/altera_lite/16.0/nios2eds/bin/gnu/h-x86_64-mingw32/bin/../lib/gcc/nios2-elf/5.2.0/../../../../../H-x86_64-mingw32/nios2-elf/lib\libsmallc.a(lib_a-writer.o)
 .text._write_r
                0x00000000000085ec       0x58 c:/altera_lite/16.0/nios2eds/bin/gnu/h-x86_64-mingw32/bin/../lib/gcc/nios2-elf/5.2.0/../../../../../H-x86_64-mingw32/nios2-elf/lib\libsmallc.a(lib_a-writer.o)
                0x00000000000085ec                _write_r
 .text          0x0000000000008644        0x0 c:/altera_lite/16.0/nios2eds/bin/gnu/h-x86_64-mingw32/bin/../lib/gcc/nios2-elf/5.2.0/../../../../../H-x86_64-mingw32/nios2-elf/lib\libsmallc.a(lib_a-int_errno.o)
 .text          0x0000000000008644       0xec ../LED_Panel_bsp/\libhal_bsp.a(alt_load.o)
                0x00000000000086ac                alt_load
 .text          0x0000000000008730       0x6c ../LED_Panel_bsp/\libhal_bsp.a(alt_main.o)
                0x0000000000008730                alt_main
 .text          0x000000000000879c      0x148 ../LED_Panel_bsp/\libhal_bsp.a(alt_write.o)
                0x00000000000087ec                write
 .text          0x00000000000088e4       0xc4 ../LED_Panel_bsp/\libhal_bsp.a(alt_sys_init.o)
                0x000000000000891c                alt_irq_init
                0x0000000000008954                alt_sys_init
 .text          0x00000000000089a8       0xc0 ../LED_Panel_bsp/\libhal_bsp.a(altera_avalon_jtag_uart_fd.o)
                0x00000000000089a8                altera_avalon_jtag_uart_read_fd
                0x0000000000008a08                altera_avalon_jtag_uart_write_fd
 .text          0x0000000000008a68       0xec ../LED_Panel_bsp/\libhal_bsp.a(altera_avalon_jtag_uart_read.o)
                0x0000000000008a68                altera_avalon_jtag_uart_read
 .text          0x0000000000008b54       0x94 ../LED_Panel_bsp/\libhal_bsp.a(altera_avalon_jtag_uart_write.o)
                0x0000000000008b54                altera_avalon_jtag_uart_write
 .text          0x0000000000008be8      0x104 ../LED_Panel_bsp/\libhal_bsp.a(altera_avalon_timer_sc.o)
                0x0000000000008c60                alt_avalon_timer_sc_init
 .text          0x0000000000008cec      0x120 ../LED_Panel_bsp/\libhal_bsp.a(alt_close.o)
                0x0000000000008d3c                close
 .text          0x0000000000008e0c       0x20 ../LED_Panel_bsp/\libhal_bsp.a(alt_dcache_flush_all.o)
                0x0000000000008e0c                alt_dcache_flush_all
 .text          0x0000000000008e2c       0x2c ../LED_Panel_bsp/\libhal_bsp.a(alt_dev.o)
 .text          0x0000000000008e58       0xf4 ../LED_Panel_bsp/\libhal_bsp.a(alt_dev_llist_insert.o)
                0x0000000000008ea8                alt_dev_llist_insert
 .text          0x0000000000008f4c        0x0 ../LED_Panel_bsp/\libhal_bsp.a(alt_errno.o)
 .text          0x0000000000008f4c       0x34 ../LED_Panel_bsp/\libhal_bsp.a(alt_icache_flush_all.o)
                0x0000000000008f4c                alt_icache_flush_all
 .text          0x0000000000008f80      0x1e0 ../LED_Panel_bsp/\libhal_bsp.a(alt_iic.o)
                0x0000000000008f80                alt_ic_isr_register
                0x0000000000008fd0                alt_ic_irq_enable
                0x0000000000009070                alt_ic_irq_disable
                0x0000000000009114                alt_ic_irq_enabled
 .text          0x0000000000009160       0xf0 ../LED_Panel_bsp/\libhal_bsp.a(alt_iic_isr_register.o)
                0x0000000000009160                alt_iic_isr_register
 .text          0x0000000000009250      0x140 ../LED_Panel_bsp/\libhal_bsp.a(alt_io_redirect.o)
                0x0000000000009314                alt_io_redirect
 .text          0x0000000000009390        0x0 ../LED_Panel_bsp/\libhal_bsp.a(alt_irq_entry.o)
 .text          0x0000000000009390        0x0 ../LED_Panel_bsp/\libhal_bsp.a(alt_irq_handler.o)
 .text          0x0000000000009390        0x0 ../LED_Panel_bsp/\libhal_bsp.a(alt_irq_vars.o)
 .text          0x0000000000009390      0x274 ../LED_Panel_bsp/\libhal_bsp.a(alt_open.o)
                0x00000000000094ac                open
 .text          0x0000000000009604       0x64 ../LED_Panel_bsp/\libhal_bsp.a(alt_release_fd.o)
                0x0000000000009604                alt_release_fd
 .text          0x0000000000009668      0x1a4 ../LED_Panel_bsp/\libhal_bsp.a(alt_tick.o)
                0x0000000000009668                alt_alarm_stop
                0x0000000000009704                alt_tick
 .text          0x000000000000980c       0x24 ../LED_Panel_bsp/\libhal_bsp.a(altera_nios2_qsys_irq.o)
                0x000000000000980c                altera_nios2_qsys_irq_init
 .text          0x0000000000009830        0x0 ../LED_Panel_bsp/\libhal_bsp.a(alt_exception_entry.o)
 .text          0x0000000000009830       0x90 ../LED_Panel_bsp/\libhal_bsp.a(alt_find_dev.o)
                0x0000000000009830                alt_find_dev
 .text          0x00000000000098c0      0x114 ../LED_Panel_bsp/\libhal_bsp.a(alt_find_file.o)
                0x00000000000098c0                alt_find_file
 .text          0x00000000000099d4       0xb4 ../LED_Panel_bsp/\libhal_bsp.a(alt_get_fd.o)
                0x00000000000099d4                alt_get_fd
 .text          0x0000000000009a88       0x90 ../LED_Panel_bsp/\libhal_bsp.a(alt_icache_flush.o)
                0x0000000000009a88                alt_icache_flush
 .text          0x0000000000009b18        0x0 c:/altera_lite/16.0/nios2eds/bin/gnu/h-x86_64-mingw32/bin/../lib/gcc/nios2-elf/5.2.0/../../../../../H-x86_64-mingw32/nios2-elf/lib\libsmallc.a(lib_a-exit.o)
 .text.exit     0x0000000000009b18       0x20 c:/altera_lite/16.0/nios2eds/bin/gnu/h-x86_64-mingw32/bin/../lib/gcc/nios2-elf/5.2.0/../../../../../H-x86_64-mingw32/nios2-elf/lib\libsmallc.a(lib_a-exit.o)
                0x0000000000009b18                exit
 .text          0x0000000000009b38        0x0 c:/altera_lite/16.0/nios2eds/bin/gnu/h-x86_64-mingw32/bin/../lib/gcc/nios2-elf/5.2.0/../../../../../H-x86_64-mingw32/nios2-elf/lib\libsmallc.a(lib_a-memcmp.o)
 .text.memcmp   0x0000000000009b38       0x30 c:/altera_lite/16.0/nios2eds/bin/gnu/h-x86_64-mingw32/bin/../lib/gcc/nios2-elf/5.2.0/../../../../../H-x86_64-mingw32/nios2-elf/lib\libsmallc.a(lib_a-memcmp.o)
                0x0000000000009b38                memcmp
 .text          0x0000000000009b68        0x0 c:/altera_lite/16.0/nios2eds/bin/gnu/h-x86_64-mingw32/bin/../lib/gcc/nios2-elf/5.2.0/../../../../../H-x86_64-mingw32/nios2-elf/lib\libsmallc.a(lib_a-__call_atexit.o)
 .text.__call_exitprocs
                0x0000000000009b68      0x190 c:/altera_lite/16.0/nios2eds/bin/gnu/h-x86_64-mingw32/bin/../lib/gcc/nios2-elf/5.2.0/../../../../../H-x86_64-mingw32/nios2-elf/lib\libsmallc.a(lib_a-__call_atexit.o)
                0x0000000000009b68                __call_exitprocs
 .text          0x0000000000009cf8       0x34 ../LED_Panel_bsp/\libhal_bsp.a(alt_exit.o)
                0x0000000000009cf8                _exit
 *(.gnu.warning.*)
 *(.fini)
                [!provide]                        PROVIDE (__etext, ABSOLUTE (.))
                [!provide]                        PROVIDE (_etext, ABSOLUTE (.))
                [!provide]                        PROVIDE (etext, ABSOLUTE (.))
 *(.eh_frame_hdr)
                0x0000000000009d2c                . = ALIGN (0x4)
                [!provide]                        PROVIDE (__preinit_array_start, ABSOLUTE (.))
 *(.preinit_array)
                [!provide]                        PROVIDE (__preinit_array_end, ABSOLUTE (.))
                [!provide]                        PROVIDE (__init_array_start, ABSOLUTE (.))
 *(.init_array)
                [!provide]                        PROVIDE (__init_array_end, ABSOLUTE (.))
                [!provide]                        PROVIDE (__fini_array_start, ABSOLUTE (.))
 *(.fini_array)
                [!provide]                        PROVIDE (__fini_array_end, ABSOLUTE (.))
 *(.eh_frame)
 *(.gcc_except_table .gcc_except_table.*)
 *(.dynamic)
                [!provide]                        PROVIDE (__CTOR_LIST__, ABSOLUTE (.))
 *(.ctors)
 *(SORT(.ctors.*))
                [!provide]                        PROVIDE (__CTOR_END__, ABSOLUTE (.))
                [!provide]                        PROVIDE (__DTOR_LIST__, ABSOLUTE (.))
 *(.dtors)
 *(SORT(.dtors.*))
                [!provide]                        PROVIDE (__DTOR_END__, ABSOLUTE (.))
 *(.jcr)
                0x0000000000009d2c                . = ALIGN (0x4)

.rodata         0x0000000000009d2c       0x44
                0x0000000000009d2c                PROVIDE (__ram_rodata_start, ABSOLUTE (.))
                0x0000000000009d2c                . = ALIGN (0x4)
 *(.rodata .rodata.* .gnu.linkonce.r.*)
 .rodata        0x0000000000009d2c       0x14 obj/default/hello_world.o
 .rodata.str1.4
                0x0000000000009d40        0x4 c:/altera_lite/16.0/nios2eds/bin/gnu/h-x86_64-mingw32/bin/../lib/gcc/nios2-elf/5.2.0/../../../../../H-x86_64-mingw32/nios2-elf/lib\libsmallc.a(lib_a-puts.o)
                                          0x2 (size before relaxing)
 .rodata        0x0000000000009d44        0xf ../LED_Panel_bsp/\libhal_bsp.a(alt_main.o)
 *fill*         0x0000000000009d53        0x1 
 .rodata        0x0000000000009d54        0xf ../LED_Panel_bsp/\libhal_bsp.a(alt_sys_init.o)
 *fill*         0x0000000000009d63        0x1 
 .rodata        0x0000000000009d64        0xa ../LED_Panel_bsp/\libhal_bsp.a(alt_dev.o)
 *(.rodata1)
                0x0000000000009d70                . = ALIGN (0x4)
 *fill*         0x0000000000009d6e        0x2 
                0x0000000000009d70                PROVIDE (__ram_rodata_end, ABSOLUTE (.))
                0x0000000000009d2c                PROVIDE (__flash_rodata_start, LOADADDR (.rodata))

.rwdata         0x0000000000009d70      0x2e0 load address 0x000000000000a050
                0x0000000000009d70                PROVIDE (__ram_rwdata_start, ABSOLUTE (.))
                0x0000000000009d70                . = ALIGN (0x4)
 *(.got.plt)
 *(.got)
 *(.data1)
 *(.data .data.* .gnu.linkonce.d.*)
 .data          0x0000000000009d70        0x0 ../LED_Panel_bsp//obj/HAL/src/crt0.o
 .data          0x0000000000009d70        0x0 obj/default/hello_world.o
 .data          0x0000000000009d70        0x0 c:/altera_lite/16.0/nios2eds/bin/gnu/h-x86_64-mingw32/bin/../lib/gcc/nios2-elf/5.2.0/../../../../../H-x86_64-mingw32/nios2-elf/lib\libsmallc.a(lib_a-puts.o)
 .data          0x0000000000009d70        0x0 c:/altera_lite/16.0/nios2eds/bin/gnu/h-x86_64-mingw32/bin/../lib/gcc/nios2-elf/5.2.0/../../../../../H-x86_64-mingw32/nios2-elf/lib\libsmallc.a(lib_a-strlen.o)
 .data          0x0000000000009d70        0x0 c:/altera_lite/16.0/nios2eds/bin/gnu/h-x86_64-mingw32/bin/../lib/gcc/nios2-elf/5.2.0/../../../../../H-x86_64-mingw32/nios2-elf/lib\libsmallc.a(lib_a-fvwrite_small_dev.o)
 .data          0x0000000000009d70        0x0 c:/altera_lite/16.0/nios2eds/bin/gnu/h-x86_64-mingw32/bin/../lib/gcc/nios2-elf/5.2.0/../../../../../H-x86_64-mingw32/nios2-elf/lib\libsmallc.a(lib_a-impure.o)
 .data.impure_data
                0x0000000000009d70       0xe0 c:/altera_lite/16.0/nios2eds/bin/gnu/h-x86_64-mingw32/bin/../lib/gcc/nios2-elf/5.2.0/../../../../../H-x86_64-mingw32/nios2-elf/lib\libsmallc.a(lib_a-impure.o)
 .data          0x0000000000009e50        0x0 c:/altera_lite/16.0/nios2eds/bin/gnu/h-x86_64-mingw32/bin/../lib/gcc/nios2-elf/5.2.0/../../../../../H-x86_64-mingw32/nios2-elf/lib\libsmallc.a(lib_a-writer.o)
 .data          0x0000000000009e50        0x0 c:/altera_lite/16.0/nios2eds/bin/gnu/h-x86_64-mingw32/bin/../lib/gcc/nios2-elf/5.2.0/../../../../../H-x86_64-mingw32/nios2-elf/lib\libsmallc.a(lib_a-int_errno.o)
 .data          0x0000000000009e50        0x0 ../LED_Panel_bsp/\libhal_bsp.a(alt_load.o)
 .data          0x0000000000009e50        0x0 ../LED_Panel_bsp/\libhal_bsp.a(alt_main.o)
 .data          0x0000000000009e50        0x0 ../LED_Panel_bsp/\libhal_bsp.a(alt_write.o)
 .data          0x0000000000009e50       0x2c ../LED_Panel_bsp/\libhal_bsp.a(alt_sys_init.o)
 .data          0x0000000000009e7c        0x0 ../LED_Panel_bsp/\libhal_bsp.a(altera_avalon_jtag_uart_fd.o)
 .data          0x0000000000009e7c        0x0 ../LED_Panel_bsp/\libhal_bsp.a(altera_avalon_jtag_uart_read.o)
 .data          0x0000000000009e7c        0x0 ../LED_Panel_bsp/\libhal_bsp.a(altera_avalon_jtag_uart_write.o)
 .data          0x0000000000009e7c        0x0 ../LED_Panel_bsp/\libhal_bsp.a(altera_avalon_timer_sc.o)
 .data          0x0000000000009e7c        0x0 ../LED_Panel_bsp/\libhal_bsp.a(alt_close.o)
 .data          0x0000000000009e7c        0x0 ../LED_Panel_bsp/\libhal_bsp.a(alt_dcache_flush_all.o)
 .data          0x0000000000009e7c      0x1a8 ../LED_Panel_bsp/\libhal_bsp.a(alt_dev.o)
                0x0000000000009e7c                alt_dev_null
                0x0000000000009ea4                alt_fd_list
 .data          0x000000000000a024        0x0 ../LED_Panel_bsp/\libhal_bsp.a(alt_dev_llist_insert.o)
 .data          0x000000000000a024        0x0 ../LED_Panel_bsp/\libhal_bsp.a(alt_errno.o)
 .data          0x000000000000a024        0x0 ../LED_Panel_bsp/\libhal_bsp.a(alt_icache_flush_all.o)
 .data          0x000000000000a024        0x0 ../LED_Panel_bsp/\libhal_bsp.a(alt_iic.o)
 .data          0x000000000000a024        0x0 ../LED_Panel_bsp/\libhal_bsp.a(alt_iic_isr_register.o)
 .data          0x000000000000a024        0x0 ../LED_Panel_bsp/\libhal_bsp.a(alt_io_redirect.o)
 .data          0x000000000000a024        0x0 ../LED_Panel_bsp/\libhal_bsp.a(alt_irq_entry.o)
 .data          0x000000000000a024        0x0 ../LED_Panel_bsp/\libhal_bsp.a(alt_irq_handler.o)
 .data          0x000000000000a024        0x0 ../LED_Panel_bsp/\libhal_bsp.a(alt_irq_vars.o)
 .data          0x000000000000a024        0x0 ../LED_Panel_bsp/\libhal_bsp.a(alt_open.o)
 .data          0x000000000000a024        0x0 ../LED_Panel_bsp/\libhal_bsp.a(alt_release_fd.o)
 .data          0x000000000000a024        0x0 ../LED_Panel_bsp/\libhal_bsp.a(alt_tick.o)
 .data          0x000000000000a024        0x0 ../LED_Panel_bsp/\libhal_bsp.a(altera_nios2_qsys_irq.o)
 .data          0x000000000000a024        0x0 ../LED_Panel_bsp/\libhal_bsp.a(alt_exception_entry.o)
 .data          0x000000000000a024        0x0 ../LED_Panel_bsp/\libhal_bsp.a(alt_find_dev.o)
 .data          0x000000000000a024        0x0 ../LED_Panel_bsp/\libhal_bsp.a(alt_find_file.o)
 .data          0x000000000000a024        0x0 ../LED_Panel_bsp/\libhal_bsp.a(alt_get_fd.o)
 .data          0x000000000000a024        0x0 ../LED_Panel_bsp/\libhal_bsp.a(alt_icache_flush.o)
 .data          0x000000000000a024        0x0 c:/altera_lite/16.0/nios2eds/bin/gnu/h-x86_64-mingw32/bin/../lib/gcc/nios2-elf/5.2.0/../../../../../H-x86_64-mingw32/nios2-elf/lib\libsmallc.a(lib_a-exit.o)
 .data          0x000000000000a024        0x0 c:/altera_lite/16.0/nios2eds/bin/gnu/h-x86_64-mingw32/bin/../lib/gcc/nios2-elf/5.2.0/../../../../../H-x86_64-mingw32/nios2-elf/lib\libsmallc.a(lib_a-memcmp.o)
 .data          0x000000000000a024        0x0 c:/altera_lite/16.0/nios2eds/bin/gnu/h-x86_64-mingw32/bin/../lib/gcc/nios2-elf/5.2.0/../../../../../H-x86_64-mingw32/nios2-elf/lib\libsmallc.a(lib_a-__call_atexit.o)
 .data          0x000000000000a024        0x0 ../LED_Panel_bsp/\libhal_bsp.a(alt_exit.o)
                0x0000000000012024                _gp = ABSOLUTE ((. + 0x8000))
                [!provide]                        PROVIDE (gp, _gp)
 *(.rwdata .rwdata.*)
 *(.sdata .sdata.* .gnu.linkonce.s.*)
 .sdata._global_impure_ptr
                0x000000000000a024        0x4 c:/altera_lite/16.0/nios2eds/bin/gnu/h-x86_64-mingw32/bin/../lib/gcc/nios2-elf/5.2.0/../../../../../H-x86_64-mingw32/nios2-elf/lib\libsmallc.a(lib_a-impure.o)
                0x000000000000a024                _global_impure_ptr
 .sdata._impure_ptr
                0x000000000000a028        0x4 c:/altera_lite/16.0/nios2eds/bin/gnu/h-x86_64-mingw32/bin/../lib/gcc/nios2-elf/5.2.0/../../../../../H-x86_64-mingw32/nios2-elf/lib\libsmallc.a(lib_a-impure.o)
                0x000000000000a028                _impure_ptr
 .sdata         0x000000000000a02c       0x14 ../LED_Panel_bsp/\libhal_bsp.a(alt_dev.o)
                0x000000000000a02c                alt_fs_list
                0x000000000000a034                alt_dev_list
                0x000000000000a03c                alt_max_fd
 .sdata         0x000000000000a040        0x4 ../LED_Panel_bsp/\libhal_bsp.a(alt_errno.o)
                0x000000000000a040                alt_errno
 .sdata         0x000000000000a044        0x4 ../LED_Panel_bsp/\libhal_bsp.a(alt_irq_vars.o)
                0x000000000000a044                alt_priority_mask
 .sdata         0x000000000000a048        0x8 ../LED_Panel_bsp/\libhal_bsp.a(alt_tick.o)
                0x000000000000a048                alt_alarm_list
 *(.sdata2 .sdata2.* .gnu.linkonce.s2.*)
                0x000000000000a050                . = ALIGN (0x4)
                0x000000000000a050                _edata = ABSOLUTE (.)
                [!provide]                        PROVIDE (edata, ABSOLUTE (.))
                0x000000000000a050                PROVIDE (__ram_rwdata_end, ABSOLUTE (.))
                0x000000000000a050                PROVIDE (__flash_rwdata_start, LOADADDR (.rwdata))

.bss            0x000000000000a330      0x124
                0x000000000000a330                __bss_start = ABSOLUTE (.)
                [!provide]                        PROVIDE (__sbss_start, ABSOLUTE (.))
                [!provide]                        PROVIDE (___sbss_start, ABSOLUTE (.))
 *(.dynsbss)
 *(.sbss .sbss.* .gnu.linkonce.sb.*)
 .sbss          0x000000000000a330        0x8 obj/default/hello_world.o
                0x000000000000a330                outflags
                0x000000000000a334                idle
 .sbss          0x000000000000a338        0x4 c:/altera_lite/16.0/nios2eds/bin/gnu/h-x86_64-mingw32/bin/../lib/gcc/nios2-elf/5.2.0/../../../../../H-x86_64-mingw32/nios2-elf/lib\libsmallc.a(lib_a-int_errno.o)
                0x000000000000a338                errno
 .sbss          0x000000000000a33c        0xc ../LED_Panel_bsp/\libhal_bsp.a(alt_main.o)
                0x000000000000a33c                alt_argc
                0x000000000000a340                alt_argv
                0x000000000000a344                alt_envp
 .sbss          0x000000000000a348        0x4 ../LED_Panel_bsp/\libhal_bsp.a(alt_irq_vars.o)
                0x000000000000a348                alt_irq_active
 .sbss          0x000000000000a34c        0x8 ../LED_Panel_bsp/\libhal_bsp.a(alt_tick.o)
                0x000000000000a34c                _alt_tick_rate
                0x000000000000a350                _alt_nticks
 *(.sbss2 .sbss2.* .gnu.linkonce.sb2.*)
 *(.scommon)
                [!provide]                        PROVIDE (__sbss_end, ABSOLUTE (.))
                [!provide]                        PROVIDE (___sbss_end, ABSOLUTE (.))
 *(.dynbss)
 *(.bss .bss.* .gnu.linkonce.b.*)
 .bss           0x000000000000a354        0x0 ../LED_Panel_bsp//obj/HAL/src/crt0.o
 .bss           0x000000000000a354        0x0 obj/default/hello_world.o
 .bss           0x000000000000a354        0x0 c:/altera_lite/16.0/nios2eds/bin/gnu/h-x86_64-mingw32/bin/../lib/gcc/nios2-elf/5.2.0/../../../../../H-x86_64-mingw32/nios2-elf/lib\libsmallc.a(lib_a-puts.o)
 .bss           0x000000000000a354        0x0 c:/altera_lite/16.0/nios2eds/bin/gnu/h-x86_64-mingw32/bin/../lib/gcc/nios2-elf/5.2.0/../../../../../H-x86_64-mingw32/nios2-elf/lib\libsmallc.a(lib_a-strlen.o)
 .bss           0x000000000000a354        0x0 c:/altera_lite/16.0/nios2eds/bin/gnu/h-x86_64-mingw32/bin/../lib/gcc/nios2-elf/5.2.0/../../../../../H-x86_64-mingw32/nios2-elf/lib\libsmallc.a(lib_a-fvwrite_small_dev.o)
 .bss           0x000000000000a354        0x0 c:/altera_lite/16.0/nios2eds/bin/gnu/h-x86_64-mingw32/bin/../lib/gcc/nios2-elf/5.2.0/../../../../../H-x86_64-mingw32/nios2-elf/lib\libsmallc.a(lib_a-impure.o)
 .bss           0x000000000000a354        0x0 c:/altera_lite/16.0/nios2eds/bin/gnu/h-x86_64-mingw32/bin/../lib/gcc/nios2-elf/5.2.0/../../../../../H-x86_64-mingw32/nios2-elf/lib\libsmallc.a(lib_a-writer.o)
 .bss           0x000000000000a354        0x0 c:/altera_lite/16.0/nios2eds/bin/gnu/h-x86_64-mingw32/bin/../lib/gcc/nios2-elf/5.2.0/../../../../../H-x86_64-mingw32/nios2-elf/lib\libsmallc.a(lib_a-int_errno.o)
 .bss           0x000000000000a354        0x0 ../LED_Panel_bsp/\libhal_bsp.a(alt_load.o)
 .bss           0x000000000000a354        0x0 ../LED_Panel_bsp/\libhal_bsp.a(alt_main.o)
 .bss           0x000000000000a354        0x0 ../LED_Panel_bsp/\libhal_bsp.a(alt_write.o)
 .bss           0x000000000000a354        0x0 ../LED_Panel_bsp/\libhal_bsp.a(alt_sys_init.o)
 .bss           0x000000000000a354        0x0 ../LED_Panel_bsp/\libhal_bsp.a(altera_avalon_jtag_uart_fd.o)
 .bss           0x000000000000a354        0x0 ../LED_Panel_bsp/\libhal_bsp.a(altera_avalon_jtag_uart_read.o)
 .bss           0x000000000000a354        0x0 ../LED_Panel_bsp/\libhal_bsp.a(altera_avalon_jtag_uart_write.o)
 .bss           0x000000000000a354        0x0 ../LED_Panel_bsp/\libhal_bsp.a(altera_avalon_timer_sc.o)
 .bss           0x000000000000a354        0x0 ../LED_Panel_bsp/\libhal_bsp.a(alt_close.o)
 .bss           0x000000000000a354        0x0 ../LED_Panel_bsp/\libhal_bsp.a(alt_dcache_flush_all.o)
 .bss           0x000000000000a354        0x0 ../LED_Panel_bsp/\libhal_bsp.a(alt_dev.o)
 .bss           0x000000000000a354        0x0 ../LED_Panel_bsp/\libhal_bsp.a(alt_dev_llist_insert.o)
 .bss           0x000000000000a354        0x0 ../LED_Panel_bsp/\libhal_bsp.a(alt_errno.o)
 .bss           0x000000000000a354        0x0 ../LED_Panel_bsp/\libhal_bsp.a(alt_icache_flush_all.o)
 .bss           0x000000000000a354        0x0 ../LED_Panel_bsp/\libhal_bsp.a(alt_iic.o)
 .bss           0x000000000000a354        0x0 ../LED_Panel_bsp/\libhal_bsp.a(alt_iic_isr_register.o)
 .bss           0x000000000000a354        0x0 ../LED_Panel_bsp/\libhal_bsp.a(alt_io_redirect.o)
 .bss           0x000000000000a354        0x0 ../LED_Panel_bsp/\libhal_bsp.a(alt_irq_entry.o)
 .bss           0x000000000000a354        0x0 ../LED_Panel_bsp/\libhal_bsp.a(alt_irq_handler.o)
 .bss           0x000000000000a354        0x0 ../LED_Panel_bsp/\libhal_bsp.a(alt_irq_vars.o)
 .bss           0x000000000000a354        0x0 ../LED_Panel_bsp/\libhal_bsp.a(alt_open.o)
 .bss           0x000000000000a354        0x0 ../LED_Panel_bsp/\libhal_bsp.a(alt_release_fd.o)
 .bss           0x000000000000a354        0x0 ../LED_Panel_bsp/\libhal_bsp.a(alt_tick.o)
 .bss           0x000000000000a354        0x0 ../LED_Panel_bsp/\libhal_bsp.a(altera_nios2_qsys_irq.o)
 .bss           0x000000000000a354        0x0 ../LED_Panel_bsp/\libhal_bsp.a(alt_exception_entry.o)
 .bss           0x000000000000a354        0x0 ../LED_Panel_bsp/\libhal_bsp.a(alt_find_dev.o)
 .bss           0x000000000000a354        0x0 ../LED_Panel_bsp/\libhal_bsp.a(alt_find_file.o)
 .bss           0x000000000000a354        0x0 ../LED_Panel_bsp/\libhal_bsp.a(alt_get_fd.o)
 .bss           0x000000000000a354        0x0 ../LED_Panel_bsp/\libhal_bsp.a(alt_icache_flush.o)
 .bss           0x000000000000a354        0x0 c:/altera_lite/16.0/nios2eds/bin/gnu/h-x86_64-mingw32/bin/../lib/gcc/nios2-elf/5.2.0/../../../../../H-x86_64-mingw32/nios2-elf/lib\libsmallc.a(lib_a-exit.o)
 .bss           0x000000000000a354        0x0 c:/altera_lite/16.0/nios2eds/bin/gnu/h-x86_64-mingw32/bin/../lib/gcc/nios2-elf/5.2.0/../../../../../H-x86_64-mingw32/nios2-elf/lib\libsmallc.a(lib_a-memcmp.o)
 .bss           0x000000000000a354        0x0 c:/altera_lite/16.0/nios2eds/bin/gnu/h-x86_64-mingw32/bin/../lib/gcc/nios2-elf/5.2.0/../../../../../H-x86_64-mingw32/nios2-elf/lib\libsmallc.a(lib_a-__call_atexit.o)
 .bss           0x000000000000a354        0x0 ../LED_Panel_bsp/\libhal_bsp.a(alt_exit.o)
 *(COMMON)
 COMMON         0x000000000000a354      0x100 ../LED_Panel_bsp/\libhal_bsp.a(alt_irq_handler.o)
                0x000000000000a354                alt_irq
                0x000000000000a454                . = ALIGN (0x4)
                0x000000000000a454                __bss_end = ABSOLUTE (.)

.onchip_memory2_0
                0x000000000000a454        0x0
                [!provide]                        PROVIDE (_alt_partition_onchip_memory2_0_start, ABSOLUTE (.))
 *(.onchip_memory2_0 .onchip_memory2_0. onchip_memory2_0.*)
                0x000000000000a454                . = ALIGN (0x4)
                [!provide]                        PROVIDE (_alt_partition_onchip_memory2_0_end, ABSOLUTE (.))
                0x000000000000a454                _end = ABSOLUTE (.)
                0x000000000000a454                end = ABSOLUTE (.)
                0x000000000000a454                __alt_stack_base = ABSOLUTE (.)
                [!provide]                        PROVIDE (_alt_partition_onchip_memory2_0_load_addr, LOADADDR (.onchip_memory2_0))

.stab
 *(.stab)

.stabstr
 *(.stabstr)

.stab.excl
 *(.stab.excl)

.stab.exclstr
 *(.stab.exclstr)

.stab.index
 *(.stab.index)

.stab.indexstr
 *(.stab.indexstr)

.comment        0x0000000000000000       0x23
 *(.comment)
 .comment       0x0000000000000000       0x23 obj/default/hello_world.o
                                         0x24 (size before relaxing)
 .comment       0x0000000000000023       0x24 c:/altera_lite/16.0/nios2eds/bin/gnu/h-x86_64-mingw32/bin/../lib/gcc/nios2-elf/5.2.0/../../../../../H-x86_64-mingw32/nios2-elf/lib\libsmallc.a(lib_a-puts.o)
 .comment       0x0000000000000023       0x24 c:/altera_lite/16.0/nios2eds/bin/gnu/h-x86_64-mingw32/bin/../lib/gcc/nios2-elf/5.2.0/../../../../../H-x86_64-mingw32/nios2-elf/lib\libsmallc.a(lib_a-strlen.o)
 .comment       0x0000000000000023       0x24 c:/altera_lite/16.0/nios2eds/bin/gnu/h-x86_64-mingw32/bin/../lib/gcc/nios2-elf/5.2.0/../../../../../H-x86_64-mingw32/nios2-elf/lib\libsmallc.a(lib_a-fvwrite_small_dev.o)
 .comment       0x0000000000000023       0x24 c:/altera_lite/16.0/nios2eds/bin/gnu/h-x86_64-mingw32/bin/../lib/gcc/nios2-elf/5.2.0/../../../../../H-x86_64-mingw32/nios2-elf/lib\libsmallc.a(lib_a-impure.o)
 .comment       0x0000000000000023       0x24 c:/altera_lite/16.0/nios2eds/bin/gnu/h-x86_64-mingw32/bin/../lib/gcc/nios2-elf/5.2.0/../../../../../H-x86_64-mingw32/nios2-elf/lib\libsmallc.a(lib_a-writer.o)
 .comment       0x0000000000000023       0x24 c:/altera_lite/16.0/nios2eds/bin/gnu/h-x86_64-mingw32/bin/../lib/gcc/nios2-elf/5.2.0/../../../../../H-x86_64-mingw32/nios2-elf/lib\libsmallc.a(lib_a-int_errno.o)
 .comment       0x0000000000000023       0x24 ../LED_Panel_bsp/\libhal_bsp.a(alt_load.o)
 .comment       0x0000000000000023       0x24 ../LED_Panel_bsp/\libhal_bsp.a(alt_main.o)
 .comment       0x0000000000000023       0x24 ../LED_Panel_bsp/\libhal_bsp.a(alt_write.o)
 .comment       0x0000000000000023       0x24 ../LED_Panel_bsp/\libhal_bsp.a(alt_sys_init.o)
 .comment       0x0000000000000023       0x24 ../LED_Panel_bsp/\libhal_bsp.a(altera_avalon_jtag_uart_fd.o)
 .comment       0x0000000000000023       0x24 ../LED_Panel_bsp/\libhal_bsp.a(altera_avalon_jtag_uart_read.o)
 .comment       0x0000000000000023       0x24 ../LED_Panel_bsp/\libhal_bsp.a(altera_avalon_jtag_uart_write.o)
 .comment       0x0000000000000023       0x24 ../LED_Panel_bsp/\libhal_bsp.a(altera_avalon_timer_sc.o)
 .comment       0x0000000000000023       0x24 ../LED_Panel_bsp/\libhal_bsp.a(alt_close.o)
 .comment       0x0000000000000023       0x24 ../LED_Panel_bsp/\libhal_bsp.a(alt_dcache_flush_all.o)
 .comment       0x0000000000000023       0x24 ../LED_Panel_bsp/\libhal_bsp.a(alt_dev.o)
 .comment       0x0000000000000023       0x24 ../LED_Panel_bsp/\libhal_bsp.a(alt_dev_llist_insert.o)
 .comment       0x0000000000000023       0x24 ../LED_Panel_bsp/\libhal_bsp.a(alt_errno.o)
 .comment       0x0000000000000023       0x24 ../LED_Panel_bsp/\libhal_bsp.a(alt_icache_flush_all.o)
 .comment       0x0000000000000023       0x24 ../LED_Panel_bsp/\libhal_bsp.a(alt_iic.o)
 .comment       0x0000000000000023       0x24 ../LED_Panel_bsp/\libhal_bsp.a(alt_iic_isr_register.o)
 .comment       0x0000000000000023       0x24 ../LED_Panel_bsp/\libhal_bsp.a(alt_io_redirect.o)
 .comment       0x0000000000000023       0x24 ../LED_Panel_bsp/\libhal_bsp.a(alt_irq_handler.o)
 .comment       0x0000000000000023       0x24 ../LED_Panel_bsp/\libhal_bsp.a(alt_irq_vars.o)
 .comment       0x0000000000000023       0x24 ../LED_Panel_bsp/\libhal_bsp.a(alt_open.o)
 .comment       0x0000000000000023       0x24 ../LED_Panel_bsp/\libhal_bsp.a(alt_release_fd.o)
 .comment       0x0000000000000023       0x24 ../LED_Panel_bsp/\libhal_bsp.a(alt_tick.o)
 .comment       0x0000000000000023       0x24 ../LED_Panel_bsp/\libhal_bsp.a(altera_nios2_qsys_irq.o)
 .comment       0x0000000000000023       0x24 ../LED_Panel_bsp/\libhal_bsp.a(alt_find_dev.o)
 .comment       0x0000000000000023       0x24 ../LED_Panel_bsp/\libhal_bsp.a(alt_find_file.o)
 .comment       0x0000000000000023       0x24 ../LED_Panel_bsp/\libhal_bsp.a(alt_get_fd.o)
 .comment       0x0000000000000023       0x24 ../LED_Panel_bsp/\libhal_bsp.a(alt_icache_flush.o)
 .comment       0x0000000000000023       0x24 c:/altera_lite/16.0/nios2eds/bin/gnu/h-x86_64-mingw32/bin/../lib/gcc/nios2-elf/5.2.0/../../../../../H-x86_64-mingw32/nios2-elf/lib\libsmallc.a(lib_a-exit.o)
 .comment       0x0000000000000023       0x24 c:/altera_lite/16.0/nios2eds/bin/gnu/h-x86_64-mingw32/bin/../lib/gcc/nios2-elf/5.2.0/../../../../../H-x86_64-mingw32/nios2-elf/lib\libsmallc.a(lib_a-memcmp.o)
 .comment       0x0000000000000023       0x24 c:/altera_lite/16.0/nios2eds/bin/gnu/h-x86_64-mingw32/bin/../lib/gcc/nios2-elf/5.2.0/../../../../../H-x86_64-mingw32/nios2-elf/lib\libsmallc.a(lib_a-__call_atexit.o)
 .comment       0x0000000000000023       0x24 ../LED_Panel_bsp/\libhal_bsp.a(alt_exit.o)

.debug
 *(.debug)

.line
 *(.line)

.debug_srcinfo
 *(.debug_srcinfo)

.debug_sfnames
 *(.debug_sfnames)

.debug_aranges  0x0000000000000000      0x538
 *(.debug_aranges)
 .debug_aranges
                0x0000000000000000       0x28 ../LED_Panel_bsp//obj/HAL/src/crt0.o
 .debug_aranges
                0x0000000000000028       0x20 obj/default/hello_world.o
 .debug_aranges
                0x0000000000000048       0x28 c:/altera_lite/16.0/nios2eds/bin/gnu/h-x86_64-mingw32/bin/../lib/gcc/nios2-elf/5.2.0/../../../../../H-x86_64-mingw32/nios2-elf/lib\libsmallc.a(lib_a-puts.o)
 .debug_aranges
                0x0000000000000070       0x20 c:/altera_lite/16.0/nios2eds/bin/gnu/h-x86_64-mingw32/bin/../lib/gcc/nios2-elf/5.2.0/../../../../../H-x86_64-mingw32/nios2-elf/lib\libsmallc.a(lib_a-strlen.o)
 .debug_aranges
                0x0000000000000090       0x20 c:/altera_lite/16.0/nios2eds/bin/gnu/h-x86_64-mingw32/bin/../lib/gcc/nios2-elf/5.2.0/../../../../../H-x86_64-mingw32/nios2-elf/lib\libsmallc.a(lib_a-fvwrite_small_dev.o)
 .debug_aranges
                0x00000000000000b0       0x18 c:/altera_lite/16.0/nios2eds/bin/gnu/h-x86_64-mingw32/bin/../lib/gcc/nios2-elf/5.2.0/../../../../../H-x86_64-mingw32/nios2-elf/lib\libsmallc.a(lib_a-impure.o)
 .debug_aranges
                0x00000000000000c8       0x20 c:/altera_lite/16.0/nios2eds/bin/gnu/h-x86_64-mingw32/bin/../lib/gcc/nios2-elf/5.2.0/../../../../../H-x86_64-mingw32/nios2-elf/lib\libsmallc.a(lib_a-writer.o)
 .debug_aranges
                0x00000000000000e8       0x18 c:/altera_lite/16.0/nios2eds/bin/gnu/h-x86_64-mingw32/bin/../lib/gcc/nios2-elf/5.2.0/../../../../../H-x86_64-mingw32/nios2-elf/lib\libsmallc.a(lib_a-int_errno.o)
 .debug_aranges
                0x0000000000000100       0x20 ../LED_Panel_bsp/\libhal_bsp.a(alt_load.o)
 .debug_aranges
                0x0000000000000120       0x20 ../LED_Panel_bsp/\libhal_bsp.a(alt_main.o)
 .debug_aranges
                0x0000000000000140       0x20 ../LED_Panel_bsp/\libhal_bsp.a(alt_write.o)
 .debug_aranges
                0x0000000000000160       0x20 ../LED_Panel_bsp/\libhal_bsp.a(alt_sys_init.o)
 .debug_aranges
                0x0000000000000180       0x20 ../LED_Panel_bsp/\libhal_bsp.a(altera_avalon_jtag_uart_fd.o)
 .debug_aranges
                0x00000000000001a0       0x20 ../LED_Panel_bsp/\libhal_bsp.a(altera_avalon_jtag_uart_read.o)
 .debug_aranges
                0x00000000000001c0       0x20 ../LED_Panel_bsp/\libhal_bsp.a(altera_avalon_jtag_uart_write.o)
 .debug_aranges
                0x00000000000001e0       0x20 ../LED_Panel_bsp/\libhal_bsp.a(altera_avalon_timer_sc.o)
 .debug_aranges
                0x0000000000000200       0x20 ../LED_Panel_bsp/\libhal_bsp.a(alt_close.o)
 .debug_aranges
                0x0000000000000220       0x20 ../LED_Panel_bsp/\libhal_bsp.a(alt_dcache_flush_all.o)
 .debug_aranges
                0x0000000000000240       0x20 ../LED_Panel_bsp/\libhal_bsp.a(alt_dev.o)
 .debug_aranges
                0x0000000000000260       0x20 ../LED_Panel_bsp/\libhal_bsp.a(alt_dev_llist_insert.o)
 .debug_aranges
                0x0000000000000280       0x18 ../LED_Panel_bsp/\libhal_bsp.a(alt_errno.o)
 .debug_aranges
                0x0000000000000298       0x20 ../LED_Panel_bsp/\libhal_bsp.a(alt_icache_flush_all.o)
 .debug_aranges
                0x00000000000002b8       0x20 ../LED_Panel_bsp/\libhal_bsp.a(alt_iic.o)
 .debug_aranges
                0x00000000000002d8       0x20 ../LED_Panel_bsp/\libhal_bsp.a(alt_iic_isr_register.o)
 .debug_aranges
                0x00000000000002f8       0x20 ../LED_Panel_bsp/\libhal_bsp.a(alt_io_redirect.o)
 .debug_aranges
                0x0000000000000318       0x30 ../LED_Panel_bsp/\libhal_bsp.a(alt_irq_entry.o)
 .debug_aranges
                0x0000000000000348       0x20 ../LED_Panel_bsp/\libhal_bsp.a(alt_irq_handler.o)
 .debug_aranges
                0x0000000000000368       0x18 ../LED_Panel_bsp/\libhal_bsp.a(alt_irq_vars.o)
 .debug_aranges
                0x0000000000000380       0x20 ../LED_Panel_bsp/\libhal_bsp.a(alt_open.o)
 .debug_aranges
                0x00000000000003a0       0x20 ../LED_Panel_bsp/\libhal_bsp.a(alt_release_fd.o)
 .debug_aranges
                0x00000000000003c0       0x20 ../LED_Panel_bsp/\libhal_bsp.a(alt_tick.o)
 .debug_aranges
                0x00000000000003e0       0x20 ../LED_Panel_bsp/\libhal_bsp.a(altera_nios2_qsys_irq.o)
 .debug_aranges
                0x0000000000000400       0x38 ../LED_Panel_bsp/\libhal_bsp.a(alt_exception_entry.o)
 .debug_aranges
                0x0000000000000438       0x20 ../LED_Panel_bsp/\libhal_bsp.a(alt_find_dev.o)
 .debug_aranges
                0x0000000000000458       0x20 ../LED_Panel_bsp/\libhal_bsp.a(alt_find_file.o)
 .debug_aranges
                0x0000000000000478       0x20 ../LED_Panel_bsp/\libhal_bsp.a(alt_get_fd.o)
 .debug_aranges
                0x0000000000000498       0x20 ../LED_Panel_bsp/\libhal_bsp.a(alt_icache_flush.o)
 .debug_aranges
                0x00000000000004b8       0x20 c:/altera_lite/16.0/nios2eds/bin/gnu/h-x86_64-mingw32/bin/../lib/gcc/nios2-elf/5.2.0/../../../../../H-x86_64-mingw32/nios2-elf/lib\libsmallc.a(lib_a-exit.o)
 .debug_aranges
                0x00000000000004d8       0x20 c:/altera_lite/16.0/nios2eds/bin/gnu/h-x86_64-mingw32/bin/../lib/gcc/nios2-elf/5.2.0/../../../../../H-x86_64-mingw32/nios2-elf/lib\libsmallc.a(lib_a-memcmp.o)
 .debug_aranges
                0x00000000000004f8       0x20 c:/altera_lite/16.0/nios2eds/bin/gnu/h-x86_64-mingw32/bin/../lib/gcc/nios2-elf/5.2.0/../../../../../H-x86_64-mingw32/nios2-elf/lib\libsmallc.a(lib_a-__call_atexit.o)
 .debug_aranges
                0x0000000000000518       0x20 ../LED_Panel_bsp/\libhal_bsp.a(alt_exit.o)

.debug_pubnames
 *(.debug_pubnames)

.debug_info     0x0000000000000000     0x6490
 *(.debug_info .gnu.linkonce.wi.*)
 .debug_info    0x0000000000000000       0x72 ../LED_Panel_bsp//obj/HAL/src/crt0.o
 .debug_info    0x0000000000000072      0x18a obj/default/hello_world.o
 .debug_info    0x00000000000001fc      0x66d c:/altera_lite/16.0/nios2eds/bin/gnu/h-x86_64-mingw32/bin/../lib/gcc/nios2-elf/5.2.0/../../../../../H-x86_64-mingw32/nios2-elf/lib\libsmallc.a(lib_a-puts.o)
 .debug_info    0x0000000000000869       0xc9 c:/altera_lite/16.0/nios2eds/bin/gnu/h-x86_64-mingw32/bin/../lib/gcc/nios2-elf/5.2.0/../../../../../H-x86_64-mingw32/nios2-elf/lib\libsmallc.a(lib_a-strlen.o)
 .debug_info    0x0000000000000932      0x62b c:/altera_lite/16.0/nios2eds/bin/gnu/h-x86_64-mingw32/bin/../lib/gcc/nios2-elf/5.2.0/../../../../../H-x86_64-mingw32/nios2-elf/lib\libsmallc.a(lib_a-fvwrite_small_dev.o)
 .debug_info    0x0000000000000f5d      0x5a9 c:/altera_lite/16.0/nios2eds/bin/gnu/h-x86_64-mingw32/bin/../lib/gcc/nios2-elf/5.2.0/../../../../../H-x86_64-mingw32/nios2-elf/lib\libsmallc.a(lib_a-impure.o)
 .debug_info    0x0000000000001506      0x630 c:/altera_lite/16.0/nios2eds/bin/gnu/h-x86_64-mingw32/bin/../lib/gcc/nios2-elf/5.2.0/../../../../../H-x86_64-mingw32/nios2-elf/lib\libsmallc.a(lib_a-writer.o)
 .debug_info    0x0000000000001b36       0x8a c:/altera_lite/16.0/nios2eds/bin/gnu/h-x86_64-mingw32/bin/../lib/gcc/nios2-elf/5.2.0/../../../../../H-x86_64-mingw32/nios2-elf/lib\libsmallc.a(lib_a-int_errno.o)
 .debug_info    0x0000000000001bc0      0x145 ../LED_Panel_bsp/\libhal_bsp.a(alt_load.o)
 .debug_info    0x0000000000001d05      0x131 ../LED_Panel_bsp/\libhal_bsp.a(alt_main.o)
 .debug_info    0x0000000000001e36      0x4b7 ../LED_Panel_bsp/\libhal_bsp.a(alt_write.o)
 .debug_info    0x00000000000022ed      0x3df ../LED_Panel_bsp/\libhal_bsp.a(alt_sys_init.o)
 .debug_info    0x00000000000026cc      0x3a7 ../LED_Panel_bsp/\libhal_bsp.a(altera_avalon_jtag_uart_fd.o)
 .debug_info    0x0000000000002a73      0x1b2 ../LED_Panel_bsp/\libhal_bsp.a(altera_avalon_jtag_uart_read.o)
 .debug_info    0x0000000000002c25      0x195 ../LED_Panel_bsp/\libhal_bsp.a(altera_avalon_jtag_uart_write.o)
 .debug_info    0x0000000000002dba      0x226 ../LED_Panel_bsp/\libhal_bsp.a(altera_avalon_timer_sc.o)
 .debug_info    0x0000000000002fe0      0x321 ../LED_Panel_bsp/\libhal_bsp.a(alt_close.o)
 .debug_info    0x0000000000003301       0x92 ../LED_Panel_bsp/\libhal_bsp.a(alt_dcache_flush_all.o)
 .debug_info    0x0000000000003393      0x49c ../LED_Panel_bsp/\libhal_bsp.a(alt_dev.o)
 .debug_info    0x000000000000382f      0x1a9 ../LED_Panel_bsp/\libhal_bsp.a(alt_dev_llist_insert.o)
 .debug_info    0x00000000000039d8       0xa6 ../LED_Panel_bsp/\libhal_bsp.a(alt_errno.o)
 .debug_info    0x0000000000003a7e       0x92 ../LED_Panel_bsp/\libhal_bsp.a(alt_icache_flush_all.o)
 .debug_info    0x0000000000003b10      0x350 ../LED_Panel_bsp/\libhal_bsp.a(alt_iic.o)
 .debug_info    0x0000000000003e60      0x1ef ../LED_Panel_bsp/\libhal_bsp.a(alt_iic_isr_register.o)
 .debug_info    0x000000000000404f      0x4a5 ../LED_Panel_bsp/\libhal_bsp.a(alt_io_redirect.o)
 .debug_info    0x00000000000044f4       0x7b ../LED_Panel_bsp/\libhal_bsp.a(alt_irq_entry.o)
 .debug_info    0x000000000000456f      0x187 ../LED_Panel_bsp/\libhal_bsp.a(alt_irq_handler.o)
 .debug_info    0x00000000000046f6       0x88 ../LED_Panel_bsp/\libhal_bsp.a(alt_irq_vars.o)
 .debug_info    0x000000000000477e      0x3bb ../LED_Panel_bsp/\libhal_bsp.a(alt_open.o)
 .debug_info    0x0000000000004b39      0x2b0 ../LED_Panel_bsp/\libhal_bsp.a(alt_release_fd.o)
 .debug_info    0x0000000000004de9      0x299 ../LED_Panel_bsp/\libhal_bsp.a(alt_tick.o)
 .debug_info    0x0000000000005082       0x92 ../LED_Panel_bsp/\libhal_bsp.a(altera_nios2_qsys_irq.o)
 .debug_info    0x0000000000005114       0x81 ../LED_Panel_bsp/\libhal_bsp.a(alt_exception_entry.o)
 .debug_info    0x0000000000005195      0x2e9 ../LED_Panel_bsp/\libhal_bsp.a(alt_find_dev.o)
 .debug_info    0x000000000000547e      0x2e6 ../LED_Panel_bsp/\libhal_bsp.a(alt_find_file.o)
 .debug_info    0x0000000000005764      0x310 ../LED_Panel_bsp/\libhal_bsp.a(alt_get_fd.o)
 .debug_info    0x0000000000005a74       0xdc ../LED_Panel_bsp/\libhal_bsp.a(alt_icache_flush.o)
 .debug_info    0x0000000000005b50       0xe5 c:/altera_lite/16.0/nios2eds/bin/gnu/h-x86_64-mingw32/bin/../lib/gcc/nios2-elf/5.2.0/../../../../../H-x86_64-mingw32/nios2-elf/lib\libsmallc.a(lib_a-exit.o)
 .debug_info    0x0000000000005c35       0xf4 c:/altera_lite/16.0/nios2eds/bin/gnu/h-x86_64-mingw32/bin/../lib/gcc/nios2-elf/5.2.0/../../../../../H-x86_64-mingw32/nios2-elf/lib\libsmallc.a(lib_a-memcmp.o)
 .debug_info    0x0000000000005d29      0x67b c:/altera_lite/16.0/nios2eds/bin/gnu/h-x86_64-mingw32/bin/../lib/gcc/nios2-elf/5.2.0/../../../../../H-x86_64-mingw32/nios2-elf/lib\libsmallc.a(lib_a-__call_atexit.o)
 .debug_info    0x00000000000063a4       0xec ../LED_Panel_bsp/\libhal_bsp.a(alt_exit.o)

.debug_abbrev   0x0000000000000000     0x241f
 *(.debug_abbrev)
 .debug_abbrev  0x0000000000000000       0x12 ../LED_Panel_bsp//obj/HAL/src/crt0.o
 .debug_abbrev  0x0000000000000012       0xc8 obj/default/hello_world.o
 .debug_abbrev  0x00000000000000da      0x1d6 c:/altera_lite/16.0/nios2eds/bin/gnu/h-x86_64-mingw32/bin/../lib/gcc/nios2-elf/5.2.0/../../../../../H-x86_64-mingw32/nios2-elf/lib\libsmallc.a(lib_a-puts.o)
 .debug_abbrev  0x00000000000002b0       0x7f c:/altera_lite/16.0/nios2eds/bin/gnu/h-x86_64-mingw32/bin/../lib/gcc/nios2-elf/5.2.0/../../../../../H-x86_64-mingw32/nios2-elf/lib\libsmallc.a(lib_a-strlen.o)
 .debug_abbrev  0x000000000000032f      0x1bc c:/altera_lite/16.0/nios2eds/bin/gnu/h-x86_64-mingw32/bin/../lib/gcc/nios2-elf/5.2.0/../../../../../H-x86_64-mingw32/nios2-elf/lib\libsmallc.a(lib_a-fvwrite_small_dev.o)
 .debug_abbrev  0x00000000000004eb      0x14a c:/altera_lite/16.0/nios2eds/bin/gnu/h-x86_64-mingw32/bin/../lib/gcc/nios2-elf/5.2.0/../../../../../H-x86_64-mingw32/nios2-elf/lib\libsmallc.a(lib_a-impure.o)
 .debug_abbrev  0x0000000000000635      0x1a6 c:/altera_lite/16.0/nios2eds/bin/gnu/h-x86_64-mingw32/bin/../lib/gcc/nios2-elf/5.2.0/../../../../../H-x86_64-mingw32/nios2-elf/lib\libsmallc.a(lib_a-writer.o)
 .debug_abbrev  0x00000000000007db       0x37 c:/altera_lite/16.0/nios2eds/bin/gnu/h-x86_64-mingw32/bin/../lib/gcc/nios2-elf/5.2.0/../../../../../H-x86_64-mingw32/nios2-elf/lib\libsmallc.a(lib_a-int_errno.o)
 .debug_abbrev  0x0000000000000812       0x9f ../LED_Panel_bsp/\libhal_bsp.a(alt_load.o)
 .debug_abbrev  0x00000000000008b1       0xba ../LED_Panel_bsp/\libhal_bsp.a(alt_main.o)
 .debug_abbrev  0x000000000000096b      0x133 ../LED_Panel_bsp/\libhal_bsp.a(alt_write.o)
 .debug_abbrev  0x0000000000000a9e      0x157 ../LED_Panel_bsp/\libhal_bsp.a(alt_sys_init.o)
 .debug_abbrev  0x0000000000000bf5       0xf7 ../LED_Panel_bsp/\libhal_bsp.a(altera_avalon_jtag_uart_fd.o)
 .debug_abbrev  0x0000000000000cec       0xd5 ../LED_Panel_bsp/\libhal_bsp.a(altera_avalon_jtag_uart_read.o)
 .debug_abbrev  0x0000000000000dc1       0xd5 ../LED_Panel_bsp/\libhal_bsp.a(altera_avalon_jtag_uart_write.o)
 .debug_abbrev  0x0000000000000e96      0x155 ../LED_Panel_bsp/\libhal_bsp.a(altera_avalon_timer_sc.o)
 .debug_abbrev  0x0000000000000feb      0x11f ../LED_Panel_bsp/\libhal_bsp.a(alt_close.o)
 .debug_abbrev  0x000000000000110a       0x42 ../LED_Panel_bsp/\libhal_bsp.a(alt_dcache_flush_all.o)
 .debug_abbrev  0x000000000000114c       0xd9 ../LED_Panel_bsp/\libhal_bsp.a(alt_dev.o)
 .debug_abbrev  0x0000000000001225      0x114 ../LED_Panel_bsp/\libhal_bsp.a(alt_dev_llist_insert.o)
 .debug_abbrev  0x0000000000001339       0x5a ../LED_Panel_bsp/\libhal_bsp.a(alt_errno.o)
 .debug_abbrev  0x0000000000001393       0x42 ../LED_Panel_bsp/\libhal_bsp.a(alt_icache_flush_all.o)
 .debug_abbrev  0x00000000000013d5      0x163 ../LED_Panel_bsp/\libhal_bsp.a(alt_iic.o)
 .debug_abbrev  0x0000000000001538      0x169 ../LED_Panel_bsp/\libhal_bsp.a(alt_iic_isr_register.o)
 .debug_abbrev  0x00000000000016a1      0x114 ../LED_Panel_bsp/\libhal_bsp.a(alt_io_redirect.o)
 .debug_abbrev  0x00000000000017b5       0x12 ../LED_Panel_bsp/\libhal_bsp.a(alt_irq_entry.o)
 .debug_abbrev  0x00000000000017c7      0x122 ../LED_Panel_bsp/\libhal_bsp.a(alt_irq_handler.o)
 .debug_abbrev  0x00000000000018e9       0x40 ../LED_Panel_bsp/\libhal_bsp.a(alt_irq_vars.o)
 .debug_abbrev  0x0000000000001929      0x148 ../LED_Panel_bsp/\libhal_bsp.a(alt_open.o)
 .debug_abbrev  0x0000000000001a71       0xde ../LED_Panel_bsp/\libhal_bsp.a(alt_release_fd.o)
 .debug_abbrev  0x0000000000001b4f      0x15a ../LED_Panel_bsp/\libhal_bsp.a(alt_tick.o)
 .debug_abbrev  0x0000000000001ca9       0x42 ../LED_Panel_bsp/\libhal_bsp.a(altera_nios2_qsys_irq.o)
 .debug_abbrev  0x0000000000001ceb       0x12 ../LED_Panel_bsp/\libhal_bsp.a(alt_exception_entry.o)
 .debug_abbrev  0x0000000000001cfd       0xf0 ../LED_Panel_bsp/\libhal_bsp.a(alt_find_dev.o)
 .debug_abbrev  0x0000000000001ded       0xf0 ../LED_Panel_bsp/\libhal_bsp.a(alt_find_file.o)
 .debug_abbrev  0x0000000000001edd      0x10d ../LED_Panel_bsp/\libhal_bsp.a(alt_get_fd.o)
 .debug_abbrev  0x0000000000001fea       0x8c ../LED_Panel_bsp/\libhal_bsp.a(alt_icache_flush.o)
 .debug_abbrev  0x0000000000002076       0x8b c:/altera_lite/16.0/nios2eds/bin/gnu/h-x86_64-mingw32/bin/../lib/gcc/nios2-elf/5.2.0/../../../../../H-x86_64-mingw32/nios2-elf/lib\libsmallc.a(lib_a-exit.o)
 .debug_abbrev  0x0000000000002101       0x7f c:/altera_lite/16.0/nios2eds/bin/gnu/h-x86_64-mingw32/bin/../lib/gcc/nios2-elf/5.2.0/../../../../../H-x86_64-mingw32/nios2-elf/lib\libsmallc.a(lib_a-memcmp.o)
 .debug_abbrev  0x0000000000002180      0x1f6 c:/altera_lite/16.0/nios2eds/bin/gnu/h-x86_64-mingw32/bin/../lib/gcc/nios2-elf/5.2.0/../../../../../H-x86_64-mingw32/nios2-elf/lib\libsmallc.a(lib_a-__call_atexit.o)
 .debug_abbrev  0x0000000000002376       0xa9 ../LED_Panel_bsp/\libhal_bsp.a(alt_exit.o)

.debug_line     0x0000000000000000     0x26db
 *(.debug_line)
 .debug_line    0x0000000000000000       0x6c ../LED_Panel_bsp//obj/HAL/src/crt0.o
 .debug_line    0x000000000000006c       0xce obj/default/hello_world.o
 .debug_line    0x000000000000013a      0x203 c:/altera_lite/16.0/nios2eds/bin/gnu/h-x86_64-mingw32/bin/../lib/gcc/nios2-elf/5.2.0/../../../../../H-x86_64-mingw32/nios2-elf/lib\libsmallc.a(lib_a-puts.o)
 .debug_line    0x000000000000033d      0x159 c:/altera_lite/16.0/nios2eds/bin/gnu/h-x86_64-mingw32/bin/../lib/gcc/nios2-elf/5.2.0/../../../../../H-x86_64-mingw32/nios2-elf/lib\libsmallc.a(lib_a-strlen.o)
 .debug_line    0x0000000000000496      0x1ed c:/altera_lite/16.0/nios2eds/bin/gnu/h-x86_64-mingw32/bin/../lib/gcc/nios2-elf/5.2.0/../../../../../H-x86_64-mingw32/nios2-elf/lib\libsmallc.a(lib_a-fvwrite_small_dev.o)
 .debug_line    0x0000000000000683      0x153 c:/altera_lite/16.0/nios2eds/bin/gnu/h-x86_64-mingw32/bin/../lib/gcc/nios2-elf/5.2.0/../../../../../H-x86_64-mingw32/nios2-elf/lib\libsmallc.a(lib_a-impure.o)
 .debug_line    0x00000000000007d6      0x1ea c:/altera_lite/16.0/nios2eds/bin/gnu/h-x86_64-mingw32/bin/../lib/gcc/nios2-elf/5.2.0/../../../../../H-x86_64-mingw32/nios2-elf/lib\libsmallc.a(lib_a-writer.o)
 .debug_line    0x00000000000009c0       0x5c c:/altera_lite/16.0/nios2eds/bin/gnu/h-x86_64-mingw32/bin/../lib/gcc/nios2-elf/5.2.0/../../../../../H-x86_64-mingw32/nios2-elf/lib\libsmallc.a(lib_a-int_errno.o)
 .debug_line    0x0000000000000a1c       0x8e ../LED_Panel_bsp/\libhal_bsp.a(alt_load.o)
 .debug_line    0x0000000000000aaa       0x9e ../LED_Panel_bsp/\libhal_bsp.a(alt_main.o)
 .debug_line    0x0000000000000b48      0x1d6 ../LED_Panel_bsp/\libhal_bsp.a(alt_write.o)
 .debug_line    0x0000000000000d1e      0x142 ../LED_Panel_bsp/\libhal_bsp.a(alt_sys_init.o)
 .debug_line    0x0000000000000e60      0x112 ../LED_Panel_bsp/\libhal_bsp.a(altera_avalon_jtag_uart_fd.o)
 .debug_line    0x0000000000000f72       0xfd ../LED_Panel_bsp/\libhal_bsp.a(altera_avalon_jtag_uart_read.o)
 .debug_line    0x000000000000106f       0xf4 ../LED_Panel_bsp/\libhal_bsp.a(altera_avalon_jtag_uart_write.o)
 .debug_line    0x0000000000001163       0xfd ../LED_Panel_bsp/\libhal_bsp.a(altera_avalon_timer_sc.o)
 .debug_line    0x0000000000001260      0x163 ../LED_Panel_bsp/\libhal_bsp.a(alt_close.o)
 .debug_line    0x00000000000013c3       0x51 ../LED_Panel_bsp/\libhal_bsp.a(alt_dcache_flush_all.o)
 .debug_line    0x0000000000001414       0xf5 ../LED_Panel_bsp/\libhal_bsp.a(alt_dev.o)
 .debug_line    0x0000000000001509       0xd0 ../LED_Panel_bsp/\libhal_bsp.a(alt_dev_llist_insert.o)
 .debug_line    0x00000000000015d9       0x51 ../LED_Panel_bsp/\libhal_bsp.a(alt_errno.o)
 .debug_line    0x000000000000162a       0x50 ../LED_Panel_bsp/\libhal_bsp.a(alt_icache_flush_all.o)
 .debug_line    0x000000000000167a       0xef ../LED_Panel_bsp/\libhal_bsp.a(alt_iic.o)
 .debug_line    0x0000000000001769       0xdb ../LED_Panel_bsp/\libhal_bsp.a(alt_iic_isr_register.o)
 .debug_line    0x0000000000001844      0x130 ../LED_Panel_bsp/\libhal_bsp.a(alt_io_redirect.o)
 .debug_line    0x0000000000001974       0x6b ../LED_Panel_bsp/\libhal_bsp.a(alt_irq_entry.o)
 .debug_line    0x00000000000019df       0xaa ../LED_Panel_bsp/\libhal_bsp.a(alt_irq_handler.o)
 .debug_line    0x0000000000001a89       0x50 ../LED_Panel_bsp/\libhal_bsp.a(alt_irq_vars.o)
 .debug_line    0x0000000000001ad9      0x12a ../LED_Panel_bsp/\libhal_bsp.a(alt_open.o)
 .debug_line    0x0000000000001c03       0xae ../LED_Panel_bsp/\libhal_bsp.a(alt_release_fd.o)
 .debug_line    0x0000000000001cb1       0xff ../LED_Panel_bsp/\libhal_bsp.a(alt_tick.o)
 .debug_line    0x0000000000001db0       0x51 ../LED_Panel_bsp/\libhal_bsp.a(altera_nios2_qsys_irq.o)
 .debug_line    0x0000000000001e01       0xab ../LED_Panel_bsp/\libhal_bsp.a(alt_exception_entry.o)
 .debug_line    0x0000000000001eac       0xb5 ../LED_Panel_bsp/\libhal_bsp.a(alt_find_dev.o)
 .debug_line    0x0000000000001f61       0xd1 ../LED_Panel_bsp/\libhal_bsp.a(alt_find_file.o)
 .debug_line    0x0000000000002032       0xd5 ../LED_Panel_bsp/\libhal_bsp.a(alt_get_fd.o)
 .debug_line    0x0000000000002107       0x81 ../LED_Panel_bsp/\libhal_bsp.a(alt_icache_flush.o)
 .debug_line    0x0000000000002188      0x156 c:/altera_lite/16.0/nios2eds/bin/gnu/h-x86_64-mingw32/bin/../lib/gcc/nios2-elf/5.2.0/../../../../../H-x86_64-mingw32/nios2-elf/lib\libsmallc.a(lib_a-exit.o)
 .debug_line    0x00000000000022de      0x15d c:/altera_lite/16.0/nios2eds/bin/gnu/h-x86_64-mingw32/bin/../lib/gcc/nios2-elf/5.2.0/../../../../../H-x86_64-mingw32/nios2-elf/lib\libsmallc.a(lib_a-memcmp.o)
 .debug_line    0x000000000000243b      0x22f c:/altera_lite/16.0/nios2eds/bin/gnu/h-x86_64-mingw32/bin/../lib/gcc/nios2-elf/5.2.0/../../../../../H-x86_64-mingw32/nios2-elf/lib\libsmallc.a(lib_a-__call_atexit.o)
 .debug_line    0x000000000000266a       0x71 ../LED_Panel_bsp/\libhal_bsp.a(alt_exit.o)

.debug_frame    0x0000000000000000      0x9c0
 *(.debug_frame)
 .debug_frame   0x0000000000000000       0x74 obj/default/hello_world.o
 .debug_frame   0x0000000000000074       0x48 c:/altera_lite/16.0/nios2eds/bin/gnu/h-x86_64-mingw32/bin/../lib/gcc/nios2-elf/5.2.0/../../../../../H-x86_64-mingw32/nios2-elf/lib\libsmallc.a(lib_a-puts.o)
 .debug_frame   0x00000000000000bc       0x20 c:/altera_lite/16.0/nios2eds/bin/gnu/h-x86_64-mingw32/bin/../lib/gcc/nios2-elf/5.2.0/../../../../../H-x86_64-mingw32/nios2-elf/lib\libsmallc.a(lib_a-strlen.o)
 .debug_frame   0x00000000000000dc       0x58 c:/altera_lite/16.0/nios2eds/bin/gnu/h-x86_64-mingw32/bin/../lib/gcc/nios2-elf/5.2.0/../../../../../H-x86_64-mingw32/nios2-elf/lib\libsmallc.a(lib_a-fvwrite_small_dev.o)
 .debug_frame   0x0000000000000134       0x38 c:/altera_lite/16.0/nios2eds/bin/gnu/h-x86_64-mingw32/bin/../lib/gcc/nios2-elf/5.2.0/../../../../../H-x86_64-mingw32/nios2-elf/lib\libsmallc.a(lib_a-writer.o)
 .debug_frame   0x000000000000016c       0x5c ../LED_Panel_bsp/\libhal_bsp.a(alt_load.o)
 .debug_frame   0x00000000000001c8       0x2c ../LED_Panel_bsp/\libhal_bsp.a(alt_main.o)
 .debug_frame   0x00000000000001f4       0x60 ../LED_Panel_bsp/\libhal_bsp.a(alt_write.o)
 .debug_frame   0x0000000000000254       0x88 ../LED_Panel_bsp/\libhal_bsp.a(alt_sys_init.o)
 .debug_frame   0x00000000000002dc       0x60 ../LED_Panel_bsp/\libhal_bsp.a(altera_avalon_jtag_uart_fd.o)
 .debug_frame   0x000000000000033c       0x34 ../LED_Panel_bsp/\libhal_bsp.a(altera_avalon_jtag_uart_read.o)
 .debug_frame   0x0000000000000370       0x34 ../LED_Panel_bsp/\libhal_bsp.a(altera_avalon_jtag_uart_write.o)
 .debug_frame   0x00000000000003a4       0x60 ../LED_Panel_bsp/\libhal_bsp.a(altera_avalon_timer_sc.o)
 .debug_frame   0x0000000000000404       0x60 ../LED_Panel_bsp/\libhal_bsp.a(alt_close.o)
 .debug_frame   0x0000000000000464       0x34 ../LED_Panel_bsp/\libhal_bsp.a(alt_dcache_flush_all.o)
 .debug_frame   0x0000000000000498       0x34 ../LED_Panel_bsp/\libhal_bsp.a(alt_dev.o)
 .debug_frame   0x00000000000004cc       0x60 ../LED_Panel_bsp/\libhal_bsp.a(alt_dev_llist_insert.o)
 .debug_frame   0x000000000000052c       0x38 ../LED_Panel_bsp/\libhal_bsp.a(alt_icache_flush_all.o)
 .debug_frame   0x0000000000000564       0xa4 ../LED_Panel_bsp/\libhal_bsp.a(alt_iic.o)
 .debug_frame   0x0000000000000608       0x38 ../LED_Panel_bsp/\libhal_bsp.a(alt_iic_isr_register.o)
 .debug_frame   0x0000000000000640       0x60 ../LED_Panel_bsp/\libhal_bsp.a(alt_io_redirect.o)
 .debug_frame   0x00000000000006a0       0x38 ../LED_Panel_bsp/\libhal_bsp.a(alt_irq_handler.o)
 .debug_frame   0x00000000000006d8       0x84 ../LED_Panel_bsp/\libhal_bsp.a(alt_open.o)
 .debug_frame   0x000000000000075c       0x34 ../LED_Panel_bsp/\libhal_bsp.a(alt_release_fd.o)
 .debug_frame   0x0000000000000790       0x5c ../LED_Panel_bsp/\libhal_bsp.a(alt_tick.o)
 .debug_frame   0x00000000000007ec       0x34 ../LED_Panel_bsp/\libhal_bsp.a(altera_nios2_qsys_irq.o)
 .debug_frame   0x0000000000000820       0x38 ../LED_Panel_bsp/\libhal_bsp.a(alt_find_dev.o)
 .debug_frame   0x0000000000000858       0x38 ../LED_Panel_bsp/\libhal_bsp.a(alt_find_file.o)
 .debug_frame   0x0000000000000890       0x34 ../LED_Panel_bsp/\libhal_bsp.a(alt_get_fd.o)
 .debug_frame   0x00000000000008c4       0x34 ../LED_Panel_bsp/\libhal_bsp.a(alt_icache_flush.o)
 .debug_frame   0x00000000000008f8       0x28 c:/altera_lite/16.0/nios2eds/bin/gnu/h-x86_64-mingw32/bin/../lib/gcc/nios2-elf/5.2.0/../../../../../H-x86_64-mingw32/nios2-elf/lib\libsmallc.a(lib_a-exit.o)
 .debug_frame   0x0000000000000920       0x20 c:/altera_lite/16.0/nios2eds/bin/gnu/h-x86_64-mingw32/bin/../lib/gcc/nios2-elf/5.2.0/../../../../../H-x86_64-mingw32/nios2-elf/lib\libsmallc.a(lib_a-memcmp.o)
 .debug_frame   0x0000000000000940       0x54 c:/altera_lite/16.0/nios2eds/bin/gnu/h-x86_64-mingw32/bin/../lib/gcc/nios2-elf/5.2.0/../../../../../H-x86_64-mingw32/nios2-elf/lib\libsmallc.a(lib_a-__call_atexit.o)
 .debug_frame   0x0000000000000994       0x2c ../LED_Panel_bsp/\libhal_bsp.a(alt_exit.o)

.debug_str      0x0000000000000000     0x13f0
 *(.debug_str)
 .debug_str     0x0000000000000000      0x11b obj/default/hello_world.o
                                        0x164 (size before relaxing)
 .debug_str     0x000000000000011b      0x3e1 c:/altera_lite/16.0/nios2eds/bin/gnu/h-x86_64-mingw32/bin/../lib/gcc/nios2-elf/5.2.0/../../../../../H-x86_64-mingw32/nios2-elf/lib\libsmallc.a(lib_a-puts.o)
                                        0x4b3 (size before relaxing)
 .debug_str     0x00000000000004fc       0xc4 c:/altera_lite/16.0/nios2eds/bin/gnu/h-x86_64-mingw32/bin/../lib/gcc/nios2-elf/5.2.0/../../../../../H-x86_64-mingw32/nios2-elf/lib\libsmallc.a(lib_a-strlen.o)
                                        0x1cb (size before relaxing)
 .debug_str     0x00000000000005c0       0x60 c:/altera_lite/16.0/nios2eds/bin/gnu/h-x86_64-mingw32/bin/../lib/gcc/nios2-elf/5.2.0/../../../../../H-x86_64-mingw32/nios2-elf/lib\libsmallc.a(lib_a-fvwrite_small_dev.o)
                                        0x4ba (size before relaxing)
 .debug_str     0x0000000000000620       0xe1 c:/altera_lite/16.0/nios2eds/bin/gnu/h-x86_64-mingw32/bin/../lib/gcc/nios2-elf/5.2.0/../../../../../H-x86_64-mingw32/nios2-elf/lib\libsmallc.a(lib_a-impure.o)
                                        0x4a4 (size before relaxing)
 .debug_str     0x0000000000000701       0x42 c:/altera_lite/16.0/nios2eds/bin/gnu/h-x86_64-mingw32/bin/../lib/gcc/nios2-elf/5.2.0/../../../../../H-x86_64-mingw32/nios2-elf/lib\libsmallc.a(lib_a-writer.o)
                                        0x49e (size before relaxing)
 .debug_str     0x0000000000000743       0x3c c:/altera_lite/16.0/nios2eds/bin/gnu/h-x86_64-mingw32/bin/../lib/gcc/nios2-elf/5.2.0/../../../../../H-x86_64-mingw32/nios2-elf/lib\libsmallc.a(lib_a-int_errno.o)
                                        0x1be (size before relaxing)
 .debug_str     0x000000000000077f      0x174 ../LED_Panel_bsp/\libhal_bsp.a(alt_load.o)
                                        0x212 (size before relaxing)
 .debug_str     0x00000000000008f3       0x70 ../LED_Panel_bsp/\libhal_bsp.a(alt_main.o)
                                        0x19d (size before relaxing)
 .debug_str     0x0000000000000963      0x15f ../LED_Panel_bsp/\libhal_bsp.a(alt_write.o)
                                        0x2f8 (size before relaxing)
 .debug_str     0x0000000000000ac2      0x136 ../LED_Panel_bsp/\libhal_bsp.a(alt_sys_init.o)
                                        0x30a (size before relaxing)
 .debug_str     0x0000000000000bf8       0x77 ../LED_Panel_bsp/\libhal_bsp.a(altera_avalon_jtag_uart_fd.o)
                                        0x2d5 (size before relaxing)
 .debug_str     0x0000000000000c6f       0x48 ../LED_Panel_bsp/\libhal_bsp.a(altera_avalon_jtag_uart_read.o)
                                        0x21f (size before relaxing)
 .debug_str     0x0000000000000cb7       0x4a ../LED_Panel_bsp/\libhal_bsp.a(altera_avalon_jtag_uart_write.o)
                                        0x215 (size before relaxing)
 .debug_str     0x0000000000000d01       0xb6 ../LED_Panel_bsp/\libhal_bsp.a(altera_avalon_timer_sc.o)
                                        0x24b (size before relaxing)
 .debug_str     0x0000000000000db7       0x1b ../LED_Panel_bsp/\libhal_bsp.a(alt_close.o)
                                        0x20b (size before relaxing)
 .debug_str     0x0000000000000dd2       0x34 ../LED_Panel_bsp/\libhal_bsp.a(alt_dcache_flush_all.o)
                                        0x155 (size before relaxing)
 .debug_str     0x0000000000000e06       0x50 ../LED_Panel_bsp/\libhal_bsp.a(alt_dev.o)
                                        0x305 (size before relaxing)
 .debug_str     0x0000000000000e56       0x4b ../LED_Panel_bsp/\libhal_bsp.a(alt_dev_llist_insert.o)
                                        0x1cc (size before relaxing)
 .debug_str     0x0000000000000ea1       0x14 ../LED_Panel_bsp/\libhal_bsp.a(alt_errno.o)
                                        0x145 (size before relaxing)
 .debug_str     0x0000000000000eb5       0x34 ../LED_Panel_bsp/\libhal_bsp.a(alt_icache_flush_all.o)
                                        0x155 (size before relaxing)
 .debug_str     0x0000000000000ee9       0xc4 ../LED_Panel_bsp/\libhal_bsp.a(alt_iic.o)
                                        0x23e (size before relaxing)
 .debug_str     0x0000000000000fad       0x4c ../LED_Panel_bsp/\libhal_bsp.a(alt_iic_isr_register.o)
                                        0x1e8 (size before relaxing)
 .debug_str     0x0000000000000ff9       0x56 ../LED_Panel_bsp/\libhal_bsp.a(alt_io_redirect.o)
                                        0x316 (size before relaxing)
 .debug_str     0x000000000000104f       0x3a ../LED_Panel_bsp/\libhal_bsp.a(alt_irq_handler.o)
                                        0x197 (size before relaxing)
 .debug_str     0x0000000000001089       0x17 ../LED_Panel_bsp/\libhal_bsp.a(alt_irq_vars.o)
                                        0x13a (size before relaxing)
 .debug_str     0x00000000000010a0       0x2f ../LED_Panel_bsp/\libhal_bsp.a(alt_open.o)
                                        0x24b (size before relaxing)
 .debug_str     0x00000000000010cf       0x28 ../LED_Panel_bsp/\libhal_bsp.a(alt_release_fd.o)
                                        0x1d3 (size before relaxing)
 .debug_str     0x00000000000010f7       0x78 ../LED_Panel_bsp/\libhal_bsp.a(alt_tick.o)
                                        0x252 (size before relaxing)
 .debug_str     0x000000000000116f       0x3b ../LED_Panel_bsp/\libhal_bsp.a(altera_nios2_qsys_irq.o)
                                        0x15c (size before relaxing)
 .debug_str     0x00000000000011aa       0x24 ../LED_Panel_bsp/\libhal_bsp.a(alt_find_dev.o)
                                        0x1ec (size before relaxing)
 .debug_str     0x00000000000011ce       0x26 ../LED_Panel_bsp/\libhal_bsp.a(alt_find_file.o)
                                        0x1fa (size before relaxing)
 .debug_str     0x00000000000011f4       0x30 ../LED_Panel_bsp/\libhal_bsp.a(alt_get_fd.o)
                                        0x21c (size before relaxing)
 .debug_str     0x0000000000001224       0x2c ../LED_Panel_bsp/\libhal_bsp.a(alt_icache_flush.o)
                                        0x15b (size before relaxing)
 .debug_str     0x0000000000001250       0xd3 c:/altera_lite/16.0/nios2eds/bin/gnu/h-x86_64-mingw32/bin/../lib/gcc/nios2-elf/5.2.0/../../../../../H-x86_64-mingw32/nios2-elf/lib\libsmallc.a(lib_a-exit.o)
                                        0x1d6 (size before relaxing)
 .debug_str     0x0000000000001323       0x41 c:/altera_lite/16.0/nios2eds/bin/gnu/h-x86_64-mingw32/bin/../lib/gcc/nios2-elf/5.2.0/../../../../../H-x86_64-mingw32/nios2-elf/lib\libsmallc.a(lib_a-memcmp.o)
                                        0x1c5 (size before relaxing)
 .debug_str     0x0000000000001364       0x62 c:/altera_lite/16.0/nios2eds/bin/gnu/h-x86_64-mingw32/bin/../lib/gcc/nios2-elf/5.2.0/../../../../../H-x86_64-mingw32/nios2-elf/lib\libsmallc.a(lib_a-__call_atexit.o)
                                        0x4d1 (size before relaxing)
 .debug_str     0x00000000000013c6       0x2a ../LED_Panel_bsp/\libhal_bsp.a(alt_exit.o)
                                        0x151 (size before relaxing)

.debug_loc      0x0000000000000000      0x473
 *(.debug_loc)
 .debug_loc     0x0000000000000000       0x97 c:/altera_lite/16.0/nios2eds/bin/gnu/h-x86_64-mingw32/bin/../lib/gcc/nios2-elf/5.2.0/../../../../../H-x86_64-mingw32/nios2-elf/lib\libsmallc.a(lib_a-puts.o)
 .debug_loc     0x0000000000000097       0x1e c:/altera_lite/16.0/nios2eds/bin/gnu/h-x86_64-mingw32/bin/../lib/gcc/nios2-elf/5.2.0/../../../../../H-x86_64-mingw32/nios2-elf/lib\libsmallc.a(lib_a-strlen.o)
 .debug_loc     0x00000000000000b5      0x110 c:/altera_lite/16.0/nios2eds/bin/gnu/h-x86_64-mingw32/bin/../lib/gcc/nios2-elf/5.2.0/../../../../../H-x86_64-mingw32/nios2-elf/lib\libsmallc.a(lib_a-fvwrite_small_dev.o)
 .debug_loc     0x00000000000001c5       0xa5 c:/altera_lite/16.0/nios2eds/bin/gnu/h-x86_64-mingw32/bin/../lib/gcc/nios2-elf/5.2.0/../../../../../H-x86_64-mingw32/nios2-elf/lib\libsmallc.a(lib_a-writer.o)
 .debug_loc     0x000000000000026a       0x1e c:/altera_lite/16.0/nios2eds/bin/gnu/h-x86_64-mingw32/bin/../lib/gcc/nios2-elf/5.2.0/../../../../../H-x86_64-mingw32/nios2-elf/lib\libsmallc.a(lib_a-exit.o)
 .debug_loc     0x0000000000000288       0x94 c:/altera_lite/16.0/nios2eds/bin/gnu/h-x86_64-mingw32/bin/../lib/gcc/nios2-elf/5.2.0/../../../../../H-x86_64-mingw32/nios2-elf/lib\libsmallc.a(lib_a-memcmp.o)
 .debug_loc     0x000000000000031c      0x157 c:/altera_lite/16.0/nios2eds/bin/gnu/h-x86_64-mingw32/bin/../lib/gcc/nios2-elf/5.2.0/../../../../../H-x86_64-mingw32/nios2-elf/lib\libsmallc.a(lib_a-__call_atexit.o)

.debug_macinfo
 *(.debug_macinfo)

.debug_weaknames
 *(.debug_weaknames)

.debug_funcnames
 *(.debug_funcnames)

.debug_typenames
 *(.debug_typenames)

.debug_varnames
 *(.debug_varnames)

.debug_alt_sim_info
                0x0000000000000000       0x20
 *(.debug_alt_sim_info)
 .debug_alt_sim_info
                0x0000000000000000       0x20 ../LED_Panel_bsp//obj/HAL/src/crt0.o
                0x000000000000d000                __alt_data_end = 0xd000
                0x000000000000d000                PROVIDE (__alt_stack_pointer, __alt_data_end)
                [!provide]                        PROVIDE (__alt_stack_limit, __alt_stack_base)
                [!provide]                        PROVIDE (__alt_heap_start, end)
                [!provide]                        PROVIDE (__alt_heap_limit, 0xd000)
OUTPUT(LED_Panel.elf elf32-littlenios2)

.debug_ranges   0x0000000000000000      0x148
 .debug_ranges  0x0000000000000000       0x20 ../LED_Panel_bsp//obj/HAL/src/crt0.o
 .debug_ranges  0x0000000000000020       0x18 c:/altera_lite/16.0/nios2eds/bin/gnu/h-x86_64-mingw32/bin/../lib/gcc/nios2-elf/5.2.0/../../../../../H-x86_64-mingw32/nios2-elf/lib\libsmallc.a(lib_a-puts.o)
 .debug_ranges  0x0000000000000038       0x10 c:/altera_lite/16.0/nios2eds/bin/gnu/h-x86_64-mingw32/bin/../lib/gcc/nios2-elf/5.2.0/../../../../../H-x86_64-mingw32/nios2-elf/lib\libsmallc.a(lib_a-strlen.o)
 .debug_ranges  0x0000000000000048       0x28 c:/altera_lite/16.0/nios2eds/bin/gnu/h-x86_64-mingw32/bin/../lib/gcc/nios2-elf/5.2.0/../../../../../H-x86_64-mingw32/nios2-elf/lib\libsmallc.a(lib_a-fvwrite_small_dev.o)
 .debug_ranges  0x0000000000000070       0x10 c:/altera_lite/16.0/nios2eds/bin/gnu/h-x86_64-mingw32/bin/../lib/gcc/nios2-elf/5.2.0/../../../../../H-x86_64-mingw32/nios2-elf/lib\libsmallc.a(lib_a-writer.o)
 .debug_ranges  0x0000000000000080       0x18 ../LED_Panel_bsp/\libhal_bsp.a(altera_avalon_jtag_uart_read.o)
 .debug_ranges  0x0000000000000098       0x28 ../LED_Panel_bsp/\libhal_bsp.a(alt_irq_entry.o)
 .debug_ranges  0x00000000000000c0       0x10 ../LED_Panel_bsp/\libhal_bsp.a(alt_irq_handler.o)
 .debug_ranges  0x00000000000000d0       0x30 ../LED_Panel_bsp/\libhal_bsp.a(alt_exception_entry.o)
 .debug_ranges  0x0000000000000100       0x10 c:/altera_lite/16.0/nios2eds/bin/gnu/h-x86_64-mingw32/bin/../lib/gcc/nios2-elf/5.2.0/../../../../../H-x86_64-mingw32/nios2-elf/lib\libsmallc.a(lib_a-exit.o)
 .debug_ranges  0x0000000000000110       0x10 c:/altera_lite/16.0/nios2eds/bin/gnu/h-x86_64-mingw32/bin/../lib/gcc/nios2-elf/5.2.0/../../../../../H-x86_64-mingw32/nios2-elf/lib\libsmallc.a(lib_a-memcmp.o)
 .debug_ranges  0x0000000000000120       0x28 c:/altera_lite/16.0/nios2eds/bin/gnu/h-x86_64-mingw32/bin/../lib/gcc/nios2-elf/5.2.0/../../../../../H-x86_64-mingw32/nios2-elf/lib\libsmallc.a(lib_a-__call_atexit.o)
