Archive member included to satisfy reference by file (symbol)

c:/altera_lite/16.0/nios2eds/bin/gnu/h-x86_64-mingw32/bin/../lib/gcc/nios2-elf/5.2.0\libgcc.a(lib2-divmod.o)
                              obj/default/count_binary.o (__divsi3)
c:/altera_lite/16.0/nios2eds/bin/gnu/h-x86_64-mingw32/bin/../lib/gcc/nios2-elf/5.2.0/../../../../../H-x86_64-mingw32/nios2-elf/lib\libsmallc.a(lib_a-printf.o)
                              obj/default/count_binary.o (printf)
c:/altera_lite/16.0/nios2eds/bin/gnu/h-x86_64-mingw32/bin/../lib/gcc/nios2-elf/5.2.0/../../../../../H-x86_64-mingw32/nios2-elf/lib\libsmallc.a(lib_a-putchar.o)
                              obj/default/count_binary.o (putchar)
c:/altera_lite/16.0/nios2eds/bin/gnu/h-x86_64-mingw32/bin/../lib/gcc/nios2-elf/5.2.0/../../../../../H-x86_64-mingw32/nios2-elf/lib\libsmallc.a(lib_a-puts.o)
                              obj/default/count_binary.o (puts)
c:/altera_lite/16.0/nios2eds/bin/gnu/h-x86_64-mingw32/bin/../lib/gcc/nios2-elf/5.2.0/../../../../../H-x86_64-mingw32/nios2-elf/lib\libsmallc.a(lib_a-strlen.o)
                              c:/altera_lite/16.0/nios2eds/bin/gnu/h-x86_64-mingw32/bin/../lib/gcc/nios2-elf/5.2.0/../../../../../H-x86_64-mingw32/nios2-elf/lib\libsmallc.a(lib_a-puts.o) (strlen)
c:/altera_lite/16.0/nios2eds/bin/gnu/h-x86_64-mingw32/bin/../lib/gcc/nios2-elf/5.2.0/../../../../../H-x86_64-mingw32/nios2-elf/lib\libsmallc.a(lib_a-vfprintf.o)
                              c:/altera_lite/16.0/nios2eds/bin/gnu/h-x86_64-mingw32/bin/../lib/gcc/nios2-elf/5.2.0/../../../../../H-x86_64-mingw32/nios2-elf/lib\libsmallc.a(lib_a-printf.o) (___vfprintf_internal_r)
c:/altera_lite/16.0/nios2eds/bin/gnu/h-x86_64-mingw32/bin/../lib/gcc/nios2-elf/5.2.0/../../../../../H-x86_64-mingw32/nios2-elf/lib\libsmallc.a(lib_a-fvwrite_small_dev.o)
                              c:/altera_lite/16.0/nios2eds/bin/gnu/h-x86_64-mingw32/bin/../lib/gcc/nios2-elf/5.2.0/../../../../../H-x86_64-mingw32/nios2-elf/lib\libsmallc.a(lib_a-printf.o) (__sfvwrite_small_dev)
c:/altera_lite/16.0/nios2eds/bin/gnu/h-x86_64-mingw32/bin/../lib/gcc/nios2-elf/5.2.0/../../../../../H-x86_64-mingw32/nios2-elf/lib\libsmallc.a(lib_a-impure.o)
                              c:/altera_lite/16.0/nios2eds/bin/gnu/h-x86_64-mingw32/bin/../lib/gcc/nios2-elf/5.2.0/../../../../../H-x86_64-mingw32/nios2-elf/lib\libsmallc.a(lib_a-printf.o) (_impure_ptr)
c:/altera_lite/16.0/nios2eds/bin/gnu/h-x86_64-mingw32/bin/../lib/gcc/nios2-elf/5.2.0/../../../../../H-x86_64-mingw32/nios2-elf/lib\libsmallc.a(lib_a-putc.o)
                              c:/altera_lite/16.0/nios2eds/bin/gnu/h-x86_64-mingw32/bin/../lib/gcc/nios2-elf/5.2.0/../../../../../H-x86_64-mingw32/nios2-elf/lib\libsmallc.a(lib_a-putchar.o) (_putc_r)
c:/altera_lite/16.0/nios2eds/bin/gnu/h-x86_64-mingw32/bin/../lib/gcc/nios2-elf/5.2.0/../../../../../H-x86_64-mingw32/nios2-elf/lib\libsmallc.a(lib_a-writer.o)
                              c:/altera_lite/16.0/nios2eds/bin/gnu/h-x86_64-mingw32/bin/../lib/gcc/nios2-elf/5.2.0/../../../../../H-x86_64-mingw32/nios2-elf/lib\libsmallc.a(lib_a-fvwrite_small_dev.o) (_write_r)
c:/altera_lite/16.0/nios2eds/bin/gnu/h-x86_64-mingw32/bin/../lib/gcc/nios2-elf/5.2.0/../../../../../H-x86_64-mingw32/nios2-elf/lib\libsmallc.a(lib_a-int_errno.o)
                              c:/altera_lite/16.0/nios2eds/bin/gnu/h-x86_64-mingw32/bin/../lib/gcc/nios2-elf/5.2.0/../../../../../H-x86_64-mingw32/nios2-elf/lib\libsmallc.a(lib_a-writer.o) (errno)
../LEDPanelApp_bsp/\libhal_bsp.a(alt_load.o)
                              ../LEDPanelApp_bsp//obj/HAL/src/crt0.o (alt_load)
../LEDPanelApp_bsp/\libhal_bsp.a(alt_main.o)
                              ../LEDPanelApp_bsp//obj/HAL/src/crt0.o (alt_main)
../LEDPanelApp_bsp/\libhal_bsp.a(alt_usleep.o)
                              obj/default/count_binary.o (usleep)
../LEDPanelApp_bsp/\libhal_bsp.a(alt_write.o)
                              c:/altera_lite/16.0/nios2eds/bin/gnu/h-x86_64-mingw32/bin/../lib/gcc/nios2-elf/5.2.0/../../../../../H-x86_64-mingw32/nios2-elf/lib\libsmallc.a(lib_a-writer.o) (write)
../LEDPanelApp_bsp/\libhal_bsp.a(alt_sys_init.o)
                              ../LEDPanelApp_bsp/\libhal_bsp.a(alt_main.o) (alt_irq_init)
../LEDPanelApp_bsp/\libhal_bsp.a(altera_avalon_jtag_uart_fd.o)
                              ../LEDPanelApp_bsp/\libhal_bsp.a(alt_sys_init.o) (altera_avalon_jtag_uart_read_fd)
../LEDPanelApp_bsp/\libhal_bsp.a(altera_avalon_jtag_uart_read.o)
                              ../LEDPanelApp_bsp/\libhal_bsp.a(altera_avalon_jtag_uart_fd.o) (altera_avalon_jtag_uart_read)
../LEDPanelApp_bsp/\libhal_bsp.a(altera_avalon_jtag_uart_write.o)
                              ../LEDPanelApp_bsp/\libhal_bsp.a(altera_avalon_jtag_uart_fd.o) (altera_avalon_jtag_uart_write)
../LEDPanelApp_bsp/\libhal_bsp.a(altera_avalon_timer_sc.o)
                              ../LEDPanelApp_bsp/\libhal_bsp.a(alt_sys_init.o) (alt_avalon_timer_sc_init)
../LEDPanelApp_bsp/\libhal_bsp.a(alt_busy_sleep.o)
[...]
Memory Configuration

Name             Origin             Length             Attributes
reset            0x0000000000008000 0x0000000000000020
onchip_memory2_0 0x0000000000008020 0x0000000000004fe0
*default*        0x0000000000000000 0xffffffffffffffff

Linker script and memory map

LOAD ../LEDPanelApp_bsp//obj/HAL/src/crt0.o
LOAD obj/default/count_binary.o
LOAD c:/altera_lite/16.0/nios2eds/bin/gnu/h-x86_64-mingw32/bin/../lib/gcc/nios2-elf/5.2.0/../../../../../H-x86_64-mingw32/nios2-elf/lib\libstdc++.a
LOAD c:/altera_lite/16.0/nios2eds/bin/gnu/h-x86_64-mingw32/bin/../lib/gcc/nios2-elf/5.2.0/../../../../../H-x86_64-mingw32/nios2-elf/lib\libm.a
LOAD c:/altera_lite/16.0/nios2eds/bin/gnu/h-x86_64-mingw32/bin/../lib/gcc/nios2-elf/5.2.0\libgcc.a
START GROUP
LOAD c:/altera_lite/16.0/nios2eds/bin/gnu/h-x86_64-mingw32/bin/../lib/gcc/nios2-elf/5.2.0/../../../../../H-x86_64-mingw32/nios2-elf/lib\libsmallc.a
LOAD c:/altera_lite/16.0/nios2eds/bin/gnu/h-x86_64-mingw32/bin/../lib/gcc/nios2-elf/5.2.0\libgcc.a
LOAD ../LEDPanelApp_bsp/\libhal_bsp.a
LOAD c:/altera_lite/16.0/nios2eds/bin/gnu/h-x86_64-mingw32/bin/../lib/gcc/nios2-elf/5.2.0/../../../../../H-x86_64-mingw32/nios2-elf/lib\libm.a
END GROUP
LOAD c:/altera_lite/16.0/nios2eds/bin/gnu/h-x86_64-mingw32/bin/../lib/gcc/nios2-elf/5.2.0\libgcc.a
                0x0000000000008000                __alt_mem_onchip_memory2_0 = 0x8000

.entry          0x0000000000008000       0x20
 *(.entry)
 .entry         0x0000000000008000       0x20 ../LEDPanelApp_bsp//obj/HAL/src/crt0.o
                0x0000000000008000                __reset

.exceptions     0x0000000000008020      0x1a0
                0x0000000000008020                PROVIDE (__ram_exceptions_start, ABSOLUTE (.))
                0x0000000000008020                . = ALIGN (0x20)
 *(.irq)
 *(.exceptions.entry.label)
 .exceptions.entry.label
                0x0000000000008020        0x0 ../LEDPanelApp_bsp/\libhal_bsp.a(alt_irq_entry.o)
                0x0000000000008020                alt_irq_entry
 .exceptions.entry.label
                0x0000000000008020        0x0 ../LEDPanelApp_bsp/\libhal_bsp.a(alt_exception_entry.o)
                0x0000000000008020                alt_exception
 *(.exceptions.entry.user)
 *(.exceptions.entry.ecc_fatal)
 *(.exceptions.entry)
 .exceptions.entry
                0x0000000000008020       0x54 ../LEDPanelApp_bsp/\libhal_bsp.a(alt_exception_entry.o)
 *(.exceptions.irqtest.user)
 *(.exceptions.irqtest)
 .exceptions.irqtest
                0x0000000000008074       0x10 ../LEDPanelApp_bsp/\libhal_bsp.a(alt_irq_entry.o)
 *(.exceptions.irqhandler.user)
 *(.exceptions.irqhandler)
 .exceptions.irqhandler
                0x0000000000008084        0x4 ../LEDPanelApp_bsp/\libhal_bsp.a(alt_irq_entry.o)
 *(.exceptions.irqreturn.user)
 *(.exceptions.irqreturn)
 .exceptions.irqreturn
                0x0000000000008088        0x4 ../LEDPanelApp_bsp/\libhal_bsp.a(alt_irq_entry.o)
 *(.exceptions.notirq.label)
 .exceptions.notirq.label
                0x000000000000808c        0x0 ../LEDPanelApp_bsp/\libhal_bsp.a(alt_irq_entry.o)
 *(.exceptions.notirq.user)
 *(.exceptions.notirq)
 .exceptions.notirq
                0x000000000000808c        0x8 ../LEDPanelApp_bsp/\libhal_bsp.a(alt_exception_entry.o)
 *(.exceptions.soft.user)
 *(.exceptions.soft)
 *(.exceptions.unknown.user)
 *(.exceptions.unknown)
 .exceptions.unknown
                0x0000000000008094        0x4 ../LEDPanelApp_bsp/\libhal_bsp.a(alt_exception_entry.o)
 *(.exceptions.exit.label)
 .exceptions.exit.label
                0x0000000000008098        0x0 ../LEDPanelApp_bsp/\libhal_bsp.a(alt_irq_entry.o)
 .exceptions.exit.label
                0x0000000000008098        0x0 ../LEDPanelApp_bsp/\libhal_bsp.a(alt_exception_entry.o)
 *(.exceptions.exit.user)
 *(.exceptions.exit)
 .exceptions.exit
                0x0000000000008098       0x54 ../LEDPanelApp_bsp/\libhal_bsp.a(alt_exception_entry.o)
 *(.exceptions)
 .exceptions    0x00000000000080ec       0xd4 ../LEDPanelApp_bsp/\libhal_bsp.a(alt_irq_handler.o)
                0x00000000000080ec                alt_irq_handler
                0x00000000000081c0                PROVIDE (__ram_exceptions_end, ABSOLUTE (.))
                0x0000000000008020                PROVIDE (__flash_exceptions_start, LOADADDR (.exceptions))

.text           0x00000000000081c0     0x2730
                [!provide]                        PROVIDE (stext, ABSOLUTE (.))
 *(.interp)
 *(.hash)
 *(.dynsym)
 *(.dynstr)
 *(.gnu.version)
 *(.gnu.version_d)
 *(.gnu.version_r)
 *(.rel.init)
 *(.rela.init)
 *(.rel.text .rel.text.* .rel.gnu.linkonce.t.*)
 *(.rela.text .rela.text.* .rela.gnu.linkonce.t.*)
 *(.rel.fini)
 *(.rela.fini)
 *(.rel.rodata .rel.rodata.* .rel.gnu.linkonce.r.*)
 *(.rela.rodata .rela.rodata.* .rela.gnu.linkonce.r.*)
 *(.rel.data .rel.data.* .rel.gnu.linkonce.d.*)
 *(.rela.data .rela.data.* .rela.gnu.linkonce.d.*)
 *(.rel.tdata .rel.tdata.* .rel.gnu.linkonce.td.*)
 *(.rela.tdata .rela.tdata.* .rela.gnu.linkonce.td.*)
 *(.rel.tbss .rel.tbss.* .rel.gnu.linkonce.tb.*)
 *(.rela.tbss .rela.tbss.* .rela.gnu.linkonce.tb.*)
 *(.rel.ctors)
 *(.rela.ctors)
 *(.rel.dtors)
 *(.rela.dtors)
 *(.rel.got)
 *(.rela.got)
 *(.rel.sdata .rel.sdata.* .rel.gnu.linkonce.s.*)
 *(.rela.sdata .rela.sdata.* .rela.gnu.linkonce.s.*)
 *(.rel.sbss .rel.sbss.* .rel.gnu.linkonce.sb.*)
 *(.rela.sbss .rela.sbss.* .rela.gnu.linkonce.sb.*)
 *(.rel.sdata2 .rel.sdata2.* .rel.gnu.linkonce.s2.*)
 *(.rela.sdata2 .rela.sdata2.* .rela.gnu.linkonce.s2.*)
 *(.rel.sbss2 .rel.sbss2.* .rel.gnu.linkonce.sb2.*)
 *(.rela.sbss2 .rela.sbss2.* .rela.gnu.linkonce.sb2.*)
 *(.rel.bss .rel.bss.* .rel.gnu.linkonce.b.*)
 *(.rela.bss .rela.bss.* .rela.gnu.linkonce.b.*)
 *(.rel.plt)
 *(.rela.plt)
 *(.rel.dyn)
 *(.init)
 *(.plt)
 *(.text .stub .text.* .gnu.linkonce.t.*)
 .text          0x00000000000081c0       0x4c ../LEDPanelApp_bsp//obj/HAL/src/crt0.o
                0x00000000000081c0                _start
 .text          0x000000000000820c      0x3d4 obj/default/count_binary.o
                0x00000000000084c8                main
 .text          0x00000000000085e0      0x1b4 c:/altera_lite/16.0/nios2eds/bin/gnu/h-x86_64-mingw32/bin/../lib/gcc/nios2-elf/5.2.0\libgcc.a(lib2-divmod.o)
                0x00000000000085e0                __divsi3
                0x0000000000008664                __modsi3
                0x00000000000086d8                __udivsi3
                0x000000000000873c                __umodsi3
 .text          0x0000000000008794        0x0 c:/altera_lite/16.0/nios2eds/bin/gnu/h-x86_64-mingw32/bin/../lib/gcc/nios2-elf/5.2.0/../../../../../H-x86_64-mingw32/nios2-elf/lib\libsmallc.a(lib_a-printf.o)
 .text._printf_r
                0x0000000000008794       0x3c c:/altera_lite/16.0/nios2eds/bin/gnu/h-x86_64-mingw32/bin/../lib/gcc/nios2-elf/5.2.0/../../../../../H-x86_64-mingw32/nios2-elf/lib\libsmallc.a(lib_a-printf.o)
                0x0000000000008794                _printf_r
 .text.printf   0x00000000000087d0       0x4c c:/altera_lite/16.0/nios2eds/bin/gnu/h-x86_64-mingw32/bin/../lib/gcc/nios2-elf/5.2.0/../../../../../H-x86_64-mingw32/nios2-elf/lib\libsmallc.a(lib_a-printf.o)
                0x00000000000087d0                printf
 .text          0x000000000000881c        0x0 c:/altera_lite/16.0/nios2eds/bin/gnu/h-x86_64-mingw32/bin/../lib/gcc/nios2-elf/5.2.0/../../../../../H-x86_64-mingw32/nios2-elf/lib\libsmallc.a(lib_a-putchar.o)
 .text._putchar_r
                0x000000000000881c        0x8 c:/altera_lite/16.0/nios2eds/bin/gnu/h-x86_64-mingw32/bin/../lib/gcc/nios2-elf/5.2.0/../../../../../H-x86_64-mingw32/nios2-elf/lib\libsmallc.a(lib_a-putchar.o)
                0x000000000000881c                _putchar_r
 .text.putchar  0x0000000000008824       0x1c c:/altera_lite/16.0/nios2eds/bin/gnu/h-x86_64-mingw32/bin/../lib/gcc/nios2-elf/5.2.0/../../../../../H-x86_64-mingw32/nios2-elf/lib\libsmallc.a(lib_a-putchar.o)
                0x0000000000008824                putchar
 .text          0x0000000000008840        0x0 c:/altera_lite/16.0/nios2eds/bin/gnu/h-x86_64-mingw32/bin/../lib/gcc/nios2-elf/5.2.0/../../../../../H-x86_64-mingw32/nios2-elf/lib\libsmallc.a(lib_a-puts.o)
 .text._puts_r  0x0000000000008840       0x80 c:/altera_lite/16.0/nios2eds/bin/gnu/h-x86_64-mingw32/bin/../lib/gcc/nios2-elf/5.2.0/../../../../../H-x86_64-mingw32/nios2-elf/lib\libsmallc.a(lib_a-puts.o)
                0x0000000000008840                _puts_r
 .text.puts     0x00000000000088c0       0x14 c:/altera_lite/16.0/nios2eds/bin/gnu/h-x86_64-mingw32/bin/../lib/gcc/nios2-elf/5.2.0/../../../../../H-x86_64-mingw32/nios2-elf/lib\libsmallc.a(lib_a-puts.o)
                0x00000000000088c0                puts
 .text          0x00000000000088d4        0x0 c:/altera_lite/16.0/nios2eds/bin/gnu/h-x86_64-mingw32/bin/../lib/gcc/nios2-elf/5.2.0/../../../../../H-x86_64-mingw32/nios2-elf/lib\libsmallc.a(lib_a-strlen.o)
 .text.strlen   0x00000000000088d4       0x1c c:/altera_lite/16.0/nios2eds/bin/gnu/h-x86_64-mingw32/bin/../lib/gcc/nios2-elf/5.2.0/../../../../../H-x86_64-mingw32/nios2-elf/lib\libsmallc.a(lib_a-strlen.o)
                0x00000000000088d4                strlen
 .text          0x00000000000088f0        0x0 c:/altera_lite/16.0/nios2eds/bin/gnu/h-x86_64-mingw32/bin/../lib/gcc/nios2-elf/5.2.0/../../../../../H-x86_64-mingw32/nios2-elf/lib\libsmallc.a(lib_a-vfprintf.o)
 .text.print_repeat
                0x00000000000088f0       0x6c c:/altera_lite/16.0/nios2eds/bin/gnu/h-x86_64-mingw32/bin/../lib/gcc/nios2-elf/5.2.0/../../../../../H-x86_64-mingw32/nios2-elf/lib\libsmallc.a(lib_a-vfprintf.o)
 .text.___vfprintf_internal_r
                0x000000000000895c      0x524 c:/altera_lite/16.0/nios2eds/bin/gnu/h-x86_64-mingw32/bin/../lib/gcc/nios2-elf/5.2.0/../../../../../H-x86_64-mingw32/nios2-elf/lib\libsmallc.a(lib_a-vfprintf.o)
                0x000000000000895c                ___vfprintf_internal_r
 .text.__vfprintf_internal
                0x0000000000008e80       0x1c c:/altera_lite/16.0/nios2eds/bin/gnu/h-x86_64-mingw32/bin/../lib/gcc/nios2-elf/5.2.0/../../../../../H-x86_64-mingw32/nios2-elf/lib\libsmallc.a(lib_a-vfprintf.o)
                0x0000000000008e80                __vfprintf_internal
 .text          0x0000000000008e9c        0x0 c:/altera_lite/16.0/nios2eds/bin/gnu/h-x86_64-mingw32/bin/../lib/gcc/nios2-elf/5.2.0/../../../../../H-x86_64-mingw32/nios2-elf/lib\libsmallc.a(lib_a-fvwrite_small_dev.o)
 .text.__sfvwrite_small_dev
                0x0000000000008e9c       0xb8 c:/altera_lite/16.0/nios2eds/bin/gnu/h-x86_64-mingw32/bin/../lib/gcc/nios2-elf/5.2.0/../../../../../H-x86_64-mingw32/nios2-elf/lib\libsmallc.a(lib_a-fvwrite_small_dev.o)
                0x0000000000008e9c                __sfvwrite_small_dev
 .text          0x0000000000008f54        0x0 c:/altera_lite/16.0/nios2eds/bin/gnu/h-x86_64-mingw32/bin/../lib/gcc/nios2-elf/5.2.0/../../../../../H-x86_64-mingw32/nios2-elf/lib\libsmallc.a(lib_a-impure.o)
 .text          0x0000000000008f54        0x0 c:/altera_lite/16.0/nios2eds/bin/gnu/h-x86_64-mingw32/bin/../lib/gcc/nios2-elf/5.2.0/../../../../../H-x86_64-mingw32/nios2-elf/lib\libsmallc.a(lib_a-putc.o)
 .text.putc     0x0000000000008f54       0x54 c:/altera_lite/16.0/nios2eds/bin/gnu/h-x86_64-mingw32/bin/../lib/gcc/nios2-elf/5.2.0/../../../../../H-x86_64-mingw32/nios2-elf/lib\libsmallc.a(lib_a-putc.o)
                0x0000000000008f54                putc
 .text._putc_r  0x0000000000008fa8       0x58 c:/altera_lite/16.0/nios2eds/bin/gnu/h-x86_64-mingw32/bin/../lib/gcc/nios2-elf/5.2.0/../../../../../H-x86_64-mingw32/nios2-elf/lib\libsmallc.a(lib_a-putc.o)
                0x0000000000008fa8                _putc_r
 .text          0x0000000000009000        0x0 c:/altera_lite/16.0/nios2eds/bin/gnu/h-x86_64-mingw32/bin/../lib/gcc/nios2-elf/5.2.0/../../../../../H-x86_64-mingw32/nios2-elf/lib\libsmallc.a(lib_a-writer.o)
 .text._write_r
                0x0000000000009000       0x58 c:/altera_lite/16.0/nios2eds/bin/gnu/h-x86_64-mingw32/bin/../lib/gcc/nios2-elf/5.2.0/../../../../../H-x86_64-mingw32/nios2-elf/lib\libsmallc.a(lib_a-writer.o)
                0x0000000000009000                _write_r
 .text          0x0000000000009058        0x0 c:/altera_lite/16.0/nios2eds/bin/gnu/h-x86_64-mingw32/bin/../lib/gcc/nios2-elf/5.2.0/../../../../../H-x86_64-mingw32/nios2-elf/lib\libsmallc.a(lib_a-int_errno.o)
 .text          0x0000000000009058       0xec ../LEDPanelApp_bsp/\libhal_bsp.a(alt_load.o)
                0x00000000000090c0                alt_load
 .text          0x0000000000009144       0x6c ../LEDPanelApp_bsp/\libhal_bsp.a(alt_main.o)
                0x0000000000009144                alt_main
 .text          0x00000000000091b0       0x30 ../LEDPanelApp_bsp/\libhal_bsp.a(alt_usleep.o)
                0x00000000000091b0                usleep
 .text          0x00000000000091e0      0x148 ../LEDPanelApp_bsp/\libhal_bsp.a(alt_write.o)
                0x0000000000009230                write
 .text          0x0000000000009328       0xc4 ../LEDPanelApp_bsp/\libhal_bsp.a(alt_sys_init.o)
                0x0000000000009360                alt_irq_init
                0x0000000000009398                alt_sys_init
 .text          0x00000000000093ec       0xc0 ../LEDPanelApp_bsp/\libhal_bsp.a(altera_avalon_jtag_uart_fd.o)
                0x00000000000093ec                altera_avalon_jtag_uart_read_fd
                0x000000000000944c                altera_avalon_jtag_uart_write_fd
 .text          0x00000000000094ac       0xec ../LEDPanelApp_bsp/\libhal_bsp.a(altera_avalon_jtag_uart_read.o)
                0x00000000000094ac                altera_avalon_jtag_uart_read
 .text          0x0000000000009598       0x94 ../LEDPanelApp_bsp/\libhal_bsp.a(altera_avalon_jtag_uart_write.o)
                0x0000000000009598                altera_avalon_jtag_uart_write
 .text          0x000000000000962c      0x104 ../LEDPanelApp_bsp/\libhal_bsp.a(altera_avalon_timer_sc.o)
                0x00000000000096a4                alt_avalon_timer_sc_init
 .text          0x0000000000009730      0x158 ../LEDPanelApp_bsp/\libhal_bsp.a(alt_busy_sleep.o)
                0x0000000000009730                alt_busy_sleep
 .text          0x0000000000009888      0x120 ../LEDPanelApp_bsp/\libhal_bsp.a(alt_close.o)
                0x00000000000098d8                close
 .text          0x00000000000099a8       0x48 ../LEDPanelApp_bsp/\libhal_bsp.a(alt_dcache_flush_all.o)
                0x00000000000099a8                alt_dcache_flush_all
 .text          0x00000000000099f0       0x2c ../LEDPanelApp_bsp/\libhal_bsp.a(alt_dev.o)
 .text          0x0000000000009a1c       0xf4 ../LEDPanelApp_bsp/\libhal_bsp.a(alt_dev_llist_insert.o)
                0x0000000000009a6c                alt_dev_llist_insert
 .text          0x0000000000009b10        0x0 ../LEDPanelApp_bsp/\libhal_bsp.a(alt_errno.o)
 .text          0x0000000000009b10       0x34 ../LEDPanelApp_bsp/\libhal_bsp.a(alt_icache_flush_all.o)
                0x0000000000009b10                alt_icache_flush_all
 .text          0x0000000000009b44      0x1e0 ../LEDPanelApp_bsp/\libhal_bsp.a(alt_iic.o)
                0x0000000000009b44                alt_ic_isr_register
                0x0000000000009b94                alt_ic_irq_enable
                0x0000000000009c34                alt_ic_irq_disable
                0x0000000000009cd8                alt_ic_irq_enabled
 .text          0x0000000000009d24       0xf0 ../LEDPanelApp_bsp/\libhal_bsp.a(alt_iic_isr_register.o)
                0x0000000000009d24                alt_iic_isr_register
 .text          0x0000000000009e14      0x140 ../LEDPanelApp_bsp/\libhal_bsp.a(alt_io_redirect.o)
                0x0000000000009ed8                alt_io_redirect
 .text          0x0000000000009f54        0x0 ../LEDPanelApp_bsp/\libhal_bsp.a(alt_irq_entry.o)
 .text          0x0000000000009f54        0x0 ../LEDPanelApp_bsp/\libhal_bsp.a(alt_irq_handler.o)
 .text          0x0000000000009f54        0x0 ../LEDPanelApp_bsp/\libhal_bsp.a(alt_irq_vars.o)
 .text          0x0000000000009f54      0x274 ../LEDPanelApp_bsp/\libhal_bsp.a(alt_open.o)
                0x000000000000a070                open
 .text          0x000000000000a1c8       0x64 ../LEDPanelApp_bsp/\libhal_bsp.a(alt_release_fd.o)
                0x000000000000a1c8                alt_release_fd
 .text          0x000000000000a22c      0x1a4 ../LEDPanelApp_bsp/\libhal_bsp.a(alt_tick.o)
                0x000000000000a22c                alt_alarm_stop
                0x000000000000a2c8                alt_tick
 .text          0x000000000000a3d0       0x24 ../LEDPanelApp_bsp/\libhal_bsp.a(altera_nios2_qsys_irq.o)
                0x000000000000a3d0                altera_nios2_qsys_irq_init
 .text          0x000000000000a3f4        0x0 ../LEDPanelApp_bsp/\libhal_bsp.a(alt_exception_entry.o)
 .text          0x000000000000a3f4       0x90 ../LEDPanelApp_bsp/\libhal_bsp.a(alt_find_dev.o)
                0x000000000000a3f4                alt_find_dev
 .text          0x000000000000a484      0x114 ../LEDPanelApp_bsp/\libhal_bsp.a(alt_find_file.o)
                0x000000000000a484                alt_find_file
 .text          0x000000000000a598       0xb4 ../LEDPanelApp_bsp/\libhal_bsp.a(alt_get_fd.o)
                0x000000000000a598                alt_get_fd
 .text          0x000000000000a64c       0x90 ../LEDPanelApp_bsp/\libhal_bsp.a(alt_icache_flush.o)
                0x000000000000a64c                alt_icache_flush
 .text          0x000000000000a6dc        0x0 c:/altera_lite/16.0/nios2eds/bin/gnu/h-x86_64-mingw32/bin/../lib/gcc/nios2-elf/5.2.0/../../../../../H-x86_64-mingw32/nios2-elf/lib\libsmallc.a(lib_a-exit.o)
 .text.exit     0x000000000000a6dc       0x20 c:/altera_lite/16.0/nios2eds/bin/gnu/h-x86_64-mingw32/bin/../lib/gcc/nios2-elf/5.2.0/../../../../../H-x86_64-mingw32/nios2-elf/lib\libsmallc.a(lib_a-exit.o)
                0x000000000000a6dc                exit
 .text          0x000000000000a6fc        0x0 c:/altera_lite/16.0/nios2eds/bin/gnu/h-x86_64-mingw32/bin/../lib/gcc/nios2-elf/5.2.0/../../../../../H-x86_64-mingw32/nios2-elf/lib\libsmallc.a(lib_a-memcmp.o)
 .text.memcmp   0x000000000000a6fc       0x30 c:/altera_lite/16.0/nios2eds/bin/gnu/h-x86_64-mingw32/bin/../lib/gcc/nios2-elf/5.2.0/../../../../../H-x86_64-mingw32/nios2-elf/lib\libsmallc.a(lib_a-memcmp.o)
                0x000000000000a6fc                memcmp
 .text          0x000000000000a72c        0x0 c:/altera_lite/16.0/nios2eds/bin/gnu/h-x86_64-mingw32/bin/../lib/gcc/nios2-elf/5.2.0/../../../../../H-x86_64-mingw32/nios2-elf/lib\libsmallc.a(lib_a-__call_atexit.o)
 .text.__call_exitprocs
                0x000000000000a72c      0x190 c:/altera_lite/16.0/nios2eds/bin/gnu/h-x86_64-mingw32/bin/../lib/gcc/nios2-elf/5.2.0/../../../../../H-x86_64-mingw32/nios2-elf/lib\libsmallc.a(lib_a-__call_atexit.o)
                0x000000000000a72c                __call_exitprocs
 .text          0x000000000000a8bc       0x34 ../LEDPanelApp_bsp/\libhal_bsp.a(alt_exit.o)
                0x000000000000a8bc                _exit
 *(.gnu.warning.*)
 *(.fini)
                [!provide]                        PROVIDE (__etext, ABSOLUTE (.))
                [!provide]                        PROVIDE (_etext, ABSOLUTE (.))
                [!provide]                        PROVIDE (etext, ABSOLUTE (.))
 *(.eh_frame_hdr)
                0x000000000000a8f0                . = ALIGN (0x4)
                [!provide]                        PROVIDE (__preinit_array_start, ABSOLUTE (.))
 *(.preinit_array)
                [!provide]                        PROVIDE (__preinit_array_end, ABSOLUTE (.))
                [!provide]                        PROVIDE (__init_array_start, ABSOLUTE (.))
 *(.init_array)
                [!provide]                        PROVIDE (__init_array_end, ABSOLUTE (.))
                [!provide]                        PROVIDE (__fini_array_start, ABSOLUTE (.))
 *(.fini_array)
                [!provide]                        PROVIDE (__fini_array_end, ABSOLUTE (.))
 *(.eh_frame)
 *(.gcc_except_table .gcc_except_table.*)
 *(.dynamic)
                [!provide]                        PROVIDE (__CTOR_LIST__, ABSOLUTE (.))
 *(.ctors)
 *(SORT(.ctors.*))
                [!provide]                        PROVIDE (__CTOR_END__, ABSOLUTE (.))
                [!provide]                        PROVIDE (__DTOR_LIST__, ABSOLUTE (.))
 *(.dtors)
 *(SORT(.dtors.*))
                [!provide]                        PROVIDE (__DTOR_END__, ABSOLUTE (.))
 *(.jcr)
                0x000000000000a8f0                . = ALIGN (0x4)

.rodata         0x000000000000a8f0      0x110
                0x000000000000a8f0                PROVIDE (__ram_rodata_start, ABSOLUTE (.))
                0x000000000000a8f0                . = ALIGN (0x4)
 *(.rodata .rodata.* .gnu.linkonce.r.*)
 .rodata        0x000000000000a8f0       0xdf obj/default/count_binary.o
 *fill*         0x000000000000a9cf        0x1 
 .rodata.str1.4
                0x000000000000a9d0        0x4 c:/altera_lite/16.0/nios2eds/bin/gnu/h-x86_64-mingw32/bin/../lib/gcc/nios2-elf/5.2.0/../../../../../H-x86_64-mingw32/nios2-elf/lib\libsmallc.a(lib_a-puts.o)
                                          0x2 (size before relaxing)
 .rodata        0x000000000000a9d4        0xf ../LEDPanelApp_bsp/\libhal_bsp.a(alt_main.o)
 *fill*         0x000000000000a9e3        0x1 
 .rodata        0x000000000000a9e4        0xf ../LEDPanelApp_bsp/\libhal_bsp.a(alt_sys_init.o)
 *fill*         0x000000000000a9f3        0x1 
 .rodata        0x000000000000a9f4        0xa ../LEDPanelApp_bsp/\libhal_bsp.a(alt_dev.o)
 *(.rodata1)
                0x000000000000aa00                . = ALIGN (0x4)
 *fill*         0x000000000000a9fe        0x2 
                0x000000000000aa00                PROVIDE (__ram_rodata_end, ABSOLUTE (.))
                0x000000000000a8f0                PROVIDE (__flash_rodata_start, LOADADDR (.rodata))

.rwdata         0x000000000000aa00      0x2e0 load address 0x000000000000ace0
                0x000000000000aa00                PROVIDE (__ram_rwdata_start, ABSOLUTE (.))
                0x000000000000aa00                . = ALIGN (0x4)
 *(.got.plt)
 *(.got)
 *(.data1)
 *(.data .data.* .gnu.linkonce.d.*)
 .data          0x000000000000aa00        0x0 ../LEDPanelApp_bsp//obj/HAL/src/crt0.o
 .data          0x000000000000aa00        0x0 obj/default/count_binary.o
 .data          0x000000000000aa00        0x0 c:/altera_lite/16.0/nios2eds/bin/gnu/h-x86_64-mingw32/bin/../lib/gcc/nios2-elf/5.2.0\libgcc.a(lib2-divmod.o)
 .data          0x000000000000aa00        0x0 c:/altera_lite/16.0/nios2eds/bin/gnu/h-x86_64-mingw32/bin/../lib/gcc/nios2-elf/5.2.0/../../../../../H-x86_64-mingw32/nios2-elf/lib\libsmallc.a(lib_a-printf.o)
 .data          0x000000000000aa00        0x0 c:/altera_lite/16.0/nios2eds/bin/gnu/h-x86_64-mingw32/bin/../lib/gcc/nios2-elf/5.2.0/../../../../../H-x86_64-mingw32/nios2-elf/lib\libsmallc.a(lib_a-putchar.o)
 .data          0x000000000000aa00        0x0 c:/altera_lite/16.0/nios2eds/bin/gnu/h-x86_64-mingw32/bin/../lib/gcc/nios2-elf/5.2.0/../../../../../H-x86_64-mingw32/nios2-elf/lib\libsmallc.a(lib_a-puts.o)
 .data          0x000000000000aa00        0x0 c:/altera_lite/16.0/nios2eds/bin/gnu/h-x86_64-mingw32/bin/../lib/gcc/nios2-elf/5.2.0/../../../../../H-x86_64-mingw32/nios2-elf/lib\libsmallc.a(lib_a-strlen.o)
 .data          0x000000000000aa00        0x0 c:/altera_lite/16.0/nios2eds/bin/gnu/h-x86_64-mingw32/bin/../lib/gcc/nios2-elf/5.2.0/../../../../../H-x86_64-mingw32/nios2-elf/lib\libsmallc.a(lib_a-vfprintf.o)
 .data          0x000000000000aa00        0x0 c:/altera_lite/16.0/nios2eds/bin/gnu/h-x86_64-mingw32/bin/../lib/gcc/nios2-elf/5.2.0/../../../../../H-x86_64-mingw32/nios2-elf/lib\libsmallc.a(lib_a-fvwrite_small_dev.o)
 .data          0x000000000000aa00        0x0 c:/altera_lite/16.0/nios2eds/bin/gnu/h-x86_64-mingw32/bin/../lib/gcc/nios2-elf/5.2.0/../../../../../H-x86_64-mingw32/nios2-elf/lib\libsmallc.a(lib_a-impure.o)
 .data.impure_data
                0x000000000000aa00       0xe0 c:/altera_lite/16.0/nios2eds/bin/gnu/h-x86_64-mingw32/bin/../lib/gcc/nios2-elf/5.2.0/../../../../../H-x86_64-mingw32/nios2-elf/lib\libsmallc.a(lib_a-impure.o)
 .data          0x000000000000aae0        0x0 c:/altera_lite/16.0/nios2eds/bin/gnu/h-x86_64-mingw32/bin/../lib/gcc/nios2-elf/5.2.0/../../../../../H-x86_64-mingw32/nios2-elf/lib\libsmallc.a(lib_a-putc.o)
 .data          0x000000000000aae0        0x0 c:/altera_lite/16.0/nios2eds/bin/gnu/h-x86_64-mingw32/bin/../lib/gcc/nios2-elf/5.2.0/../../../../../H-x86_64-mingw32/nios2-elf/lib\libsmallc.a(lib_a-writer.o)
 .data          0x000000000000aae0        0x0 c:/altera_lite/16.0/nios2eds/bin/gnu/h-x86_64-mingw32/bin/../lib/gcc/nios2-elf/5.2.0/../../../../../H-x86_64-mingw32/nios2-elf/lib\libsmallc.a(lib_a-int_errno.o)
 .data          0x000000000000aae0        0x0 ../LEDPanelApp_bsp/\libhal_bsp.a(alt_load.o)
 .data          0x000000000000aae0        0x0 ../LEDPanelApp_bsp/\libhal_bsp.a(alt_main.o)
 .data          0x000000000000aae0        0x0 ../LEDPanelApp_bsp/\libhal_bsp.a(alt_usleep.o)
 .data          0x000000000000aae0        0x0 ../LEDPanelApp_bsp/\libhal_bsp.a(alt_write.o)
 .data          0x000000000000aae0       0x2c ../LEDPanelApp_bsp/\libhal_bsp.a(alt_sys_init.o)
 .data          0x000000000000ab0c        0x0 ../LEDPanelApp_bsp/\libhal_bsp.a(altera_avalon_jtag_uart_fd.o)
 .data          0x000000000000ab0c        0x0 ../LEDPanelApp_bsp/\libhal_bsp.a(altera_avalon_jtag_uart_read.o)
 .data          0x000000000000ab0c        0x0 ../LEDPanelApp_bsp/\libhal_bsp.a(altera_avalon_jtag_uart_write.o)
 .data          0x000000000000ab0c        0x0 ../LEDPanelApp_bsp/\libhal_bsp.a(altera_avalon_timer_sc.o)
 .data          0x000000000000ab0c        0x0 ../LEDPanelApp_bsp/\libhal_bsp.a(alt_busy_sleep.o)
 .data          0x000000000000ab0c        0x0 ../LEDPanelApp_bsp/\libhal_bsp.a(alt_close.o)
 .data          0x000000000000ab0c        0x0 ../LEDPanelApp_bsp/\libhal_bsp.a(alt_dcache_flush_all.o)
 .data          0x000000000000ab0c      0x1a8 ../LEDPanelApp_bsp/\libhal_bsp.a(alt_dev.o)
                0x000000000000ab0c                alt_dev_null
                0x000000000000ab34                alt_fd_list
 .data          0x000000000000acb4        0x0 ../LEDPanelApp_bsp/\libhal_bsp.a(alt_dev_llist_insert.o)
 .data          0x000000000000acb4        0x0 ../LEDPanelApp_bsp/\libhal_bsp.a(alt_errno.o)
 .data          0x000000000000acb4        0x0 ../LEDPanelApp_bsp/\libhal_bsp.a(alt_icache_flush_all.o)
 .data          0x000000000000acb4        0x0 ../LEDPanelApp_bsp/\libhal_bsp.a(alt_iic.o)
 .data          0x000000000000acb4        0x0 ../LEDPanelApp_bsp/\libhal_bsp.a(alt_iic_isr_register.o)
 .data          0x000000000000acb4        0x0 ../LEDPanelApp_bsp/\libhal_bsp.a(alt_io_redirect.o)
 .data          0x000000000000acb4        0x0 ../LEDPanelApp_bsp/\libhal_bsp.a(alt_irq_entry.o)
 .data          0x000000000000acb4        0x0 ../LEDPanelApp_bsp/\libhal_bsp.a(alt_irq_handler.o)
 .data          0x000000000000acb4        0x0 ../LEDPanelApp_bsp/\libhal_bsp.a(alt_irq_vars.o)
 .data          0x000000000000acb4        0x0 ../LEDPanelApp_bsp/\libhal_bsp.a(alt_open.o)
 .data          0x000000000000acb4        0x0 ../LEDPanelApp_bsp/\libhal_bsp.a(alt_release_fd.o)
 .data          0x000000000000acb4        0x0 ../LEDPanelApp_bsp/\libhal_bsp.a(alt_tick.o)
 .data          0x000000000000acb4        0x0 ../LEDPanelApp_bsp/\libhal_bsp.a(altera_nios2_qsys_irq.o)
 .data          0x000000000000acb4        0x0 ../LEDPanelApp_bsp/\libhal_bsp.a(alt_exception_entry.o)
 .data          0x000000000000acb4        0x0 ../LEDPanelApp_bsp/\libhal_bsp.a(alt_find_dev.o)
 .data          0x000000000000acb4        0x0 ../LEDPanelApp_bsp/\libhal_bsp.a(alt_find_file.o)
 .data          0x000000000000acb4        0x0 ../LEDPanelApp_bsp/\libhal_bsp.a(alt_get_fd.o)
 .data          0x000000000000acb4        0x0 ../LEDPanelApp_bsp/\libhal_bsp.a(alt_icache_flush.o)
 .data          0x000000000000acb4        0x0 c:/altera_lite/16.0/nios2eds/bin/gnu/h-x86_64-mingw32/bin/../lib/gcc/nios2-elf/5.2.0/../../../../../H-x86_64-mingw32/nios2-elf/lib\libsmallc.a(lib_a-exit.o)
 .data          0x000000000000acb4        0x0 c:/altera_lite/16.0/nios2eds/bin/gnu/h-x86_64-mingw32/bin/../lib/gcc/nios2-elf/5.2.0/../../../../../H-x86_64-mingw32/nios2-elf/lib\libsmallc.a(lib_a-memcmp.o)
 .data          0x000000000000acb4        0x0 c:/altera_lite/16.0/nios2eds/bin/gnu/h-x86_64-mingw32/bin/../lib/gcc/nios2-elf/5.2.0/../../../../../H-x86_64-mingw32/nios2-elf/lib\libsmallc.a(lib_a-__call_atexit.o)
 .data          0x000000000000acb4        0x0 ../LEDPanelApp_bsp/\libhal_bsp.a(alt_exit.o)
                0x0000000000012cb4                _gp = ABSOLUTE ((. + 0x8000))
                [!provide]                        PROVIDE (gp, _gp)
 *(.rwdata .rwdata.*)
 *(.sdata .sdata.* .gnu.linkonce.s.*)
 .sdata._global_impure_ptr
                0x000000000000acb4        0x4 c:/altera_lite/16.0/nios2eds/bin/gnu/h-x86_64-mingw32/bin/../lib/gcc/nios2-elf/5.2.0/../../../../../H-x86_64-mingw32/nios2-elf/lib\libsmallc.a(lib_a-impure.o)
                0x000000000000acb4                _global_impure_ptr
 .sdata._impure_ptr
                0x000000000000acb8        0x4 c:/altera_lite/16.0/nios2eds/bin/gnu/h-x86_64-mingw32/bin/../lib/gcc/nios2-elf/5.2.0/../../../../../H-x86_64-mingw32/nios2-elf/lib\libsmallc.a(lib_a-impure.o)
                0x000000000000acb8                _impure_ptr
 .sdata         0x000000000000acbc       0x14 ../LEDPanelApp_bsp/\libhal_bsp.a(alt_dev.o)
                0x000000000000acbc                alt_fs_list
                0x000000000000acc4                alt_dev_list
                0x000000000000accc                alt_max_fd
 .sdata         0x000000000000acd0        0x4 ../LEDPanelApp_bsp/\libhal_bsp.a(alt_errno.o)
                0x000000000000acd0                alt_errno
 .sdata         0x000000000000acd4        0x4 ../LEDPanelApp_bsp/\libhal_bsp.a(alt_irq_vars.o)
                0x000000000000acd4                alt_priority_mask
 .sdata         0x000000000000acd8        0x8 ../LEDPanelApp_bsp/\libhal_bsp.a(alt_tick.o)
                0x000000000000acd8                alt_alarm_list
 *(.sdata2 .sdata2.* .gnu.linkonce.s2.*)
                0x000000000000ace0                . = ALIGN (0x4)
                0x000000000000ace0                _edata = ABSOLUTE (.)
                [!provide]                        PROVIDE (edata, ABSOLUTE (.))
                0x000000000000ace0                PROVIDE (__ram_rwdata_end, ABSOLUTE (.))
                0x000000000000ace0                PROVIDE (__flash_rwdata_start, LOADADDR (.rwdata))

.bss            0x000000000000afc0      0x124
                0x000000000000afc0                __bss_start = ABSOLUTE (.)
                [!provide]                        PROVIDE (__sbss_start, ABSOLUTE (.))
                [!provide]                        PROVIDE (___sbss_start, ABSOLUTE (.))
 *(.dynsbss)
 *(.sbss .sbss.* .gnu.linkonce.sb.*)
 .sbss          0x000000000000afc0        0x1 obj/default/count_binary.o
 *fill*         0x000000000000afc1        0x3 
 .sbss          0x000000000000afc4        0x4 obj/default/count_binary.o
                0x000000000000afc4                edge_capture
 .sbss          0x000000000000afc8        0x4 c:/altera_lite/16.0/nios2eds/bin/gnu/h-x86_64-mingw32/bin/../lib/gcc/nios2-elf/5.2.0/../../../../../H-x86_64-mingw32/nios2-elf/lib\libsmallc.a(lib_a-int_errno.o)
                0x000000000000afc8                errno
 .sbss          0x000000000000afcc        0xc ../LEDPanelApp_bsp/\libhal_bsp.a(alt_main.o)
                0x000000000000afcc                alt_argc
                0x000000000000afd0                alt_argv
                0x000000000000afd4                alt_envp
 .sbss          0x000000000000afd8        0x4 ../LEDPanelApp_bsp/\libhal_bsp.a(alt_irq_vars.o)
                0x000000000000afd8                alt_irq_active
 .sbss          0x000000000000afdc        0x8 ../LEDPanelApp_bsp/\libhal_bsp.a(alt_tick.o)
                0x000000000000afdc                _alt_tick_rate
                0x000000000000afe0                _alt_nticks
 *(.sbss2 .sbss2.* .gnu.linkonce.sb2.*)
 *(.scommon)
                [!provide]                        PROVIDE (__sbss_end, ABSOLUTE (.))
                [!provide]                        PROVIDE (___sbss_end, ABSOLUTE (.))
 *(.dynbss)
 *(.bss .bss.* .gnu.linkonce.b.*)
 .bss           0x000000000000afe4        0x0 ../LEDPanelApp_bsp//obj/HAL/src/crt0.o
 .bss           0x000000000000afe4        0x0 obj/default/count_binary.o
 .bss           0x000000000000afe4        0x0 c:/altera_lite/16.0/nios2eds/bin/gnu/h-x86_64-mingw32/bin/../lib/gcc/nios2-elf/5.2.0\libgcc.a(lib2-divmod.o)
 .bss           0x000000000000afe4        0x0 c:/altera_lite/16.0/nios2eds/bin/gnu/h-x86_64-mingw32/bin/../lib/gcc/nios2-elf/5.2.0/../../../../../H-x86_64-mingw32/nios2-elf/lib\libsmallc.a(lib_a-printf.o)
 .bss           0x000000000000afe4        0x0 c:/altera_lite/16.0/nios2eds/bin/gnu/h-x86_64-mingw32/bin/../lib/gcc/nios2-elf/5.2.0/../../../../../H-x86_64-mingw32/nios2-elf/lib\libsmallc.a(lib_a-putchar.o)
 .bss           0x000000000000afe4        0x0 c:/altera_lite/16.0/nios2eds/bin/gnu/h-x86_64-mingw32/bin/../lib/gcc/nios2-elf/5.2.0/../../../../../H-x86_64-mingw32/nios2-elf/lib\libsmallc.a(lib_a-puts.o)
 .bss           0x000000000000afe4        0x0 c:/altera_lite/16.0/nios2eds/bin/gnu/h-x86_64-mingw32/bin/../lib/gcc/nios2-elf/5.2.0/../../../../../H-x86_64-mingw32/nios2-elf/lib\libsmallc.a(lib_a-strlen.o)
 .bss           0x000000000000afe4        0x0 c:/altera_lite/16.0/nios2eds/bin/gnu/h-x86_64-mingw32/bin/../lib/gcc/nios2-elf/5.2.0/../../../../../H-x86_64-mingw32/nios2-elf/lib\libsmallc.a(lib_a-vfprintf.o)
 .bss           0x000000000000afe4        0x0 c:/altera_lite/16.0/nios2eds/bin/gnu/h-x86_64-mingw32/bin/../lib/gcc/nios2-elf/5.2.0/../../../../../H-x86_64-mingw32/nios2-elf/lib\libsmallc.a(lib_a-fvwrite_small_dev.o)
 .bss           0x000000000000afe4        0x0 c:/altera_lite/16.0/nios2eds/bin/gnu/h-x86_64-mingw32/bin/../lib/gcc/nios2-elf/5.2.0/../../../../../H-x86_64-mingw32/nios2-elf/lib\libsmallc.a(lib_a-impure.o)
 .bss           0x000000000000afe4        0x0 c:/altera_lite/16.0/nios2eds/bin/gnu/h-x86_64-mingw32/bin/../lib/gcc/nios2-elf/5.2.0/../../../../../H-x86_64-mingw32/nios2-elf/lib\libsmallc.a(lib_a-putc.o)
 .bss           0x000000000000afe4        0x0 c:/altera_lite/16.0/nios2eds/bin/gnu/h-x86_64-mingw32/bin/../lib/gcc/nios2-elf/5.2.0/../../../../../H-x86_64-mingw32/nios2-elf/lib\libsmallc.a(lib_a-writer.o)
 .bss           0x000000000000afe4        0x0 c:/altera_lite/16.0/nios2eds/bin/gnu/h-x86_64-mingw32/bin/../lib/gcc/nios2-elf/5.2.0/../../../../../H-x86_64-mingw32/nios2-elf/lib\libsmallc.a(lib_a-int_errno.o)
 .bss           0x000000000000afe4        0x0 ../LEDPanelApp_bsp/\libhal_bsp.a(alt_load.o)
 .bss           0x000000000000afe4        0x0 ../LEDPanelApp_bsp/\libhal_bsp.a(alt_main.o)
 .bss           0x000000000000afe4        0x0 ../LEDPanelApp_bsp/\libhal_bsp.a(alt_usleep.o)
 .bss           0x000000000000afe4        0x0 ../LEDPanelApp_bsp/\libhal_bsp.a(alt_write.o)
 .bss           0x000000000000afe4        0x0 ../LEDPanelApp_bsp/\libhal_bsp.a(alt_sys_init.o)
 .bss           0x000000000000afe4        0x0 ../LEDPanelApp_bsp/\libhal_bsp.a(altera_avalon_jtag_uart_fd.o)
 .bss           0x000000000000afe4        0x0 ../LEDPanelApp_bsp/\libhal_bsp.a(altera_avalon_jtag_uart_read.o)
 .bss           0x000000000000afe4        0x0 ../LEDPanelApp_bsp/\libhal_bsp.a(altera_avalon_jtag_uart_write.o)
 .bss           0x000000000000afe4        0x0 ../LEDPanelApp_bsp/\libhal_bsp.a(altera_avalon_timer_sc.o)
 .bss           0x000000000000afe4        0x0 ../LEDPanelApp_bsp/\libhal_bsp.a(alt_busy_sleep.o)
 .bss           0x000000000000afe4        0x0 ../LEDPanelApp_bsp/\libhal_bsp.a(alt_close.o)
 .bss           0x000000000000afe4        0x0 ../LEDPanelApp_bsp/\libhal_bsp.a(alt_dcache_flush_all.o)
 .bss           0x000000000000afe4        0x0 ../LEDPanelApp_bsp/\libhal_bsp.a(alt_dev.o)
 .bss           0x000000000000afe4        0x0 ../LEDPanelApp_bsp/\libhal_bsp.a(alt_dev_llist_insert.o)
 .bss           0x000000000000afe4        0x0 ../LEDPanelApp_bsp/\libhal_bsp.a(alt_errno.o)
 .bss           0x000000000000afe4        0x0 ../LEDPanelApp_bsp/\libhal_bsp.a(alt_icache_flush_all.o)
 .bss           0x000000000000afe4        0x0 ../LEDPanelApp_bsp/\libhal_bsp.a(alt_iic.o)
 .bss           0x000000000000afe4        0x0 ../LEDPanelApp_bsp/\libhal_bsp.a(alt_iic_isr_register.o)
 .bss           0x000000000000afe4        0x0 ../LEDPanelApp_bsp/\libhal_bsp.a(alt_io_redirect.o)
 .bss           0x000000000000afe4        0x0 ../LEDPanelApp_bsp/\libhal_bsp.a(alt_irq_entry.o)
 .bss           0x000000000000afe4        0x0 ../LEDPanelApp_bsp/\libhal_bsp.a(alt_irq_handler.o)
 .bss           0x000000000000afe4        0x0 ../LEDPanelApp_bsp/\libhal_bsp.a(alt_irq_vars.o)
 .bss           0x000000000000afe4        0x0 ../LEDPanelApp_bsp/\libhal_bsp.a(alt_open.o)
 .bss           0x000000000000afe4        0x0 ../LEDPanelApp_bsp/\libhal_bsp.a(alt_release_fd.o)
 .bss           0x000000000000afe4        0x0 ../LEDPanelApp_bsp/\libhal_bsp.a(alt_tick.o)
 .bss           0x000000000000afe4        0x0 ../LEDPanelApp_bsp/\libhal_bsp.a(altera_nios2_qsys_irq.o)
 .bss           0x000000000000afe4        0x0 ../LEDPanelApp_bsp/\libhal_bsp.a(alt_exception_entry.o)
 .bss           0x000000000000afe4        0x0 ../LEDPanelApp_bsp/\libhal_bsp.a(alt_find_dev.o)
 .bss           0x000000000000afe4        0x0 ../LEDPanelApp_bsp/\libhal_bsp.a(alt_find_file.o)
 .bss           0x000000000000afe4        0x0 ../LEDPanelApp_bsp/\libhal_bsp.a(alt_get_fd.o)
 .bss           0x000000000000afe4        0x0 ../LEDPanelApp_bsp/\libhal_bsp.a(alt_icache_flush.o)
 .bss           0x000000000000afe4        0x0 c:/altera_lite/16.0/nios2eds/bin/gnu/h-x86_64-mingw32/bin/../lib/gcc/nios2-elf/5.2.0/../../../../../H-x86_64-mingw32/nios2-elf/lib\libsmallc.a(lib_a-exit.o)
 .bss           0x000000000000afe4        0x0 c:/altera_lite/16.0/nios2eds/bin/gnu/h-x86_64-mingw32/bin/../lib/gcc/nios2-elf/5.2.0/../../../../../H-x86_64-mingw32/nios2-elf/lib\libsmallc.a(lib_a-memcmp.o)
 .bss           0x000000000000afe4        0x0 c:/altera_lite/16.0/nios2eds/bin/gnu/h-x86_64-mingw32/bin/../lib/gcc/nios2-elf/5.2.0/../../../../../H-x86_64-mingw32/nios2-elf/lib\libsmallc.a(lib_a-__call_atexit.o)
 .bss           0x000000000000afe4        0x0 ../LEDPanelApp_bsp/\libhal_bsp.a(alt_exit.o)
 *(COMMON)
 COMMON         0x000000000000afe4      0x100 ../LEDPanelApp_bsp/\libhal_bsp.a(alt_irq_handler.o)
                0x000000000000afe4                alt_irq
                0x000000000000b0e4                . = ALIGN (0x4)
                0x000000000000b0e4                __bss_end = ABSOLUTE (.)

.onchip_memory2_0
                0x000000000000b0e4        0x0
                [!provide]                        PROVIDE (_alt_partition_onchip_memory2_0_start, ABSOLUTE (.))
 *(.onchip_memory2_0 .onchip_memory2_0. onchip_memory2_0.*)
                0x000000000000b0e4                . = ALIGN (0x4)
                [!provide]                        PROVIDE (_alt_partition_onchip_memory2_0_end, ABSOLUTE (.))
                0x000000000000b0e4                _end = ABSOLUTE (.)
                0x000000000000b0e4                end = ABSOLUTE (.)
                0x000000000000b0e4                __alt_stack_base = ABSOLUTE (.)
                [!provide]                        PROVIDE (_alt_partition_onchip_memory2_0_load_addr, LOADADDR (.onchip_memory2_0))

.stab
 *(.stab)

.stabstr
 *(.stabstr)

.stab.excl
 *(.stab.excl)

.stab.exclstr
 *(.stab.exclstr)

.stab.index
 *(.stab.index)

.stab.indexstr
 *(.stab.indexstr)

.comment        0x0000000000000000       0x23
 *(.comment)
 .comment       0x0000000000000000       0x23 obj/default/count_binary.o
                                         0x24 (size before relaxing)
 .comment       0x0000000000000023       0x24 c:/altera_lite/16.0/nios2eds/bin/gnu/h-x86_64-mingw32/bin/../lib/gcc/nios2-elf/5.2.0\libgcc.a(lib2-divmod.o)
 .comment       0x0000000000000023       0x24 c:/altera_lite/16.0/nios2eds/bin/gnu/h-x86_64-mingw32/bin/../lib/gcc/nios2-elf/5.2.0/../../../../../H-x86_64-mingw32/nios2-elf/lib\libsmallc.a(lib_a-printf.o)
 .comment       0x0000000000000023       0x24 c:/altera_lite/16.0/nios2eds/bin/gnu/h-x86_64-mingw32/bin/../lib/gcc/nios2-elf/5.2.0/../../../../../H-x86_64-mingw32/nios2-elf/lib\libsmallc.a(lib_a-putchar.o)
 .comment       0x0000000000000023       0x24 c:/altera_lite/16.0/nios2eds/bin/gnu/h-x86_64-mingw32/bin/../lib/gcc/nios2-elf/5.2.0/../../../../../H-x86_64-mingw32/nios2-elf/lib\libsmallc.a(lib_a-puts.o)
 .comment       0x0000000000000023       0x24 c:/altera_lite/16.0/nios2eds/bin/gnu/h-x86_64-mingw32/bin/../lib/gcc/nios2-elf/5.2.0/../../../../../H-x86_64-mingw32/nios2-elf/lib\libsmallc.a(lib_a-strlen.o)
 .comment       0x0000000000000023       0x24 c:/altera_lite/16.0/nios2eds/bin/gnu/h-x86_64-mingw32/bin/../lib/gcc/nios2-elf/5.2.0/../../../../../H-x86_64-mingw32/nios2-elf/lib\libsmallc.a(lib_a-vfprintf.o)
 .comment       0x0000000000000023       0x24 c:/altera_lite/16.0/nios2eds/bin/gnu/h-x86_64-mingw32/bin/../lib/gcc/nios2-elf/5.2.0/../../../../../H-x86_64-mingw32/nios2-elf/lib\libsmallc.a(lib_a-fvwrite_small_dev.o)
 .comment       0x0000000000000023       0x24 c:/altera_lite/16.0/nios2eds/bin/gnu/h-x86_64-mingw32/bin/../lib/gcc/nios2-elf/5.2.0/../../../../../H-x86_64-mingw32/nios2-elf/lib\libsmallc.a(lib_a-impure.o)
 .comment       0x0000000000000023       0x24 c:/altera_lite/16.0/nios2eds/bin/gnu/h-x86_64-mingw32/bin/../lib/gcc/nios2-elf/5.2.0/../../../../../H-x86_64-mingw32/nios2-elf/lib\libsmallc.a(lib_a-putc.o)
 .comment       0x0000000000000023       0x24 c:/altera_lite/16.0/nios2eds/bin/gnu/h-x86_64-mingw32/bin/../lib/gcc/nios2-elf/5.2.0/../../../../../H-x86_64-mingw32/nios2-elf/lib\libsmallc.a(lib_a-writer.o)
 .comment       0x0000000000000023       0x24 c:/altera_lite/16.0/nios2eds/bin/gnu/h-x86_64-mingw32/bin/../lib/gcc/nios2-elf/5.2.0/../../../../../H-x86_64-mingw32/nios2-elf/lib\libsmallc.a(lib_a-int_errno.o)
 .comment       0x0000000000000023       0x24 ../LEDPanelApp_bsp/\libhal_bsp.a(alt_load.o)
 .comment       0x0000000000000023       0x24 ../LEDPanelApp_bsp/\libhal_bsp.a(alt_main.o)
 .comment       0x0000000000000023       0x24 ../LEDPanelApp_bsp/\libhal_bsp.a(alt_usleep.o)
 .comment       0x0000000000000023       0x24 ../LEDPanelApp_bsp/\libhal_bsp.a(alt_write.o)
 .comment       0x0000000000000023       0x24 ../LEDPanelApp_bsp/\libhal_bsp.a(alt_sys_init.o)
 .comment       0x0000000000000023       0x24 ../LEDPanelApp_bsp/\libhal_bsp.a(altera_avalon_jtag_uart_fd.o)
 .comment       0x0000000000000023       0x24 ../LEDPanelApp_bsp/\libhal_bsp.a(altera_avalon_jtag_uart_read.o)
 .comment       0x0000000000000023       0x24 ../LEDPanelApp_bsp/\libhal_bsp.a(altera_avalon_jtag_uart_write.o)
 .comment       0x0000000000000023       0x24 ../LEDPanelApp_bsp/\libhal_bsp.a(altera_avalon_timer_sc.o)
 .comment       0x0000000000000023       0x24 ../LEDPanelApp_bsp/\libhal_bsp.a(alt_busy_sleep.o)
 .comment       0x0000000000000023       0x24 ../LEDPanelApp_bsp/\libhal_bsp.a(alt_close.o)
 .comment       0x0000000000000023       0x24 ../LEDPanelApp_bsp/\libhal_bsp.a(alt_dcache_flush_all.o)
 .comment       0x0000000000000023       0x24 ../LEDPanelApp_bsp/\libhal_bsp.a(alt_dev.o)
 .comment       0x0000000000000023       0x24 ../LEDPanelApp_bsp/\libhal_bsp.a(alt_dev_llist_insert.o)
 .comment       0x0000000000000023       0x24 ../LEDPanelApp_bsp/\libhal_bsp.a(alt_errno.o)
 .comment       0x0000000000000023       0x24 ../LEDPanelApp_bsp/\libhal_bsp.a(alt_icache_flush_all.o)
 .comment       0x0000000000000023       0x24 ../LEDPanelApp_bsp/\libhal_bsp.a(alt_iic.o)
 .comment       0x0000000000000023       0x24 ../LEDPanelApp_bsp/\libhal_bsp.a(alt_iic_isr_register.o)
 .comment       0x0000000000000023       0x24 ../LEDPanelApp_bsp/\libhal_bsp.a(alt_io_redirect.o)
 .comment       0x0000000000000023       0x24 ../LEDPanelApp_bsp/\libhal_bsp.a(alt_irq_handler.o)
 .comment       0x0000000000000023       0x24 ../LEDPanelApp_bsp/\libhal_bsp.a(alt_irq_vars.o)
 .comment       0x0000000000000023       0x24 ../LEDPanelApp_bsp/\libhal_bsp.a(alt_open.o)
 .comment       0x0000000000000023       0x24 ../LEDPanelApp_bsp/\libhal_bsp.a(alt_release_fd.o)
 .comment       0x0000000000000023       0x24 ../LEDPanelApp_bsp/\libhal_bsp.a(alt_tick.o)
 .comment       0x0000000000000023       0x24 ../LEDPanelApp_bsp/\libhal_bsp.a(altera_nios2_qsys_irq.o)
 .comment       0x0000000000000023       0x24 ../LEDPanelApp_bsp/\libhal_bsp.a(alt_find_dev.o)
 .comment       0x0000000000000023       0x24 ../LEDPanelApp_bsp/\libhal_bsp.a(alt_find_file.o)
 .comment       0x0000000000000023       0x24 ../LEDPanelApp_bsp/\libhal_bsp.a(alt_get_fd.o)
 .comment       0x0000000000000023       0x24 ../LEDPanelApp_bsp/\libhal_bsp.a(alt_icache_flush.o)
 .comment       0x0000000000000023       0x24 c:/altera_lite/16.0/nios2eds/bin/gnu/h-x86_64-mingw32/bin/../lib/gcc/nios2-elf/5.2.0/../../../../../H-x86_64-mingw32/nios2-elf/lib\libsmallc.a(lib_a-exit.o)
 .comment       0x0000000000000023       0x24 c:/altera_lite/16.0/nios2eds/bin/gnu/h-x86_64-mingw32/bin/../lib/gcc/nios2-elf/5.2.0/../../../../../H-x86_64-mingw32/nios2-elf/lib\libsmallc.a(lib_a-memcmp.o)
 .comment       0x0000000000000023       0x24 c:/altera_lite/16.0/nios2eds/bin/gnu/h-x86_64-mingw32/bin/../lib/gcc/nios2-elf/5.2.0/../../../../../H-x86_64-mingw32/nios2-elf/lib\libsmallc.a(lib_a-__call_atexit.o)
 .comment       0x0000000000000023       0x24 ../LEDPanelApp_bsp/\libhal_bsp.a(alt_exit.o)

.debug
 *(.debug)

.line
 *(.line)

.debug_srcinfo
 *(.debug_srcinfo)

.debug_sfnames
 *(.debug_sfnames)

.debug_aranges  0x0000000000000000      0x640
 *(.debug_aranges)
 .debug_aranges
                0x0000000000000000       0x28 ../LEDPanelApp_bsp//obj/HAL/src/crt0.o
 .debug_aranges
                0x0000000000000028       0x20 obj/default/count_binary.o
 .debug_aranges
                0x0000000000000048       0x20 c:/altera_lite/16.0/nios2eds/bin/gnu/h-x86_64-mingw32/bin/../lib/gcc/nios2-elf/5.2.0\libgcc.a(lib2-divmod.o)
 .debug_aranges
                0x0000000000000068       0x28 c:/altera_lite/16.0/nios2eds/bin/gnu/h-x86_64-mingw32/bin/../lib/gcc/nios2-elf/5.2.0/../../../../../H-x86_64-mingw32/nios2-elf/lib\libsmallc.a(lib_a-printf.o)
 .debug_aranges
                0x0000000000000090       0x28 c:/altera_lite/16.0/nios2eds/bin/gnu/h-x86_64-mingw32/bin/../lib/gcc/nios2-elf/5.2.0/../../../../../H-x86_64-mingw32/nios2-elf/lib\libsmallc.a(lib_a-putchar.o)
 .debug_aranges
                0x00000000000000b8       0x28 c:/altera_lite/16.0/nios2eds/bin/gnu/h-x86_64-mingw32/bin/../lib/gcc/nios2-elf/5.2.0/../../../../../H-x86_64-mingw32/nios2-elf/lib\libsmallc.a(lib_a-puts.o)
 .debug_aranges
                0x00000000000000e0       0x20 c:/altera_lite/16.0/nios2eds/bin/gnu/h-x86_64-mingw32/bin/../lib/gcc/nios2-elf/5.2.0/../../../../../H-x86_64-mingw32/nios2-elf/lib\libsmallc.a(lib_a-strlen.o)
 .debug_aranges
                0x0000000000000100       0x30 c:/altera_lite/16.0/nios2eds/bin/gnu/h-x86_64-mingw32/bin/../lib/gcc/nios2-elf/5.2.0/../../../../../H-x86_64-mingw32/nios2-elf/lib\libsmallc.a(lib_a-vfprintf.o)
 .debug_aranges
                0x0000000000000130       0x20 c:/altera_lite/16.0/nios2eds/bin/gnu/h-x86_64-mingw32/bin/../lib/gcc/nios2-elf/5.2.0/../../../../../H-x86_64-mingw32/nios2-elf/lib\libsmallc.a(lib_a-fvwrite_small_dev.o)
 .debug_aranges
                0x0000000000000150       0x18 c:/altera_lite/16.0/nios2eds/bin/gnu/h-x86_64-mingw32/bin/../lib/gcc/nios2-elf/5.2.0/../../../../../H-x86_64-mingw32/nios2-elf/lib\libsmallc.a(lib_a-impure.o)
 .debug_aranges
                0x0000000000000168       0x28 c:/altera_lite/16.0/nios2eds/bin/gnu/h-x86_64-mingw32/bin/../lib/gcc/nios2-elf/5.2.0/../../../../../H-x86_64-mingw32/nios2-elf/lib\libsmallc.a(lib_a-putc.o)
 .debug_aranges
                0x0000000000000190       0x20 c:/altera_lite/16.0/nios2eds/bin/gnu/h-x86_64-mingw32/bin/../lib/gcc/nios2-elf/5.2.0/../../../../../H-x86_64-mingw32/nios2-elf/lib\libsmallc.a(lib_a-writer.o)
 .debug_aranges
                0x00000000000001b0       0x18 c:/altera_lite/16.0/nios2eds/bin/gnu/h-x86_64-mingw32/bin/../lib/gcc/nios2-elf/5.2.0/../../../../../H-x86_64-mingw32/nios2-elf/lib\libsmallc.a(lib_a-int_errno.o)
 .debug_aranges
                0x00000000000001c8       0x20 ../LEDPanelApp_bsp/\libhal_bsp.a(alt_load.o)
 .debug_aranges
                0x00000000000001e8       0x20 ../LEDPanelApp_bsp/\libhal_bsp.a(alt_main.o)
 .debug_aranges
                0x0000000000000208       0x20 ../LEDPanelApp_bsp/\libhal_bsp.a(alt_usleep.o)
 .debug_aranges
                0x0000000000000228       0x20 ../LEDPanelApp_bsp/\libhal_bsp.a(alt_write.o)
 .debug_aranges
                0x0000000000000248       0x20 ../LEDPanelApp_bsp/\libhal_bsp.a(alt_sys_init.o)
 .debug_aranges
                0x0000000000000268       0x20 ../LEDPanelApp_bsp/\libhal_bsp.a(altera_avalon_jtag_uart_fd.o)
 .debug_aranges
                0x0000000000000288       0x20 ../LEDPanelApp_bsp/\libhal_bsp.a(altera_avalon_jtag_uart_read.o)
 .debug_aranges
                0x00000000000002a8       0x20 ../LEDPanelApp_bsp/\libhal_bsp.a(altera_avalon_jtag_uart_write.o)
 .debug_aranges
                0x00000000000002c8       0x20 ../LEDPanelApp_bsp/\libhal_bsp.a(altera_avalon_timer_sc.o)
 .debug_aranges
                0x00000000000002e8       0x20 ../LEDPanelApp_bsp/\libhal_bsp.a(alt_busy_sleep.o)
 .debug_aranges
                0x0000000000000308       0x20 ../LEDPanelApp_bsp/\libhal_bsp.a(alt_close.o)
 .debug_aranges
                0x0000000000000328       0x20 ../LEDPanelApp_bsp/\libhal_bsp.a(alt_dcache_flush_all.o)
 .debug_aranges
                0x0000000000000348       0x20 ../LEDPanelApp_bsp/\libhal_bsp.a(alt_dev.o)
 .debug_aranges
                0x0000000000000368       0x20 ../LEDPanelApp_bsp/\libhal_bsp.a(alt_dev_llist_insert.o)
 .debug_aranges
                0x0000000000000388       0x18 ../LEDPanelApp_bsp/\libhal_bsp.a(alt_errno.o)
 .debug_aranges
                0x00000000000003a0       0x20 ../LEDPanelApp_bsp/\libhal_bsp.a(alt_icache_flush_all.o)
 .debug_aranges
                0x00000000000003c0       0x20 ../LEDPanelApp_bsp/\libhal_bsp.a(alt_iic.o)
 .debug_aranges
                0x00000000000003e0       0x20 ../LEDPanelApp_bsp/\libhal_bsp.a(alt_iic_isr_register.o)
 .debug_aranges
                0x0000000000000400       0x20 ../LEDPanelApp_bsp/\libhal_bsp.a(alt_io_redirect.o)
 .debug_aranges
                0x0000000000000420       0x30 ../LEDPanelApp_bsp/\libhal_bsp.a(alt_irq_entry.o)
 .debug_aranges
                0x0000000000000450       0x20 ../LEDPanelApp_bsp/\libhal_bsp.a(alt_irq_handler.o)
 .debug_aranges
                0x0000000000000470       0x18 ../LEDPanelApp_bsp/\libhal_bsp.a(alt_irq_vars.o)
 .debug_aranges
                0x0000000000000488       0x20 ../LEDPanelApp_bsp/\libhal_bsp.a(alt_open.o)
 .debug_aranges
                0x00000000000004a8       0x20 ../LEDPanelApp_bsp/\libhal_bsp.a(alt_release_fd.o)
 .debug_aranges
                0x00000000000004c8       0x20 ../LEDPanelApp_bsp/\libhal_bsp.a(alt_tick.o)
 .debug_aranges
                0x00000000000004e8       0x20 ../LEDPanelApp_bsp/\libhal_bsp.a(altera_nios2_qsys_irq.o)
 .debug_aranges
                0x0000000000000508       0x38 ../LEDPanelApp_bsp/\libhal_bsp.a(alt_exception_entry.o)
 .debug_aranges
                0x0000000000000540       0x20 ../LEDPanelApp_bsp/\libhal_bsp.a(alt_find_dev.o)
 .debug_aranges
                0x0000000000000560       0x20 ../LEDPanelApp_bsp/\libhal_bsp.a(alt_find_file.o)
 .debug_aranges
                0x0000000000000580       0x20 ../LEDPanelApp_bsp/\libhal_bsp.a(alt_get_fd.o)
 .debug_aranges
                0x00000000000005a0       0x20 ../LEDPanelApp_bsp/\libhal_bsp.a(alt_icache_flush.o)
 .debug_aranges
                0x00000000000005c0       0x20 c:/altera_lite/16.0/nios2eds/bin/gnu/h-x86_64-mingw32/bin/../lib/gcc/nios2-elf/5.2.0/../../../../../H-x86_64-mingw32/nios2-elf/lib\libsmallc.a(lib_a-exit.o)
 .debug_aranges
                0x00000000000005e0       0x20 c:/altera_lite/16.0/nios2eds/bin/gnu/h-x86_64-mingw32/bin/../lib/gcc/nios2-elf/5.2.0/../../../../../H-x86_64-mingw32/nios2-elf/lib\libsmallc.a(lib_a-memcmp.o)
 .debug_aranges
                0x0000000000000600       0x20 c:/altera_lite/16.0/nios2eds/bin/gnu/h-x86_64-mingw32/bin/../lib/gcc/nios2-elf/5.2.0/../../../../../H-x86_64-mingw32/nios2-elf/lib\libsmallc.a(lib_a-__call_atexit.o)
 .debug_aranges
                0x0000000000000620       0x20 ../LEDPanelApp_bsp/\libhal_bsp.a(alt_exit.o)

.debug_pubnames
 *(.debug_pubnames)

.debug_info     0x0000000000000000     0x8fab
 *(.debug_info .gnu.linkonce.wi.*)
 .debug_info    0x0000000000000000       0x74 ../LEDPanelApp_bsp//obj/HAL/src/crt0.o
 .debug_info    0x0000000000000074      0x9e2 obj/default/count_binary.o
 .debug_info    0x0000000000000a56      0x2c3 c:/altera_lite/16.0/nios2eds/bin/gnu/h-x86_64-mingw32/bin/../lib/gcc/nios2-elf/5.2.0\libgcc.a(lib2-divmod.o)
 .debug_info    0x0000000000000d19      0x699 c:/altera_lite/16.0/nios2eds/bin/gnu/h-x86_64-mingw32/bin/../lib/gcc/nios2-elf/5.2.0/../../../../../H-x86_64-mingw32/nios2-elf/lib\libsmallc.a(lib_a-printf.o)
 .debug_info    0x00000000000013b2      0x62a c:/altera_lite/16.0/nios2eds/bin/gnu/h-x86_64-mingw32/bin/../lib/gcc/nios2-elf/5.2.0/../../../../../H-x86_64-mingw32/nios2-elf/lib\libsmallc.a(lib_a-putchar.o)
 .debug_info    0x00000000000019dc      0x66d c:/altera_lite/16.0/nios2eds/bin/gnu/h-x86_64-mingw32/bin/../lib/gcc/nios2-elf/5.2.0/../../../../../H-x86_64-mingw32/nios2-elf/lib\libsmallc.a(lib_a-puts.o)
 .debug_info    0x0000000000002049       0xc9 c:/altera_lite/16.0/nios2eds/bin/gnu/h-x86_64-mingw32/bin/../lib/gcc/nios2-elf/5.2.0/../../../../../H-x86_64-mingw32/nios2-elf/lib\libsmallc.a(lib_a-strlen.o)
 .debug_info    0x0000000000002112      0xb2b c:/altera_lite/16.0/nios2eds/bin/gnu/h-x86_64-mingw32/bin/../lib/gcc/nios2-elf/5.2.0/../../../../../H-x86_64-mingw32/nios2-elf/lib\libsmallc.a(lib_a-vfprintf.o)
 .debug_info    0x0000000000002c3d      0x62b c:/altera_lite/16.0/nios2eds/bin/gnu/h-x86_64-mingw32/bin/../lib/gcc/nios2-elf/5.2.0/../../../../../H-x86_64-mingw32/nios2-elf/lib\libsmallc.a(lib_a-fvwrite_small_dev.o)
 .debug_info    0x0000000000003268      0x5a9 c:/altera_lite/16.0/nios2eds/bin/gnu/h-x86_64-mingw32/bin/../lib/gcc/nios2-elf/5.2.0/../../../../../H-x86_64-mingw32/nios2-elf/lib\libsmallc.a(lib_a-impure.o)
 .debug_info    0x0000000000003811      0x672 c:/altera_lite/16.0/nios2eds/bin/gnu/h-x86_64-mingw32/bin/../lib/gcc/nios2-elf/5.2.0/../../../../../H-x86_64-mingw32/nios2-elf/lib\libsmallc.a(lib_a-putc.o)
 .debug_info    0x0000000000003e83      0x630 c:/altera_lite/16.0/nios2eds/bin/gnu/h-x86_64-mingw32/bin/../lib/gcc/nios2-elf/5.2.0/../../../../../H-x86_64-mingw32/nios2-elf/lib\libsmallc.a(lib_a-writer.o)
 .debug_info    0x00000000000044b3       0x8a c:/altera_lite/16.0/nios2eds/bin/gnu/h-x86_64-mingw32/bin/../lib/gcc/nios2-elf/5.2.0/../../../../../H-x86_64-mingw32/nios2-elf/lib\libsmallc.a(lib_a-int_errno.o)
 .debug_info    0x000000000000453d      0x145 ../LEDPanelApp_bsp/\libhal_bsp.a(alt_load.o)
 .debug_info    0x0000000000004682      0x131 ../LEDPanelApp_bsp/\libhal_bsp.a(alt_main.o)
 .debug_info    0x00000000000047b3       0xb0 ../LEDPanelApp_bsp/\libhal_bsp.a(alt_usleep.o)
 .debug_info    0x0000000000004863      0x4b7 ../LEDPanelApp_bsp/\libhal_bsp.a(alt_write.o)
 .debug_info    0x0000000000004d1a      0x3df ../LEDPanelApp_bsp/\libhal_bsp.a(alt_sys_init.o)
 .debug_info    0x00000000000050f9      0x3a7 ../LEDPanelApp_bsp/\libhal_bsp.a(altera_avalon_jtag_uart_fd.o)
 .debug_info    0x00000000000054a0      0x1b2 ../LEDPanelApp_bsp/\libhal_bsp.a(altera_avalon_jtag_uart_read.o)
 .debug_info    0x0000000000005652      0x195 ../LEDPanelApp_bsp/\libhal_bsp.a(altera_avalon_jtag_uart_write.o)
 .debug_info    0x00000000000057e7      0x226 ../LEDPanelApp_bsp/\libhal_bsp.a(altera_avalon_timer_sc.o)
 .debug_info    0x0000000000005a0d       0xd7 ../LEDPanelApp_bsp/\libhal_bsp.a(alt_busy_sleep.o)
 .debug_info    0x0000000000005ae4      0x321 ../LEDPanelApp_bsp/\libhal_bsp.a(alt_close.o)
 .debug_info    0x0000000000005e05       0xa5 ../LEDPanelApp_bsp/\libhal_bsp.a(alt_dcache_flush_all.o)
 .debug_info    0x0000000000005eaa      0x49c ../LEDPanelApp_bsp/\libhal_bsp.a(alt_dev.o)
 .debug_info    0x0000000000006346      0x1a9 ../LEDPanelApp_bsp/\libhal_bsp.a(alt_dev_llist_insert.o)
 .debug_info    0x00000000000064ef       0xa6 ../LEDPanelApp_bsp/\libhal_bsp.a(alt_errno.o)
 .debug_info    0x0000000000006595       0x92 ../LEDPanelApp_bsp/\libhal_bsp.a(alt_icache_flush_all.o)
 .debug_info    0x0000000000006627      0x350 ../LEDPanelApp_bsp/\libhal_bsp.a(alt_iic.o)
 .debug_info    0x0000000000006977      0x1ef ../LEDPanelApp_bsp/\libhal_bsp.a(alt_iic_isr_register.o)
 .debug_info    0x0000000000006b66      0x4a5 ../LEDPanelApp_bsp/\libhal_bsp.a(alt_io_redirect.o)
 .debug_info    0x000000000000700b       0x7d ../LEDPanelApp_bsp/\libhal_bsp.a(alt_irq_entry.o)
 .debug_info    0x0000000000007088      0x187 ../LEDPanelApp_bsp/\libhal_bsp.a(alt_irq_handler.o)
 .debug_info    0x000000000000720f       0x88 ../LEDPanelApp_bsp/\libhal_bsp.a(alt_irq_vars.o)
 .debug_info    0x0000000000007297      0x3bb ../LEDPanelApp_bsp/\libhal_bsp.a(alt_open.o)
 .debug_info    0x0000000000007652      0x2b0 ../LEDPanelApp_bsp/\libhal_bsp.a(alt_release_fd.o)
 .debug_info    0x0000000000007902      0x299 ../LEDPanelApp_bsp/\libhal_bsp.a(alt_tick.o)
 .debug_info    0x0000000000007b9b       0x92 ../LEDPanelApp_bsp/\libhal_bsp.a(altera_nios2_qsys_irq.o)
 .debug_info    0x0000000000007c2d       0x83 ../LEDPanelApp_bsp/\libhal_bsp.a(alt_exception_entry.o)
 .debug_info    0x0000000000007cb0      0x2e9 ../LEDPanelApp_bsp/\libhal_bsp.a(alt_find_dev.o)
 .debug_info    0x0000000000007f99      0x2e6 ../LEDPanelApp_bsp/\libhal_bsp.a(alt_find_file.o)
 .debug_info    0x000000000000827f      0x310 ../LEDPanelApp_bsp/\libhal_bsp.a(alt_get_fd.o)
 .debug_info    0x000000000000858f       0xdc ../LEDPanelApp_bsp/\libhal_bsp.a(alt_icache_flush.o)
 .debug_info    0x000000000000866b       0xe5 c:/altera_lite/16.0/nios2eds/bin/gnu/h-x86_64-mingw32/bin/../lib/gcc/nios2-elf/5.2.0/../../../../../H-x86_64-mingw32/nios2-elf/lib\libsmallc.a(lib_a-exit.o)
 .debug_info    0x0000000000008750       0xf4 c:/altera_lite/16.0/nios2eds/bin/gnu/h-x86_64-mingw32/bin/../lib/gcc/nios2-elf/5.2.0/../../../../../H-x86_64-mingw32/nios2-elf/lib\libsmallc.a(lib_a-memcmp.o)
 .debug_info    0x0000000000008844      0x67b c:/altera_lite/16.0/nios2eds/bin/gnu/h-x86_64-mingw32/bin/../lib/gcc/nios2-elf/5.2.0/../../../../../H-x86_64-mingw32/nios2-elf/lib\libsmallc.a(lib_a-__call_atexit.o)
 .debug_info    0x0000000000008ebf       0xec ../LEDPanelApp_bsp/\libhal_bsp.a(alt_exit.o)

.debug_abbrev   0x0000000000000000     0x2fc0
 *(.debug_abbrev)
 .debug_abbrev  0x0000000000000000       0x12 ../LEDPanelApp_bsp//obj/HAL/src/crt0.o
 .debug_abbrev  0x0000000000000012      0x259 obj/default/count_binary.o
 .debug_abbrev  0x000000000000026b      0x10e c:/altera_lite/16.0/nios2eds/bin/gnu/h-x86_64-mingw32/bin/../lib/gcc/nios2-elf/5.2.0\libgcc.a(lib2-divmod.o)
 .debug_abbrev  0x0000000000000379      0x1ee c:/altera_lite/16.0/nios2eds/bin/gnu/h-x86_64-mingw32/bin/../lib/gcc/nios2-elf/5.2.0/../../../../../H-x86_64-mingw32/nios2-elf/lib\libsmallc.a(lib_a-printf.o)
 .debug_abbrev  0x0000000000000567      0x1c0 c:/altera_lite/16.0/nios2eds/bin/gnu/h-x86_64-mingw32/bin/../lib/gcc/nios2-elf/5.2.0/../../../../../H-x86_64-mingw32/nios2-elf/lib\libsmallc.a(lib_a-putchar.o)
 .debug_abbrev  0x0000000000000727      0x1d6 c:/altera_lite/16.0/nios2eds/bin/gnu/h-x86_64-mingw32/bin/../lib/gcc/nios2-elf/5.2.0/../../../../../H-x86_64-mingw32/nios2-elf/lib\libsmallc.a(lib_a-puts.o)
 .debug_abbrev  0x00000000000008fd       0x7f c:/altera_lite/16.0/nios2eds/bin/gnu/h-x86_64-mingw32/bin/../lib/gcc/nios2-elf/5.2.0/../../../../../H-x86_64-mingw32/nios2-elf/lib\libsmallc.a(lib_a-strlen.o)
 .debug_abbrev  0x000000000000097c      0x2a1 c:/altera_lite/16.0/nios2eds/bin/gnu/h-x86_64-mingw32/bin/../lib/gcc/nios2-elf/5.2.0/../../../../../H-x86_64-mingw32/nios2-elf/lib\libsmallc.a(lib_a-vfprintf.o)
 .debug_abbrev  0x0000000000000c1d      0x1bc c:/altera_lite/16.0/nios2eds/bin/gnu/h-x86_64-mingw32/bin/../lib/gcc/nios2-elf/5.2.0/../../../../../H-x86_64-mingw32/nios2-elf/lib\libsmallc.a(lib_a-fvwrite_small_dev.o)
 .debug_abbrev  0x0000000000000dd9      0x14a c:/altera_lite/16.0/nios2eds/bin/gnu/h-x86_64-mingw32/bin/../lib/gcc/nios2-elf/5.2.0/../../../../../H-x86_64-mingw32/nios2-elf/lib\libsmallc.a(lib_a-impure.o)
 .debug_abbrev  0x0000000000000f23      0x1bd c:/altera_lite/16.0/nios2eds/bin/gnu/h-x86_64-mingw32/bin/../lib/gcc/nios2-elf/5.2.0/../../../../../H-x86_64-mingw32/nios2-elf/lib\libsmallc.a(lib_a-putc.o)
 .debug_abbrev  0x00000000000010e0      0x1a6 c:/altera_lite/16.0/nios2eds/bin/gnu/h-x86_64-mingw32/bin/../lib/gcc/nios2-elf/5.2.0/../../../../../H-x86_64-mingw32/nios2-elf/lib\libsmallc.a(lib_a-writer.o)
 .debug_abbrev  0x0000000000001286       0x37 c:/altera_lite/16.0/nios2eds/bin/gnu/h-x86_64-mingw32/bin/../lib/gcc/nios2-elf/5.2.0/../../../../../H-x86_64-mingw32/nios2-elf/lib\libsmallc.a(lib_a-int_errno.o)
 .debug_abbrev  0x00000000000012bd       0x9f ../LEDPanelApp_bsp/\libhal_bsp.a(alt_load.o)
 .debug_abbrev  0x000000000000135c       0xba ../LEDPanelApp_bsp/\libhal_bsp.a(alt_main.o)
 .debug_abbrev  0x0000000000001416       0x60 ../LEDPanelApp_bsp/\libhal_bsp.a(alt_usleep.o)
 .debug_abbrev  0x0000000000001476      0x133 ../LEDPanelApp_bsp/\libhal_bsp.a(alt_write.o)
 .debug_abbrev  0x00000000000015a9      0x157 ../LEDPanelApp_bsp/\libhal_bsp.a(alt_sys_init.o)
 .debug_abbrev  0x0000000000001700       0xf7 ../LEDPanelApp_bsp/\libhal_bsp.a(altera_avalon_jtag_uart_fd.o)
 .debug_abbrev  0x00000000000017f7       0xd5 ../LEDPanelApp_bsp/\libhal_bsp.a(altera_avalon_jtag_uart_read.o)
 .debug_abbrev  0x00000000000018cc       0xd5 ../LEDPanelApp_bsp/\libhal_bsp.a(altera_avalon_jtag_uart_write.o)
 .debug_abbrev  0x00000000000019a1      0x155 ../LEDPanelApp_bsp/\libhal_bsp.a(altera_avalon_timer_sc.o)
 .debug_abbrev  0x0000000000001af6       0x7e ../LEDPanelApp_bsp/\libhal_bsp.a(alt_busy_sleep.o)
 .debug_abbrev  0x0000000000001b74      0x11f ../LEDPanelApp_bsp/\libhal_bsp.a(alt_close.o)
 .debug_abbrev  0x0000000000001c93       0x5a ../LEDPanelApp_bsp/\libhal_bsp.a(alt_dcache_flush_all.o)
 .debug_abbrev  0x0000000000001ced       0xd9 ../LEDPanelApp_bsp/\libhal_bsp.a(alt_dev.o)
 .debug_abbrev  0x0000000000001dc6      0x114 ../LEDPanelApp_bsp/\libhal_bsp.a(alt_dev_llist_insert.o)
 .debug_abbrev  0x0000000000001eda       0x5a ../LEDPanelApp_bsp/\libhal_bsp.a(alt_errno.o)
 .debug_abbrev  0x0000000000001f34       0x42 ../LEDPanelApp_bsp/\libhal_bsp.a(alt_icache_flush_all.o)
 .debug_abbrev  0x0000000000001f76      0x163 ../LEDPanelApp_bsp/\libhal_bsp.a(alt_iic.o)
 .debug_abbrev  0x00000000000020d9      0x169 ../LEDPanelApp_bsp/\libhal_bsp.a(alt_iic_isr_register.o)
 .debug_abbrev  0x0000000000002242      0x114 ../LEDPanelApp_bsp/\libhal_bsp.a(alt_io_redirect.o)
 .debug_abbrev  0x0000000000002356       0x12 ../LEDPanelApp_bsp/\libhal_bsp.a(alt_irq_entry.o)
 .debug_abbrev  0x0000000000002368      0x122 ../LEDPanelApp_bsp/\libhal_bsp.a(alt_irq_handler.o)
 .debug_abbrev  0x000000000000248a       0x40 ../LEDPanelApp_bsp/\libhal_bsp.a(alt_irq_vars.o)
 .debug_abbrev  0x00000000000024ca      0x148 ../LEDPanelApp_bsp/\libhal_bsp.a(alt_open.o)
 .debug_abbrev  0x0000000000002612       0xde ../LEDPanelApp_bsp/\libhal_bsp.a(alt_release_fd.o)
 .debug_abbrev  0x00000000000026f0      0x15a ../LEDPanelApp_bsp/\libhal_bsp.a(alt_tick.o)
 .debug_abbrev  0x000000000000284a       0x42 ../LEDPanelApp_bsp/\libhal_bsp.a(altera_nios2_qsys_irq.o)
 .debug_abbrev  0x000000000000288c       0x12 ../LEDPanelApp_bsp/\libhal_bsp.a(alt_exception_entry.o)
 .debug_abbrev  0x000000000000289e       0xf0 ../LEDPanelApp_bsp/\libhal_bsp.a(alt_find_dev.o)
 .debug_abbrev  0x000000000000298e       0xf0 ../LEDPanelApp_bsp/\libhal_bsp.a(alt_find_file.o)
 .debug_abbrev  0x0000000000002a7e      0x10d ../LEDPanelApp_bsp/\libhal_bsp.a(alt_get_fd.o)
 .debug_abbrev  0x0000000000002b8b       0x8c ../LEDPanelApp_bsp/\libhal_bsp.a(alt_icache_flush.o)
 .debug_abbrev  0x0000000000002c17       0x8b c:/altera_lite/16.0/nios2eds/bin/gnu/h-x86_64-mingw32/bin/../lib/gcc/nios2-elf/5.2.0/../../../../../H-x86_64-mingw32/nios2-elf/lib\libsmallc.a(lib_a-exit.o)
 .debug_abbrev  0x0000000000002ca2       0x7f c:/altera_lite/16.0/nios2eds/bin/gnu/h-x86_64-mingw32/bin/../lib/gcc/nios2-elf/5.2.0/../../../../../H-x86_64-mingw32/nios2-elf/lib\libsmallc.a(lib_a-memcmp.o)
 .debug_abbrev  0x0000000000002d21      0x1f6 c:/altera_lite/16.0/nios2eds/bin/gnu/h-x86_64-mingw32/bin/../lib/gcc/nios2-elf/5.2.0/../../../../../H-x86_64-mingw32/nios2-elf/lib\libsmallc.a(lib_a-__call_atexit.o)
 .debug_abbrev  0x0000000000002f17       0xa9 ../LEDPanelApp_bsp/\libhal_bsp.a(alt_exit.o)

.debug_line     0x0000000000000000     0x33ab
 *(.debug_line)
 .debug_line    0x0000000000000000       0x72 ../LEDPanelApp_bsp//obj/HAL/src/crt0.o
 .debug_line    0x0000000000000072      0x208 obj/default/count_binary.o
 .debug_line    0x000000000000027a      0x102 c:/altera_lite/16.0/nios2eds/bin/gnu/h-x86_64-mingw32/bin/../lib/gcc/nios2-elf/5.2.0\libgcc.a(lib2-divmod.o)
 .debug_line    0x000000000000037c      0x200 c:/altera_lite/16.0/nios2eds/bin/gnu/h-x86_64-mingw32/bin/../lib/gcc/nios2-elf/5.2.0/../../../../../H-x86_64-mingw32/nios2-elf/lib\libsmallc.a(lib_a-printf.o)
 .debug_line    0x000000000000057c      0x1e6 c:/altera_lite/16.0/nios2eds/bin/gnu/h-x86_64-mingw32/bin/../lib/gcc/nios2-elf/5.2.0/../../../../../H-x86_64-mingw32/nios2-elf/lib\libsmallc.a(lib_a-putchar.o)
 .debug_line    0x0000000000000762      0x203 c:/altera_lite/16.0/nios2eds/bin/gnu/h-x86_64-mingw32/bin/../lib/gcc/nios2-elf/5.2.0/../../../../../H-x86_64-mingw32/nios2-elf/lib\libsmallc.a(lib_a-puts.o)
 .debug_line    0x0000000000000965      0x159 c:/altera_lite/16.0/nios2eds/bin/gnu/h-x86_64-mingw32/bin/../lib/gcc/nios2-elf/5.2.0/../../../../../H-x86_64-mingw32/nios2-elf/lib\libsmallc.a(lib_a-strlen.o)
 .debug_line    0x0000000000000abe      0x34f c:/altera_lite/16.0/nios2eds/bin/gnu/h-x86_64-mingw32/bin/../lib/gcc/nios2-elf/5.2.0/../../../../../H-x86_64-mingw32/nios2-elf/lib\libsmallc.a(lib_a-vfprintf.o)
 .debug_line    0x0000000000000e0d      0x1ed c:/altera_lite/16.0/nios2eds/bin/gnu/h-x86_64-mingw32/bin/../lib/gcc/nios2-elf/5.2.0/../../../../../H-x86_64-mingw32/nios2-elf/lib\libsmallc.a(lib_a-fvwrite_small_dev.o)
 .debug_line    0x0000000000000ffa      0x153 c:/altera_lite/16.0/nios2eds/bin/gnu/h-x86_64-mingw32/bin/../lib/gcc/nios2-elf/5.2.0/../../../../../H-x86_64-mingw32/nios2-elf/lib\libsmallc.a(lib_a-impure.o)
 .debug_line    0x000000000000114d      0x1ff c:/altera_lite/16.0/nios2eds/bin/gnu/h-x86_64-mingw32/bin/../lib/gcc/nios2-elf/5.2.0/../../../../../H-x86_64-mingw32/nios2-elf/lib\libsmallc.a(lib_a-putc.o)
 .debug_line    0x000000000000134c      0x1ea c:/altera_lite/16.0/nios2eds/bin/gnu/h-x86_64-mingw32/bin/../lib/gcc/nios2-elf/5.2.0/../../../../../H-x86_64-mingw32/nios2-elf/lib\libsmallc.a(lib_a-writer.o)
 .debug_line    0x0000000000001536       0x5c c:/altera_lite/16.0/nios2eds/bin/gnu/h-x86_64-mingw32/bin/../lib/gcc/nios2-elf/5.2.0/../../../../../H-x86_64-mingw32/nios2-elf/lib\libsmallc.a(lib_a-int_errno.o)
 .debug_line    0x0000000000001592       0x8e ../LEDPanelApp_bsp/\libhal_bsp.a(alt_load.o)
 .debug_line    0x0000000000001620       0x9e ../LEDPanelApp_bsp/\libhal_bsp.a(alt_main.o)
 .debug_line    0x00000000000016be       0xaa ../LEDPanelApp_bsp/\libhal_bsp.a(alt_usleep.o)
 .debug_line    0x0000000000001768      0x1d6 ../LEDPanelApp_bsp/\libhal_bsp.a(alt_write.o)
 .debug_line    0x000000000000193e      0x142 ../LEDPanelApp_bsp/\libhal_bsp.a(alt_sys_init.o)
 .debug_line    0x0000000000001a80      0x112 ../LEDPanelApp_bsp/\libhal_bsp.a(altera_avalon_jtag_uart_fd.o)
 .debug_line    0x0000000000001b92       0xfd ../LEDPanelApp_bsp/\libhal_bsp.a(altera_avalon_jtag_uart_read.o)
 .debug_line    0x0000000000001c8f       0xf4 ../LEDPanelApp_bsp/\libhal_bsp.a(altera_avalon_jtag_uart_write.o)
 .debug_line    0x0000000000001d83       0xfd ../LEDPanelApp_bsp/\libhal_bsp.a(altera_avalon_timer_sc.o)
 .debug_line    0x0000000000001e80       0xa0 ../LEDPanelApp_bsp/\libhal_bsp.a(alt_busy_sleep.o)
 .debug_line    0x0000000000001f20      0x163 ../LEDPanelApp_bsp/\libhal_bsp.a(alt_close.o)
 .debug_line    0x0000000000002083       0x61 ../LEDPanelApp_bsp/\libhal_bsp.a(alt_dcache_flush_all.o)
 .debug_line    0x00000000000020e4       0xf5 ../LEDPanelApp_bsp/\libhal_bsp.a(alt_dev.o)
 .debug_line    0x00000000000021d9       0xd0 ../LEDPanelApp_bsp/\libhal_bsp.a(alt_dev_llist_insert.o)
 .debug_line    0x00000000000022a9       0x51 ../LEDPanelApp_bsp/\libhal_bsp.a(alt_errno.o)
 .debug_line    0x00000000000022fa       0x50 ../LEDPanelApp_bsp/\libhal_bsp.a(alt_icache_flush_all.o)
 .debug_line    0x000000000000234a       0xef ../LEDPanelApp_bsp/\libhal_bsp.a(alt_iic.o)
 .debug_line    0x0000000000002439       0xdb ../LEDPanelApp_bsp/\libhal_bsp.a(alt_iic_isr_register.o)
 .debug_line    0x0000000000002514      0x130 ../LEDPanelApp_bsp/\libhal_bsp.a(alt_io_redirect.o)
 .debug_line    0x0000000000002644       0x6b ../LEDPanelApp_bsp/\libhal_bsp.a(alt_irq_entry.o)
 .debug_line    0x00000000000026af       0xaa ../LEDPanelApp_bsp/\libhal_bsp.a(alt_irq_handler.o)
 .debug_line    0x0000000000002759       0x50 ../LEDPanelApp_bsp/\libhal_bsp.a(alt_irq_vars.o)
 .debug_line    0x00000000000027a9      0x12a ../LEDPanelApp_bsp/\libhal_bsp.a(alt_open.o)
 .debug_line    0x00000000000028d3       0xae ../LEDPanelApp_bsp/\libhal_bsp.a(alt_release_fd.o)
 .debug_line    0x0000000000002981       0xff ../LEDPanelApp_bsp/\libhal_bsp.a(alt_tick.o)
 .debug_line    0x0000000000002a80       0x51 ../LEDPanelApp_bsp/\libhal_bsp.a(altera_nios2_qsys_irq.o)
 .debug_line    0x0000000000002ad1       0xab ../LEDPanelApp_bsp/\libhal_bsp.a(alt_exception_entry.o)
 .debug_line    0x0000000000002b7c       0xb5 ../LEDPanelApp_bsp/\libhal_bsp.a(alt_find_dev.o)
 .debug_line    0x0000000000002c31       0xd1 ../LEDPanelApp_bsp/\libhal_bsp.a(alt_find_file.o)
 .debug_line    0x0000000000002d02       0xd5 ../LEDPanelApp_bsp/\libhal_bsp.a(alt_get_fd.o)
 .debug_line    0x0000000000002dd7       0x81 ../LEDPanelApp_bsp/\libhal_bsp.a(alt_icache_flush.o)
 .debug_line    0x0000000000002e58      0x156 c:/altera_lite/16.0/nios2eds/bin/gnu/h-x86_64-mingw32/bin/../lib/gcc/nios2-elf/5.2.0/../../../../../H-x86_64-mingw32/nios2-elf/lib\libsmallc.a(lib_a-exit.o)
 .debug_line    0x0000000000002fae      0x15d c:/altera_lite/16.0/nios2eds/bin/gnu/h-x86_64-mingw32/bin/../lib/gcc/nios2-elf/5.2.0/../../../../../H-x86_64-mingw32/nios2-elf/lib\libsmallc.a(lib_a-memcmp.o)
 .debug_line    0x000000000000310b      0x22f c:/altera_lite/16.0/nios2eds/bin/gnu/h-x86_64-mingw32/bin/../lib/gcc/nios2-elf/5.2.0/../../../../../H-x86_64-mingw32/nios2-elf/lib\libsmallc.a(lib_a-__call_atexit.o)
 .debug_line    0x000000000000333a       0x71 ../LEDPanelApp_bsp/\libhal_bsp.a(alt_exit.o)

.debug_frame    0x0000000000000000      0xc94
 *(.debug_frame)
 .debug_frame   0x0000000000000000      0x134 obj/default/count_binary.o
 .debug_frame   0x0000000000000134       0x50 c:/altera_lite/16.0/nios2eds/bin/gnu/h-x86_64-mingw32/bin/../lib/gcc/nios2-elf/5.2.0\libgcc.a(lib2-divmod.o)
 .debug_frame   0x0000000000000184       0x48 c:/altera_lite/16.0/nios2eds/bin/gnu/h-x86_64-mingw32/bin/../lib/gcc/nios2-elf/5.2.0/../../../../../H-x86_64-mingw32/nios2-elf/lib\libsmallc.a(lib_a-printf.o)
 .debug_frame   0x00000000000001cc       0x30 c:/altera_lite/16.0/nios2eds/bin/gnu/h-x86_64-mingw32/bin/../lib/gcc/nios2-elf/5.2.0/../../../../../H-x86_64-mingw32/nios2-elf/lib\libsmallc.a(lib_a-putchar.o)
 .debug_frame   0x00000000000001fc       0x48 c:/altera_lite/16.0/nios2eds/bin/gnu/h-x86_64-mingw32/bin/../lib/gcc/nios2-elf/5.2.0/../../../../../H-x86_64-mingw32/nios2-elf/lib\libsmallc.a(lib_a-puts.o)
 .debug_frame   0x0000000000000244       0x20 c:/altera_lite/16.0/nios2eds/bin/gnu/h-x86_64-mingw32/bin/../lib/gcc/nios2-elf/5.2.0/../../../../../H-x86_64-mingw32/nios2-elf/lib\libsmallc.a(lib_a-strlen.o)
 .debug_frame   0x0000000000000264       0x8c c:/altera_lite/16.0/nios2eds/bin/gnu/h-x86_64-mingw32/bin/../lib/gcc/nios2-elf/5.2.0/../../../../../H-x86_64-mingw32/nios2-elf/lib\libsmallc.a(lib_a-vfprintf.o)
 .debug_frame   0x00000000000002f0       0x58 c:/altera_lite/16.0/nios2eds/bin/gnu/h-x86_64-mingw32/bin/../lib/gcc/nios2-elf/5.2.0/../../../../../H-x86_64-mingw32/nios2-elf/lib\libsmallc.a(lib_a-fvwrite_small_dev.o)
 .debug_frame   0x0000000000000348       0x50 c:/altera_lite/16.0/nios2eds/bin/gnu/h-x86_64-mingw32/bin/../lib/gcc/nios2-elf/5.2.0/../../../../../H-x86_64-mingw32/nios2-elf/lib\libsmallc.a(lib_a-putc.o)
 .debug_frame   0x0000000000000398       0x38 c:/altera_lite/16.0/nios2eds/bin/gnu/h-x86_64-mingw32/bin/../lib/gcc/nios2-elf/5.2.0/../../../../../H-x86_64-mingw32/nios2-elf/lib\libsmallc.a(lib_a-writer.o)
 .debug_frame   0x00000000000003d0       0x5c ../LEDPanelApp_bsp/\libhal_bsp.a(alt_load.o)
 .debug_frame   0x000000000000042c       0x2c ../LEDPanelApp_bsp/\libhal_bsp.a(alt_main.o)
 .debug_frame   0x0000000000000458       0x38 ../LEDPanelApp_bsp/\libhal_bsp.a(alt_usleep.o)
 .debug_frame   0x0000000000000490       0x60 ../LEDPanelApp_bsp/\libhal_bsp.a(alt_write.o)
 .debug_frame   0x00000000000004f0       0x88 ../LEDPanelApp_bsp/\libhal_bsp.a(alt_sys_init.o)
 .debug_frame   0x0000000000000578       0x60 ../LEDPanelApp_bsp/\libhal_bsp.a(altera_avalon_jtag_uart_fd.o)
 .debug_frame   0x00000000000005d8       0x34 ../LEDPanelApp_bsp/\libhal_bsp.a(altera_avalon_jtag_uart_read.o)
 .debug_frame   0x000000000000060c       0x34 ../LEDPanelApp_bsp/\libhal_bsp.a(altera_avalon_jtag_uart_write.o)
 .debug_frame   0x0000000000000640       0x60 ../LEDPanelApp_bsp/\libhal_bsp.a(altera_avalon_timer_sc.o)
 .debug_frame   0x00000000000006a0       0x38 ../LEDPanelApp_bsp/\libhal_bsp.a(alt_busy_sleep.o)
 .debug_frame   0x00000000000006d8       0x60 ../LEDPanelApp_bsp/\libhal_bsp.a(alt_close.o)
 .debug_frame   0x0000000000000738       0x34 ../LEDPanelApp_bsp/\libhal_bsp.a(alt_dcache_flush_all.o)
 .debug_frame   0x000000000000076c       0x34 ../LEDPanelApp_bsp/\libhal_bsp.a(alt_dev.o)
 .debug_frame   0x00000000000007a0       0x60 ../LEDPanelApp_bsp/\libhal_bsp.a(alt_dev_llist_insert.o)
 .debug_frame   0x0000000000000800       0x38 ../LEDPanelApp_bsp/\libhal_bsp.a(alt_icache_flush_all.o)
 .debug_frame   0x0000000000000838       0xa4 ../LEDPanelApp_bsp/\libhal_bsp.a(alt_iic.o)
 .debug_frame   0x00000000000008dc       0x38 ../LEDPanelApp_bsp/\libhal_bsp.a(alt_iic_isr_register.o)
 .debug_frame   0x0000000000000914       0x60 ../LEDPanelApp_bsp/\libhal_bsp.a(alt_io_redirect.o)
 .debug_frame   0x0000000000000974       0x38 ../LEDPanelApp_bsp/\libhal_bsp.a(alt_irq_handler.o)
 .debug_frame   0x00000000000009ac       0x84 ../LEDPanelApp_bsp/\libhal_bsp.a(alt_open.o)
 .debug_frame   0x0000000000000a30       0x34 ../LEDPanelApp_bsp/\libhal_bsp.a(alt_release_fd.o)
 .debug_frame   0x0000000000000a64       0x5c ../LEDPanelApp_bsp/\libhal_bsp.a(alt_tick.o)
 .debug_frame   0x0000000000000ac0       0x34 ../LEDPanelApp_bsp/\libhal_bsp.a(altera_nios2_qsys_irq.o)
 .debug_frame   0x0000000000000af4       0x38 ../LEDPanelApp_bsp/\libhal_bsp.a(alt_find_dev.o)
 .debug_frame   0x0000000000000b2c       0x38 ../LEDPanelApp_bsp/\libhal_bsp.a(alt_find_file.o)
 .debug_frame   0x0000000000000b64       0x34 ../LEDPanelApp_bsp/\libhal_bsp.a(alt_get_fd.o)
 .debug_frame   0x0000000000000b98       0x34 ../LEDPanelApp_bsp/\libhal_bsp.a(alt_icache_flush.o)
 .debug_frame   0x0000000000000bcc       0x28 c:/altera_lite/16.0/nios2eds/bin/gnu/h-x86_64-mingw32/bin/../lib/gcc/nios2-elf/5.2.0/../../../../../H-x86_64-mingw32/nios2-elf/lib\libsmallc.a(lib_a-exit.o)
 .debug_frame   0x0000000000000bf4       0x20 c:/altera_lite/16.0/nios2eds/bin/gnu/h-x86_64-mingw32/bin/../lib/gcc/nios2-elf/5.2.0/../../../../../H-x86_64-mingw32/nios2-elf/lib\libsmallc.a(lib_a-memcmp.o)
 .debug_frame   0x0000000000000c14       0x54 c:/altera_lite/16.0/nios2eds/bin/gnu/h-x86_64-mingw32/bin/../lib/gcc/nios2-elf/5.2.0/../../../../../H-x86_64-mingw32/nios2-elf/lib\libsmallc.a(lib_a-__call_atexit.o)
 .debug_frame   0x0000000000000c68       0x2c ../LEDPanelApp_bsp/\libhal_bsp.a(alt_exit.o)

.debug_str      0x0000000000000000     0x1a2c
 *(.debug_str)
 .debug_str     0x0000000000000000      0x4c6 obj/default/count_binary.o
                                        0x563 (size before relaxing)
 .debug_str     0x00000000000004c6      0x16d c:/altera_lite/16.0/nios2eds/bin/gnu/h-x86_64-mingw32/bin/../lib/gcc/nios2-elf/5.2.0\libgcc.a(lib2-divmod.o)
                                        0x1b8 (size before relaxing)
 .debug_str     0x0000000000000633      0x1c6 c:/altera_lite/16.0/nios2eds/bin/gnu/h-x86_64-mingw32/bin/../lib/gcc/nios2-elf/5.2.0/../../../../../H-x86_64-mingw32/nios2-elf/lib\libsmallc.a(lib_a-printf.o)
                                        0x4ea (size before relaxing)
 .debug_str     0x00000000000007f9       0x55 c:/altera_lite/16.0/nios2eds/bin/gnu/h-x86_64-mingw32/bin/../lib/gcc/nios2-elf/5.2.0/../../../../../H-x86_64-mingw32/nios2-elf/lib\libsmallc.a(lib_a-putchar.o)
                                        0x4a7 (size before relaxing)
 .debug_str     0x000000000000084e       0x60 c:/altera_lite/16.0/nios2eds/bin/gnu/h-x86_64-mingw32/bin/../lib/gcc/nios2-elf/5.2.0/../../../../../H-x86_64-mingw32/nios2-elf/lib\libsmallc.a(lib_a-puts.o)
                                        0x4b3 (size before relaxing)
 .debug_str     0x00000000000008ae       0xc4 c:/altera_lite/16.0/nios2eds/bin/gnu/h-x86_64-mingw32/bin/../lib/gcc/nios2-elf/5.2.0/../../../../../H-x86_64-mingw32/nios2-elf/lib\libsmallc.a(lib_a-strlen.o)
                                        0x1cb (size before relaxing)
 .debug_str     0x0000000000000972      0x1e9 c:/altera_lite/16.0/nios2eds/bin/gnu/h-x86_64-mingw32/bin/../lib/gcc/nios2-elf/5.2.0/../../../../../H-x86_64-mingw32/nios2-elf/lib\libsmallc.a(lib_a-vfprintf.o)
                                        0x665 (size before relaxing)
 .debug_str     0x0000000000000b5b       0x60 c:/altera_lite/16.0/nios2eds/bin/gnu/h-x86_64-mingw32/bin/../lib/gcc/nios2-elf/5.2.0/../../../../../H-x86_64-mingw32/nios2-elf/lib\libsmallc.a(lib_a-fvwrite_small_dev.o)
                                        0x4ba (size before relaxing)
 .debug_str     0x0000000000000bbb       0xe1 c:/altera_lite/16.0/nios2eds/bin/gnu/h-x86_64-mingw32/bin/../lib/gcc/nios2-elf/5.2.0/../../../../../H-x86_64-mingw32/nios2-elf/lib\libsmallc.a(lib_a-impure.o)
                                        0x4a4 (size before relaxing)
 .debug_str     0x0000000000000c9c       0x43 c:/altera_lite/16.0/nios2eds/bin/gnu/h-x86_64-mingw32/bin/../lib/gcc/nios2-elf/5.2.0/../../../../../H-x86_64-mingw32/nios2-elf/lib\libsmallc.a(lib_a-putc.o)
                                        0x4b1 (size before relaxing)
 .debug_str     0x0000000000000cdf       0x42 c:/altera_lite/16.0/nios2eds/bin/gnu/h-x86_64-mingw32/bin/../lib/gcc/nios2-elf/5.2.0/../../../../../H-x86_64-mingw32/nios2-elf/lib\libsmallc.a(lib_a-writer.o)
                                        0x49e (size before relaxing)
 .debug_str     0x0000000000000d21       0x3c c:/altera_lite/16.0/nios2eds/bin/gnu/h-x86_64-mingw32/bin/../lib/gcc/nios2-elf/5.2.0/../../../../../H-x86_64-mingw32/nios2-elf/lib\libsmallc.a(lib_a-int_errno.o)
                                        0x1be (size before relaxing)
 .debug_str     0x0000000000000d5d      0x176 ../LEDPanelApp_bsp/\libhal_bsp.a(alt_load.o)
                                        0x214 (size before relaxing)
 .debug_str     0x0000000000000ed3       0x70 ../LEDPanelApp_bsp/\libhal_bsp.a(alt_main.o)
                                        0x19f (size before relaxing)
 .debug_str     0x0000000000000f43       0x27 ../LEDPanelApp_bsp/\libhal_bsp.a(alt_usleep.o)
                                        0x14a (size before relaxing)
 .debug_str     0x0000000000000f6a      0x152 ../LEDPanelApp_bsp/\libhal_bsp.a(alt_write.o)
                                        0x2fa (size before relaxing)
 .debug_str     0x00000000000010bc      0x136 ../LEDPanelApp_bsp/\libhal_bsp.a(alt_sys_init.o)
                                        0x30c (size before relaxing)
 .debug_str     0x00000000000011f2       0x77 ../LEDPanelApp_bsp/\libhal_bsp.a(altera_avalon_jtag_uart_fd.o)
                                        0x2d7 (size before relaxing)
 .debug_str     0x0000000000001269       0x48 ../LEDPanelApp_bsp/\libhal_bsp.a(altera_avalon_jtag_uart_read.o)
                                        0x221 (size before relaxing)
 .debug_str     0x00000000000012b1       0x4a ../LEDPanelApp_bsp/\libhal_bsp.a(altera_avalon_jtag_uart_write.o)
                                        0x217 (size before relaxing)
 .debug_str     0x00000000000012fb       0xb6 ../LEDPanelApp_bsp/\libhal_bsp.a(altera_avalon_timer_sc.o)
                                        0x24d (size before relaxing)
 .debug_str     0x00000000000013b1       0x42 ../LEDPanelApp_bsp/\libhal_bsp.a(alt_busy_sleep.o)
                                        0x16d (size before relaxing)
 .debug_str     0x00000000000013f3       0x1b ../LEDPanelApp_bsp/\libhal_bsp.a(alt_close.o)
                                        0x20d (size before relaxing)
 .debug_str     0x000000000000140e       0x34 ../LEDPanelApp_bsp/\libhal_bsp.a(alt_dcache_flush_all.o)
                                        0x157 (size before relaxing)
 .debug_str     0x0000000000001442       0x50 ../LEDPanelApp_bsp/\libhal_bsp.a(alt_dev.o)
                                        0x307 (size before relaxing)
 .debug_str     0x0000000000001492       0x4b ../LEDPanelApp_bsp/\libhal_bsp.a(alt_dev_llist_insert.o)
                                        0x1ce (size before relaxing)
 .debug_str     0x00000000000014dd       0x14 ../LEDPanelApp_bsp/\libhal_bsp.a(alt_errno.o)
                                        0x147 (size before relaxing)
 .debug_str     0x00000000000014f1       0x34 ../LEDPanelApp_bsp/\libhal_bsp.a(alt_icache_flush_all.o)
                                        0x157 (size before relaxing)
 .debug_str     0x0000000000001525       0xc4 ../LEDPanelApp_bsp/\libhal_bsp.a(alt_iic.o)
                                        0x240 (size before relaxing)
 .debug_str     0x00000000000015e9       0x4c ../LEDPanelApp_bsp/\libhal_bsp.a(alt_iic_isr_register.o)
                                        0x1ea (size before relaxing)
 .debug_str     0x0000000000001635       0x56 ../LEDPanelApp_bsp/\libhal_bsp.a(alt_io_redirect.o)
                                        0x318 (size before relaxing)
 .debug_str     0x000000000000168b       0x3a ../LEDPanelApp_bsp/\libhal_bsp.a(alt_irq_handler.o)
                                        0x199 (size before relaxing)
 .debug_str     0x00000000000016c5       0x17 ../LEDPanelApp_bsp/\libhal_bsp.a(alt_irq_vars.o)
                                        0x13c (size before relaxing)
 .debug_str     0x00000000000016dc       0x2f ../LEDPanelApp_bsp/\libhal_bsp.a(alt_open.o)
                                        0x24d (size before relaxing)
 .debug_str     0x000000000000170b       0x28 ../LEDPanelApp_bsp/\libhal_bsp.a(alt_release_fd.o)
                                        0x1d5 (size before relaxing)
 .debug_str     0x0000000000001733       0x78 ../LEDPanelApp_bsp/\libhal_bsp.a(alt_tick.o)
                                        0x254 (size before relaxing)
 .debug_str     0x00000000000017ab       0x3b ../LEDPanelApp_bsp/\libhal_bsp.a(altera_nios2_qsys_irq.o)
                                        0x15e (size before relaxing)
 .debug_str     0x00000000000017e6       0x24 ../LEDPanelApp_bsp/\libhal_bsp.a(alt_find_dev.o)
                                        0x1ee (size before relaxing)
 .debug_str     0x000000000000180a       0x26 ../LEDPanelApp_bsp/\libhal_bsp.a(alt_find_file.o)
                                        0x1fc (size before relaxing)
 .debug_str     0x0000000000001830       0x30 ../LEDPanelApp_bsp/\libhal_bsp.a(alt_get_fd.o)
                                        0x21e (size before relaxing)
 .debug_str     0x0000000000001860       0x2c ../LEDPanelApp_bsp/\libhal_bsp.a(alt_icache_flush.o)
                                        0x15d (size before relaxing)
 .debug_str     0x000000000000188c       0xd3 c:/altera_lite/16.0/nios2eds/bin/gnu/h-x86_64-mingw32/bin/../lib/gcc/nios2-elf/5.2.0/../../../../../H-x86_64-mingw32/nios2-elf/lib\libsmallc.a(lib_a-exit.o)
                                        0x1d6 (size before relaxing)
 .debug_str     0x000000000000195f       0x41 c:/altera_lite/16.0/nios2eds/bin/gnu/h-x86_64-mingw32/bin/../lib/gcc/nios2-elf/5.2.0/../../../../../H-x86_64-mingw32/nios2-elf/lib\libsmallc.a(lib_a-memcmp.o)
                                        0x1c5 (size before relaxing)
 .debug_str     0x00000000000019a0       0x62 c:/altera_lite/16.0/nios2eds/bin/gnu/h-x86_64-mingw32/bin/../lib/gcc/nios2-elf/5.2.0/../../../../../H-x86_64-mingw32/nios2-elf/lib\libsmallc.a(lib_a-__call_atexit.o)
                                        0x4d1 (size before relaxing)
 .debug_str     0x0000000000001a02       0x2a ../LEDPanelApp_bsp/\libhal_bsp.a(alt_exit.o)
                                        0x153 (size before relaxing)

.debug_loc      0x0000000000000000     0x142f
 *(.debug_loc)
 .debug_loc     0x0000000000000000      0x4ae c:/altera_lite/16.0/nios2eds/bin/gnu/h-x86_64-mingw32/bin/../lib/gcc/nios2-elf/5.2.0\libgcc.a(lib2-divmod.o)
 .debug_loc     0x00000000000004ae       0xc6 c:/altera_lite/16.0/nios2eds/bin/gnu/h-x86_64-mingw32/bin/../lib/gcc/nios2-elf/5.2.0/../../../../../H-x86_64-mingw32/nios2-elf/lib\libsmallc.a(lib_a-printf.o)
 .debug_loc     0x0000000000000574       0x81 c:/altera_lite/16.0/nios2eds/bin/gnu/h-x86_64-mingw32/bin/../lib/gcc/nios2-elf/5.2.0/../../../../../H-x86_64-mingw32/nios2-elf/lib\libsmallc.a(lib_a-putchar.o)
 .debug_loc     0x00000000000005f5       0x97 c:/altera_lite/16.0/nios2eds/bin/gnu/h-x86_64-mingw32/bin/../lib/gcc/nios2-elf/5.2.0/../../../../../H-x86_64-mingw32/nios2-elf/lib\libsmallc.a(lib_a-puts.o)
 .debug_loc     0x000000000000068c       0x1e c:/altera_lite/16.0/nios2eds/bin/gnu/h-x86_64-mingw32/bin/../lib/gcc/nios2-elf/5.2.0/../../../../../H-x86_64-mingw32/nios2-elf/lib\libsmallc.a(lib_a-strlen.o)
 .debug_loc     0x00000000000006aa      0x901 c:/altera_lite/16.0/nios2eds/bin/gnu/h-x86_64-mingw32/bin/../lib/gcc/nios2-elf/5.2.0/../../../../../H-x86_64-mingw32/nios2-elf/lib\libsmallc.a(lib_a-vfprintf.o)
 .debug_loc     0x0000000000000fab      0x110 c:/altera_lite/16.0/nios2eds/bin/gnu/h-x86_64-mingw32/bin/../lib/gcc/nios2-elf/5.2.0/../../../../../H-x86_64-mingw32/nios2-elf/lib\libsmallc.a(lib_a-fvwrite_small_dev.o)
 .debug_loc     0x00000000000010bb       0xc6 c:/altera_lite/16.0/nios2eds/bin/gnu/h-x86_64-mingw32/bin/../lib/gcc/nios2-elf/5.2.0/../../../../../H-x86_64-mingw32/nios2-elf/lib\libsmallc.a(lib_a-putc.o)
 .debug_loc     0x0000000000001181       0xa5 c:/altera_lite/16.0/nios2eds/bin/gnu/h-x86_64-mingw32/bin/../lib/gcc/nios2-elf/5.2.0/../../../../../H-x86_64-mingw32/nios2-elf/lib\libsmallc.a(lib_a-writer.o)
 .debug_loc     0x0000000000001226       0x1e c:/altera_lite/16.0/nios2eds/bin/gnu/h-x86_64-mingw32/bin/../lib/gcc/nios2-elf/5.2.0/../../../../../H-x86_64-mingw32/nios2-elf/lib\libsmallc.a(lib_a-exit.o)
 .debug_loc     0x0000000000001244       0x94 c:/altera_lite/16.0/nios2eds/bin/gnu/h-x86_64-mingw32/bin/../lib/gcc/nios2-elf/5.2.0/../../../../../H-x86_64-mingw32/nios2-elf/lib\libsmallc.a(lib_a-memcmp.o)
 .debug_loc     0x00000000000012d8      0x157 c:/altera_lite/16.0/nios2eds/bin/gnu/h-x86_64-mingw32/bin/../lib/gcc/nios2-elf/5.2.0/../../../../../H-x86_64-mingw32/nios2-elf/lib\libsmallc.a(lib_a-__call_atexit.o)

.debug_macinfo
 *(.debug_macinfo)

.debug_weaknames
 *(.debug_weaknames)

.debug_funcnames
 *(.debug_funcnames)

.debug_typenames
 *(.debug_typenames)

.debug_varnames
 *(.debug_varnames)

.debug_alt_sim_info
                0x0000000000000000       0x60
 *(.debug_alt_sim_info)
 .debug_alt_sim_info
                0x0000000000000000       0x30 ../LEDPanelApp_bsp//obj/HAL/src/crt0.o
 .debug_alt_sim_info
                0x0000000000000030       0x30 ../LEDPanelApp_bsp/\libhal_bsp.a(alt_busy_sleep.o)
                0x000000000000d000                __alt_data_end = 0xd000
                0x000000000000d000                PROVIDE (__alt_stack_pointer, __alt_data_end)
                [!provide]                        PROVIDE (__alt_stack_limit, __alt_stack_base)
                [!provide]                        PROVIDE (__alt_heap_start, end)
                [!provide]                        PROVIDE (__alt_heap_limit, 0xd000)
OUTPUT(LEDPanelApp.elf elf32-littlenios2)

.debug_ranges   0x0000000000000000      0x2b8
 .debug_ranges  0x0000000000000000       0x20 ../LEDPanelApp_bsp//obj/HAL/src/crt0.o
 .debug_ranges  0x0000000000000020       0x60 c:/altera_lite/16.0/nios2eds/bin/gnu/h-x86_64-mingw32/bin/../lib/gcc/nios2-elf/5.2.0\libgcc.a(lib2-divmod.o)
 .debug_ranges  0x0000000000000080       0x18 c:/altera_lite/16.0/nios2eds/bin/gnu/h-x86_64-mingw32/bin/../lib/gcc/nios2-elf/5.2.0/../../../../../H-x86_64-mingw32/nios2-elf/lib\libsmallc.a(lib_a-printf.o)
 .debug_ranges  0x0000000000000098       0x18 c:/altera_lite/16.0/nios2eds/bin/gnu/h-x86_64-mingw32/bin/../lib/gcc/nios2-elf/5.2.0/../../../../../H-x86_64-mingw32/nios2-elf/lib\libsmallc.a(lib_a-putchar.o)
 .debug_ranges  0x00000000000000b0       0x18 c:/altera_lite/16.0/nios2eds/bin/gnu/h-x86_64-mingw32/bin/../lib/gcc/nios2-elf/5.2.0/../../../../../H-x86_64-mingw32/nios2-elf/lib\libsmallc.a(lib_a-puts.o)
 .debug_ranges  0x00000000000000c8       0x10 c:/altera_lite/16.0/nios2eds/bin/gnu/h-x86_64-mingw32/bin/../lib/gcc/nios2-elf/5.2.0/../../../../../H-x86_64-mingw32/nios2-elf/lib\libsmallc.a(lib_a-strlen.o)
 .debug_ranges  0x00000000000000d8       0xc8 c:/altera_lite/16.0/nios2eds/bin/gnu/h-x86_64-mingw32/bin/../lib/gcc/nios2-elf/5.2.0/../../../../../H-x86_64-mingw32/nios2-elf/lib\libsmallc.a(lib_a-vfprintf.o)
 .debug_ranges  0x00000000000001a0       0x28 c:/altera_lite/16.0/nios2eds/bin/gnu/h-x86_64-mingw32/bin/../lib/gcc/nios2-elf/5.2.0/../../../../../H-x86_64-mingw32/nios2-elf/lib\libsmallc.a(lib_a-fvwrite_small_dev.o)
 .debug_ranges  0x00000000000001c8       0x18 c:/altera_lite/16.0/nios2eds/bin/gnu/h-x86_64-mingw32/bin/../lib/gcc/nios2-elf/5.2.0/../../../../../H-x86_64-mingw32/nios2-elf/lib\libsmallc.a(lib_a-putc.o)
 .debug_ranges  0x00000000000001e0       0x10 c:/altera_lite/16.0/nios2eds/bin/gnu/h-x86_64-mingw32/bin/../lib/gcc/nios2-elf/5.2.0/../../../../../H-x86_64-mingw32/nios2-elf/lib\libsmallc.a(lib_a-writer.o)
 .debug_ranges  0x00000000000001f0       0x18 ../LEDPanelApp_bsp/\libhal_bsp.a(altera_avalon_jtag_uart_read.o)
 .debug_ranges  0x0000000000000208       0x28 ../LEDPanelApp_bsp/\libhal_bsp.a(alt_irq_entry.o)
 .debug_ranges  0x0000000000000230       0x10 ../LEDPanelApp_bsp/\libhal_bsp.a(alt_irq_handler.o)
 .debug_ranges  0x0000000000000240       0x30 ../LEDPanelApp_bsp/\libhal_bsp.a(alt_exception_entry.o)
 .debug_ranges  0x0000000000000270       0x10 c:/altera_lite/16.0/nios2eds/bin/gnu/h-x86_64-mingw32/bin/../lib/gcc/nios2-elf/5.2.0/../../../../../H-x86_64-mingw32/nios2-elf/lib\libsmallc.a(lib_a-exit.o)
 .debug_ranges  0x0000000000000280       0x10 c:/altera_lite/16.0/nios2eds/bin/gnu/h-x86_64-mingw32/bin/../lib/gcc/nios2-elf/5.2.0/../../../../../H-x86_64-mingw32/nios2-elf/lib\libsmallc.a(lib_a-memcmp.o)
 .debug_ranges  0x0000000000000290       0x28 c:/altera_lite/16.0/nios2eds/bin/gnu/h-x86_64-mingw32/bin/../lib/gcc/nios2-elf/5.2.0/../../../../../H-x86_64-mingw32/nios2-elf/lib\libsmallc.a(lib_a-__call_atexit.o)
